This is pdfTeX, Version 3.141592653-2.6-1.40.22 (TeX Live 2022/dev/Debian) (preloaded format=pdflatex 2026.8.25)  26 SEP 2026 09:16
entering extended mode
 restricted \write18 enabled.
 %&-line parsing enabled.
**technosignatures_40pc_v4.03.tex
(./technosignatures_40pc_v4.03.tex
LaTeX2e <2021-11-15> patch level 1
L3 programming layer <2022-01-21> (./openjournal.cls
Document Class: openjournal 
\bibbaselineskip=\skip47
(/usr/share/texlive/texmf-dist/tex/latex/revtex4-1/revtex4-1.cls
Document Class: revtex4-1 2020/09/30 4.1s (http://publish.aps.org/revtex4/ for 
documentation)
 Copyright (c) 2009 The American Physical Society.
 mailto:revtex@aps.org
 Licensed under the LPPL:
http://www.ctan.org/tex-archive/macros/latex/base/lppl.txt
 Arthur Ogawa <arthur_ogawa at sbcglobal dot net>
 Based on work by David Carlisle <david at dcarlisle.demon.co.uk>.
ltxutil[2020/09/30 4.1s utilities package (portions licensed from W. E. Baxter 
web at superscript.com)]
LaTeX Info: Redefining \@centercr on input line 346.
Class revtex4-1 Info: Repairing hyperref-unfriendly LaTeX definition of \mpfoot
note on input line 471.
Class revtex4-1 Info: Repairing broken LateX \@sect on input line 793.
\intertabularlinepenalty=\count185
\@tbpen=\count186
\@arstrutbox@hline=\box50
Class revtex4-1 Info: Repairing broken LaTeX \@xbitor on input line 1824.
Class revtex4-1 Info: Making \typeout \long on input line 2089.
ltxfront[2020/09/30 4.1s frontmatter package (AO,DPC)]
\c@affil=\count187
\c@collab=\count188
\absbox=\box51
ltxgrid[2020/09/30 4.1s page grid package (portions licensed from W. E. Baxter 
web at superscript.com)]
\c@linecount=\count189
\output@latex=\toks16
\box@size@1=\box52
\box@size@2=\box53
\@protection@box=\box54
\@topmark@saved=\toks17
\footins@saved=\box55
\footins@recovered=\box56
\column@recovered=\box57
\pagesofar=\box58
\footsofar=\box59
\pagegrid@col=\count190
Class revtex4-1 Info: Overriding \@vspace, \@vspacer, \@no@pgbk, \@newline, and
 \\  on input line 5655.
\c@part=\count191
\c@section=\count192
\c@subsection=\count193
\c@subsubsection=\count194
\c@paragraph=\count195
\c@subparagraph=\count196
\abovecaptionskip=\skip48
\belowcaptionskip=\skip49
\c@figure=\count197
\fbox@1=\box60
\c@table=\count198
\fbox@2=\box61
\c@video=\count199
\fbox@4=\box62
\@bibdataout=\write3
\widetext@top=\box63
\widetext@bot=\box64
Class revtex4-1 Info: Selecting society aps on input line 7616.
(/usr/share/texlive/texmf-dist/tex/latex/revtex4-1/aps4-1.rtx
File: aps4-1 2020/09/30 4.1s (http://publish.aps.org/revtex4/ for documentation
)
Class revtex4-1 Info: RevTeX society APS selected on input line 31.
)
Class revtex4-1 Info: Selecting journal pra on input line 7618.
Class revtex4-1 Info: APS journal PRA selected on input line 7619.

(/usr/share/texlive/texmf-dist/tex/latex/revtex4-1/aps10pt4-1.rtx
File: aps10pt4-1 2020/09/30 4.1s (http://publish.aps.org/revtex4/ for documenta
tion)
Class revtex4-1 Info: RevTeX pointsize 10pt selected on input line 30.
)
(/usr/share/texlive/texmf-dist/tex/latex/textcase/textcase.sty
Package: textcase 2019/09/14 v1.00 Text only upper/lower case changing (DPC)
)
(/usr/share/texlive/texmf-dist/tex/latex/url/url.sty
\Urlmuskip=\muskip16
Package: url 2013/09/16  ver 3.4  Verb mode for urls, etc.
)
(/usr/share/texlive/texmf-dist/tex/latex/natbib/natbib.sty
Package: natbib 2010/09/13 8.31b (PWD, AO)
\bibhang=\skip50
\bibsep=\skip51
LaTeX Info: Redefining \cite on input line 694.
\c@NAT@ctr=\count266
)
Class revtex4-1 Info: Repairing natbib's \BibitemShut on input line 7623.

(/usr/share/texlive/texmf-dist/tex/latex/revtex4-1/revsymb4-1.sty
Package: revsymb4-1 2020/09/30 4.1s (http://publish.aps.org/revtex4/ for docume
ntation)
LaTeX Info: Redefining \REV@mathfrak on input line 119.
))
(/usr/share/texlive/texmf-dist/tex/latex/base/latexsym.sty
Package: latexsym 1998/08/17 v2.2e Standard LaTeX package (lasy symbols)
\symlasy=\mathgroup4
LaTeX Font Info:    Overwriting symbol font `lasy' in version `bold'
(Font)                  U/lasy/m/n --> U/lasy/b/n on input line 52.
)
(/usr/share/texlive/texmf-dist/tex/latex/graphics/graphicx.sty
Package: graphicx 2021/09/16 v1.2d Enhanced LaTeX Graphics (DPC,SPQR)

(/usr/share/texlive/texmf-dist/tex/latex/graphics/keyval.sty
Package: keyval 2014/10/28 v1.15 key=value parser (DPC)
\KV@toks@=\toks18
)
(/usr/share/texlive/texmf-dist/tex/latex/graphics/graphics.sty
Package: graphics 2021/03/04 v1.4d Standard LaTeX Graphics (DPC,SPQR)

(/usr/share/texlive/texmf-dist/tex/latex/graphics/trig.sty
Package: trig 2021/08/11 v1.11 sin cos tan (DPC)
)
(/usr/share/texlive/texmf-dist/tex/latex/graphics-cfg/graphics.cfg
File: graphics.cfg 2016/06/04 v1.11 sample graphics configuration
)
Package graphics Info: Driver file: pdftex.def on input line 107.

(/usr/share/texlive/texmf-dist/tex/latex/graphics-def/pdftex.def
File: pdftex.def 2020/10/05 v1.2a Graphics/color driver for pdftex
))
\Gin@req@height=\dimen138
\Gin@req@width=\dimen139
)
(/usr/share/texlive/texmf-dist/tex/latex/amsfonts/amssymb.sty
Package: amssymb 2013/01/14 v3.01 AMS font symbols

(/usr/share/texlive/texmf-dist/tex/latex/amsfonts/amsfonts.sty
Package: amsfonts 2013/01/14 v3.01 Basic AMSFonts support
\@emptytoks=\toks19
\symAMSa=\mathgroup5
\symAMSb=\mathgroup6
LaTeX Font Info:    Redeclaring math symbol \hbar on input line 98.
LaTeX Font Info:    Overwriting math alphabet `\mathfrak' in version `bold'
(Font)                  U/euf/m/n --> U/euf/b/n on input line 106.
LaTeX Info: Redefining \frak on input line 111.
LaTeX Info: Redefining \Bbb on input line 113.
))
(/usr/share/texlive/texmf-dist/tex/latex/tools/longtable.sty
Package: longtable 2021-09-01 v4.17 Multi-page Table package (DPC)
\LTleft=\skip52
\LTright=\skip53
\LTpre=\skip54
\LTpost=\skip55
\LTchunksize=\count267
\LTcapwidth=\dimen140
\LT@head=\box65
\LT@firsthead=\box66
\LT@foot=\box67
\LT@lastfoot=\box68
\LT@gbox=\box69
\LT@cols=\count268
\LT@rows=\count269
\c@LT@tables=\count270
\c@LT@chunks=\count271
\LT@p@ftn=\toks20
) (./epsf.sty
This is `epsf.tex' v2.7.3 <23 July 2005>
\epsffilein=\read2
\epsfframemargin=\dimen141
\epsfframethickness=\dimen142
\epsfrsize=\dimen143
\epsftmp=\dimen144
\epsftsize=\dimen145
\epsfxsize=\dimen146
\epsfysize=\dimen147
\pspoints=\dimen148
)
\c@front@matter@foot@note=\count272
\alt@affil@toks=\toks21
\alt@affil@toks@count=\toks22
\keys@width=\skip56
\c@lastfootnote=\count273
\c@remember@figure@num=\count274
\c@remember@table@num=\count275
\bibindent=\dimen149
\plot@width=\skip57
\c@table@save=\count276
\table@note@skip=\skip58
\deluxe@table@width=\skip59
\@d@t@a=\skip60
\c@deluxe@table@num=\count277
\abovedeluxetableskip=\skip61
\belowdeluxetableskip=\skip62
\lastrowheight=\dimen150
\DT@p@ftn=\toks23
\pt@column=\count278
\pt@ncol=\count279
) (/usr/share/texlive/texmf-dist/tex/latex/base/fontenc.sty
Package: fontenc 2021/04/29 v2.0v Standard LaTeX package
)
(/usr/share/texlive/texmf-dist/tex/latex/amsmath/amsmath.sty
Package: amsmath 2021/10/15 v2.17l AMS math features
\@mathmargin=\skip63

For additional information on amsmath, use the `?' option.
(/usr/share/texlive/texmf-dist/tex/latex/amsmath/amstext.sty
Package: amstext 2021/08/26 v2.01 AMS text

(/usr/share/texlive/texmf-dist/tex/latex/amsmath/amsgen.sty
File: amsgen.sty 1999/11/30 v2.0 generic functions
\@emptytoks=\toks24
\ex@=\dimen151
)
LaTeX Info: Redefining \text on input line 28.
)
(/usr/share/texlive/texmf-dist/tex/latex/amsmath/amsbsy.sty
Package: amsbsy 1999/11/29 v1.2d Bold Symbols
\pmbraise@=\dimen152
)
(/usr/share/texlive/texmf-dist/tex/latex/amsmath/amsopn.sty
Package: amsopn 2021/08/26 v2.02 operator names
)
\inf@bad=\count280
LaTeX Info: Redefining \frac on input line 234.
\uproot@=\count281
\leftroot@=\count282
LaTeX Info: Redefining \overline on input line 399.
\classnum@=\count283
\DOTSCASE@=\count284
LaTeX Info: Redefining \ldots on input line 496.
LaTeX Info: Redefining \dots on input line 499.
LaTeX Info: Redefining \cdots on input line 620.
\Mathstrutbox@=\box70
\strutbox@=\box71
\big@size=\dimen153
LaTeX Font Info:    Redeclaring font encoding OML on input line 743.
LaTeX Font Info:    Redeclaring font encoding OMS on input line 744.
\macc@depth=\count285
\c@MaxMatrixCols=\count286
\dotsspace@=\muskip17
\c@parentequation=\count287
\dspbrk@lvl=\count288
\tag@help=\toks25
\row@=\count289
\column@=\count290
\maxfields@=\count291
\andhelp@=\toks26
\eqnshift@=\dimen154
\alignsep@=\dimen155
\tagshift@=\dimen156
\tagwidth@=\dimen157
\totwidth@=\dimen158
\lineht@=\dimen159
\@envbody=\toks27
\multlinegap=\skip64
\multlinetaggap=\skip65
\mathdisplay@stack=\toks28
LaTeX Info: Redefining \[ on input line 2938.
LaTeX Info: Redefining \] on input line 2939.
)
(/usr/share/texlive/texmf-dist/tex/latex/hyperref/hyperref.sty
Package: hyperref 2021-06-07 v7.00m Hypertext links for LaTeX

(/usr/share/texlive/texmf-dist/tex/generic/ltxcmds/ltxcmds.sty
Package: ltxcmds 2020-05-10 v1.25 LaTeX kernel commands for general use (HO)
)
(/usr/share/texlive/texmf-dist/tex/generic/iftex/iftex.sty
Package: iftex 2020/03/06 v1.0d TeX engine tests
)
(/usr/share/texlive/texmf-dist/tex/generic/pdftexcmds/pdftexcmds.sty
Package: pdftexcmds 2020-06-27 v0.33 Utility functions of pdfTeX for LuaTeX (HO
)

(/usr/share/texlive/texmf-dist/tex/generic/infwarerr/infwarerr.sty
Package: infwarerr 2019/12/03 v1.5 Providing info/warning/error messages (HO)
)
Package pdftexcmds Info: \pdf@primitive is available.
Package pdftexcmds Info: \pdf@ifprimitive is available.
Package pdftexcmds Info: \pdfdraftmode found.
)
(/usr/share/texlive/texmf-dist/tex/generic/kvsetkeys/kvsetkeys.sty
Package: kvsetkeys 2019/12/15 v1.18 Key value parser (HO)
)
(/usr/share/texlive/texmf-dist/tex/generic/kvdefinekeys/kvdefinekeys.sty
Package: kvdefinekeys 2019-12-19 v1.6 Define keys (HO)
)
(/usr/share/texlive/texmf-dist/tex/generic/pdfescape/pdfescape.sty
Package: pdfescape 2019/12/09 v1.15 Implements pdfTeX's escape features (HO)
)
(/usr/share/texlive/texmf-dist/tex/latex/hycolor/hycolor.sty
Package: hycolor 2020-01-27 v1.10 Color options for hyperref/bookmark (HO)
)
(/usr/share/texlive/texmf-dist/tex/latex/letltxmacro/letltxmacro.sty
Package: letltxmacro 2019/12/03 v1.6 Let assignment for LaTeX macros (HO)
)
(/usr/share/texlive/texmf-dist/tex/latex/auxhook/auxhook.sty
Package: auxhook 2019-12-17 v1.6 Hooks for auxiliary files (HO)
)
(/usr/share/texlive/texmf-dist/tex/latex/kvoptions/kvoptions.sty
Package: kvoptions 2020-10-07 v3.14 Key value format for package options (HO)
)
\@linkdim=\dimen160
\Hy@linkcounter=\count292
\Hy@pagecounter=\count293

(/usr/share/texlive/texmf-dist/tex/latex/hyperref/pd1enc.def
File: pd1enc.def 2021-06-07 v7.00m Hyperref: PDFDocEncoding definition (HO)
Now handling font encoding PD1 ...
... no UTF-8 mapping file for font encoding PD1
)
(/usr/share/texlive/texmf-dist/tex/latex/hyperref/hyperref-langpatches.def
File: hyperref-langpatches.def 2021-06-07 v7.00m Hyperref: patches for babel la
nguages
)
(/usr/share/texlive/texmf-dist/tex/generic/intcalc/intcalc.sty
Package: intcalc 2019/12/15 v1.3 Expandable calculations with integers (HO)
)
(/usr/share/texlive/texmf-dist/tex/generic/etexcmds/etexcmds.sty
Package: etexcmds 2019/12/15 v1.7 Avoid name clashes with e-TeX commands (HO)
)
\Hy@SavedSpaceFactor=\count294

(/usr/share/texlive/texmf-dist/tex/latex/hyperref/puenc.def
File: puenc.def 2021-06-07 v7.00m Hyperref: PDF Unicode definition (HO)
Now handling font encoding PU ...
... no UTF-8 mapping file for font encoding PU
)
Package hyperref Info: Hyper figures OFF on input line 4192.
Package hyperref Info: Link nesting OFF on input line 4197.
Package hyperref Info: Hyper index ON on input line 4200.
Package hyperref Info: Plain pages OFF on input line 4207.
Package hyperref Info: Backreferencing OFF on input line 4212.
Package hyperref Info: Implicit mode ON; LaTeX internals redefined.
Package hyperref Info: Bookmarks ON on input line 4445.
LaTeX Info: Redefining \href on input line 4715.
\c@Hy@tempcnt=\count295
LaTeX Info: Redefining \url on input line 4804.
\XeTeXLinkMargin=\dimen161

(/usr/share/texlive/texmf-dist/tex/generic/bitset/bitset.sty
Package: bitset 2019/12/09 v1.3 Handle bit-vector datatype (HO)

(/usr/share/texlive/texmf-dist/tex/generic/bigintcalc/bigintcalc.sty
Package: bigintcalc 2019/12/15 v1.5 Expandable calculations on big integers (HO
)
))
\Fld@menulength=\count296
\Field@Width=\dimen162
\Fld@charsize=\dimen163
Package hyperref Info: Hyper figures OFF on input line 6076.
Package hyperref Info: Link nesting OFF on input line 6081.
Package hyperref Info: Hyper index ON on input line 6084.
Package hyperref Info: backreferencing OFF on input line 6091.
Package hyperref Info: Link coloring OFF on input line 6096.
Package hyperref Info: Link coloring with OCG OFF on input line 6101.
Package hyperref Info: PDF/A mode OFF on input line 6106.
LaTeX Info: Redefining \ref on input line 6146.
LaTeX Info: Redefining \pageref on input line 6150.

(/usr/share/texlive/texmf-dist/tex/latex/base/atbegshi-ltx.sty
Package: atbegshi-ltx 2021/01/10 v1.0c Emulation of the original atbegshi
package with kernel methods
)
\Hy@abspage=\count297
\c@Item=\count298
\c@Hfootnote=\count299
)
Package hyperref Info: Driver (autodetected): hpdftex.

(/usr/share/texlive/texmf-dist/tex/latex/hyperref/hpdftex.def
File: hpdftex.def 2021-06-07 v7.00m Hyperref driver for pdfTeX

(/usr/share/texlive/texmf-dist/tex/latex/base/atveryend-ltx.sty
Package: atveryend-ltx 2020/08/19 v1.0a Emulation of the original atveryend pac
kage
with kernel methods
)
\Fld@listcount=\count300
\c@bookmark@seq@number=\count301

(/usr/share/texlive/texmf-dist/tex/latex/rerunfilecheck/rerunfilecheck.sty
Package: rerunfilecheck 2019/12/05 v1.9 Rerun checks for auxiliary files (HO)

(/usr/share/texlive/texmf-dist/tex/generic/uniquecounter/uniquecounter.sty
Package: uniquecounter 2019/12/15 v1.4 Provide unlimited unique counter (HO)
)
Package uniquecounter Info: New unique counter `rerunfilecheck' on input line 2
86.
)
\Hy@SectionHShift=\skip66
)
(/usr/share/texlive/texmf-dist/tex/latex/tools/array.sty
Package: array 2021/10/04 v2.5f Tabular extension package (FMi)
\col@sep=\dimen164
\ar@mcellbox=\box72
\extrarowheight=\dimen165
\NC@list=\toks29
\extratabsurround=\skip67
\backup@length=\skip68
\ar@cellbox=\box73
)
(/usr/share/texlive/texmf-dist/tex/latex/booktabs/booktabs.sty
Package: booktabs 2020/01/12 v1.61803398 Publication quality tables
\heavyrulewidth=\dimen166
\lightrulewidth=\dimen167
\cmidrulewidth=\dimen168
\belowrulesep=\dimen169
\belowbottomsep=\dimen170
\aboverulesep=\dimen171
\abovetopsep=\dimen172
\cmidrulesep=\dimen173
\cmidrulekern=\dimen174
\defaultaddspace=\dimen175
\@cmidla=\count302
\@cmidlb=\count303
\@aboverulesep=\dimen176
\@belowrulesep=\dimen177
\@thisruleclass=\count304
\@lastruleclass=\count305
\@thisrulewidth=\dimen178
)
(./survey_numbers.tex) (./survey_numbers_round8.tex)
(./survey_numbers_round9.tex) (./survey_numbers_round10.tex)
(./survey_numbers_round11.tex) (./survey_numbers_round12.tex)
(./survey_numbers_round13.tex) (./survey_numbers_pointing.tex)
(./survey_numbers_round15.tex) (./survey_numbers_round16.tex)
(./survey_numbers_round17.tex) (./survey_numbers_recurrence.tex)
(./survey_numbers_round14.tex) (./survey_numbers_localnull.tex)
(./survey_numbers_round18.tex) (./survey_numbers_round19.tex)
(./survey_numbers_round20.tex) (./survey_numbers_round21.tex)
(./survey_numbers_round22.tex) (./survey_numbers_round23.tex)
(./survey_numbers_round24.tex) (./survey_numbers_round25.tex)
(./survey_numbers_round26.tex) (./survey_numbers_hd23484.tex)
(./survey_numbers_bpicctrl.tex) (./survey_numbers_round27.tex)
(./survey_numbers_round28.tex) (./survey_numbers_round29.tex)
(./survey_numbers_round30.tex) (./survey_numbers_round31.tex)
(./survey_numbers_round32.tex) (./survey_numbers_round33.tex)
(./survey_numbers_round34.tex) (./survey_numbers_round35.tex)
(./survey_numbers_round36.tex) (./survey_numbers_round37.tex)
(./survey_numbers_round38.tex) (./survey_numbers_round39.tex)
(./survey_numbers_round40.tex) (./survey_numbers_round41.tex)
(./survey_numbers_round42.tex) (./survey_numbers_round43.tex)
(./survey_numbers_round44.tex) (./survey_numbers_round45.tex)
(./survey_numbers_round46.tex) (./survey_numbers_round47.tex)
(./survey_numbers_round48.tex) (./survey_numbers_round49.tex)
(./survey_numbers_round50.tex) (./survey_numbers_round51.tex)
(./survey_numbers_round52.tex) (./survey_numbers_round53.tex)
(./survey_numbers_round54.tex) (./survey_numbers_round55.tex)
(./survey_numbers_round56.tex) (./survey_numbers_round57.tex)
(./survey_numbers_round58.tex) (./survey_numbers_round59.tex)
(./survey_numbers_round60.tex) (./survey_numbers_round61.tex)
(./survey_numbers_round62.tex) (./survey_numbers_round63.tex)
(./survey_numbers_round64.tex) (./survey_numbers_round75.tex)
(./survey_numbers_round80.tex) (./survey_numbers_round81.tex)
(./ledger_legend_v403.tex) (./survey_numbers_round77.tex)
(./survey_numbers_round78.tex) (./survey_numbers_round79.tex)
(./survey_numbers_round66.tex) (./survey_numbers_round67.tex)
(./survey_numbers_round68.tex) (./survey_numbers_round69.tex)
(./survey_numbers_round70.tex) (./survey_numbers_round71.tex)
(./survey_numbers_round73.tex) (./survey_numbers_round74.tex)
(./peff_range_v372.tex) (./regen_count.tex)
(/usr/share/texlive/texmf-dist/tex/latex/enumitem/enumitem.sty
Package: enumitem 2019/06/20 v3.9 Customized lists
\labelindent=\skip69
\enit@outerparindent=\dimen179
\enit@toks=\toks30
\enit@inbox=\box74
\enit@count@id=\count306
\enitdp@description=\count307
)
Class revtex4-1 Info: Unrecognized array package. Please update this document c
lass! (Proceeding with fingers crossed.) on input line 135.
Class revtex4-1 Info: Patching unrecognized longtable package. (Proceeding with
 fingers crossed) on input line 135.
Class revtex4-1 Info: cite was not loaded (OK!) on input line 135.
Class revtex4-1 Info: mcite was not loaded (OK!) on input line 135.
Class revtex4-1 Info: multicol was not loaded (OK!) on input line 135.

(/usr/share/texlive/texmf-dist/tex/latex/l3backend/l3backend-pdftex.def
File: l3backend-pdftex.def 2022-01-12 L3 backend support: PDF output (pdfTeX)
\l__color_backend_stack_int=\count308
\l__pdf_internal_box=\box75
)
(./technosignatures_40pc_v4.03.aux)
\openout1 = `technosignatures_40pc_v4.03.aux'.

LaTeX Font Info:    Checking defaults for OML/cmm/m/it on input line 135.
LaTeX Font Info:    ... okay on input line 135.
LaTeX Font Info:    Checking defaults for OMS/cmsy/m/n on input line 135.
LaTeX Font Info:    ... okay on input line 135.
LaTeX Font Info:    Checking defaults for OT1/cmr/m/n on input line 135.
LaTeX Font Info:    ... okay on input line 135.
LaTeX Font Info:    Checking defaults for T1/cmr/m/n on input line 135.
LaTeX Font Info:    ... okay on input line 135.
LaTeX Font Info:    Checking defaults for TS1/cmr/m/n on input line 135.
LaTeX Font Info:    ... okay on input line 135.
LaTeX Font Info:    Checking defaults for OMX/cmex/m/n on input line 135.
LaTeX Font Info:    ... okay on input line 135.
LaTeX Font Info:    Checking defaults for U/cmr/m/n on input line 135.
LaTeX Font Info:    ... okay on input line 135.
LaTeX Font Info:    Checking defaults for PD1/pdf/m/n on input line 135.
LaTeX Font Info:    ... okay on input line 135.
LaTeX Font Info:    Checking defaults for PU/pdf/m/n on input line 135.
LaTeX Font Info:    ... okay on input line 135.

(/usr/share/texlive/texmf-dist/tex/context/base/mkii/supp-pdf.mkii
[Loading MPS to PDF converter (version 2006.09.02).]
\scratchcounter=\count309
\scratchdimen=\dimen180
\scratchbox=\box76
\nofMPsegments=\count310
\nofMParguments=\count311
\everyMPshowfont=\toks31
\MPscratchCnt=\count312
\MPscratchDim=\dimen181
\MPnumerator=\count313
\makeMPintoPDFobject=\count314
\everyMPtoPDFconversion=\toks32
) (/usr/share/texlive/texmf-dist/tex/latex/epstopdf-pkg/epstopdf-base.sty
Package: epstopdf-base 2020-01-24 v2.11 Base part for package epstopdf
Package epstopdf-base Info: Redefining graphics rule for `.eps' on input line 4
85.

(/usr/share/texlive/texmf-dist/tex/latex/latexconfig/epstopdf-sys.cfg
File: epstopdf-sys.cfg 2010/07/13 v1.3 Configuration of (r)epstopdf for TeX Liv
e
))
Package hyperref Info: Link coloring OFF on input line 135.

(/usr/share/texlive/texmf-dist/tex/latex/hyperref/nameref.sty
Package: nameref 2021-04-02 v2.47 Cross-referencing by name of section

(/usr/share/texlive/texmf-dist/tex/latex/refcount/refcount.sty
Package: refcount 2019/12/15 v3.6 Data extraction from label references (HO)
)
(/usr/share/texlive/texmf-dist/tex/generic/gettitlestring/gettitlestring.sty
Package: gettitlestring 2019/12/15 v1.6 Cleanup title references (HO)
)
\c@section@level=\count315
)
LaTeX Info: Redefining \ref on input line 135.
LaTeX Info: Redefining \pageref on input line 135.
LaTeX Info: Redefining \nameref on input line 135.

(./technosignatures_40pc_v4.03.out) (./technosignatures_40pc_v4.03.out)
\@outlinefile=\write4
\openout4 = `technosignatures_40pc_v4.03.out'.

Class revtex4-1 Info: Taking \maketitle back from hyperref on input line 135.
\openout3 = `technosignatures_40pc_v4.03Notes.bib'.

LaTeX Font Info:    Trying to load font information for U+lasy on input line 15
7.

(/usr/share/texlive/texmf-dist/tex/latex/base/ulasy.fd
File: ulasy.fd 1998/08/17 v2.2e LaTeX symbol font definitions
)
LaTeX Font Info:    Trying to load font information for U+msa on input line 157
.

(/usr/share/texlive/texmf-dist/tex/latex/amsfonts/umsa.fd
File: umsa.fd 2013/01/14 v3.01 AMS symbols A
)
LaTeX Font Info:    Trying to load font information for U+msb on input line 157
.

(/usr/share/texlive/texmf-dist/tex/latex/amsfonts/umsb.fd
File: umsb.fd 2013/01/14 v3.01 AMS symbols B
)

Class revtex4-1 Warning: Assuming \noaffiliation for authors.

Class revtex4-1 Info: Enlarging page 1 by 0.0pt on input line 185.
[1{/var/lib/texmf/fonts/map/pdftex/updmap/pdftex.map}]
<figures/eirp_context_b.pdf, id=360, 307.08449pt x 177.28107pt>
File: figures/eirp_context_b.pdf Graphic file (type pdf)
<use figures/eirp_context_b.pdf>
Package pdftex.def Info: figures/eirp_context_b.pdf  used on input line 332.
(pdftex.def)             Requested size: 245.26653pt x 141.59511pt.
 [2 <./figures/eirp_context_b.pdf>]
LaTeX Font Info:    Trying to load font information for T1+cmtt on input line 4
30.
 (/usr/share/texlive/texmf-dist/tex/latex/base/t1cmtt.fd
File: t1cmtt.fd 2019/12/16 v2.5j Standard LaTeX font definitions
)
<figures/selection_funnel.pdf, id=445, 164.48651pt x 192.2382pt>
File: figures/selection_funnel.pdf Graphic file (type pdf)
<use figures/selection_funnel.pdf>
Package pdftex.def Info: figures/selection_funnel.pdf  used on input line 445.
(pdftex.def)             Requested size: 161.8768pt x 189.19pt.
 [3 <./figures/selection_funnel.pdf>]

LaTeX Warning: A float is stuck (cannot be placed) on input line 552.


LaTeX Warning: A float is stuck (cannot be placed) on input line 552.


Class revtex4-1 Warning: Deferred float stuck during \clearpage processing.

[4] [5]

LaTeX Warning: A float is stuck (cannot be placed) on input line 783.


LaTeX Warning: A float is stuck (cannot be placed) on input line 783.


Class revtex4-1 Warning: Deferred float stuck during \clearpage processing.

[6]
<figures/drift_acceleration.pdf, id=569, 245.91875pt x 168.63pt>
File: figures/drift_acceleration.pdf Graphic file (type pdf)
<use figures/drift_acceleration.pdf>
Package pdftex.def Info: figures/drift_acceleration.pdf  used on input line 908
.
(pdftex.def)             Requested size: 245.26653pt x 168.18958pt.
<figures/classa_sensitivity.pdf, id=579, 440.64088pt x 173.68149pt>
File: figures/classa_sensitivity.pdf Graphic file (type pdf)
<use figures/classa_sensitivity.pdf>
Package pdftex.def Info: figures/classa_sensitivity.pdf  used on input line 100
6.
(pdftex.def)             Requested size: 472.0671pt x 186.07321pt.

Underfull \hbox (badness 1194) in paragraph at lines 1026--1033
[]\T1/cmr/m/n/10 The choice of de-tec-tion statis-tic makes the non-
 []

[7 <./figures/drift_acceleration.pdf>] [8 <./figures/classa_sensitivity.pdf>]
[9]
Underfull \hbox (badness 10000) in paragraph at lines 1282--1301
[]$\OML/cmm/m/it/10 ^^Q$ \T1/cmr/m/n/10 Crv, \T1/cmtt/m/n/10 A002_X122b6ff_X104
1e\T1/cmr/m/n/10 , Band 7,
 []


Underfull \hbox (badness 2626) in paragraph at lines 1282--1301
\T1/cmr/m/n/10 the near-est frozen-mask tran-si-tion CO($\OT1/cmr/m/n/10 3[]2$\
T1/cmr/m/n/10 ) ly-ing
 []


LaTeX Font Warning: Font shape `T1/cmr/m/scit' undefined
(Font)              using `T1/cmr/m/it' instead on input line 1364.


LaTeX Font Warning: Font shape `T1/cmr/m/scit' undefined
(Font)              using `T1/cmr/m/it' instead on input line 1364.


LaTeX Font Warning: Font shape `T1/cmr/m/scit' undefined
(Font)              using `T1/cmr/m/it' instead on input line 1364.


LaTeX Font Warning: Font shape `T1/cmr/m/scit' undefined
(Font)              using `T1/cmr/m/it' instead on input line 1364.


LaTeX Font Warning: Font shape `T1/cmr/m/scit' undefined
(Font)              using `T1/cmr/m/it' instead on input line 1364.

(./tab_ledger_v403.tex) (./tab_ledgersum_v403.tex)
<figures/chain_v403.pdf, id=657, 515.28508pt x 186.45659pt>
File: figures/chain_v403.pdf Graphic file (type pdf)
<use figures/chain_v403.pdf>
Package pdftex.def Info: figures/chain_v403.pdf  used on input line 1390.
(pdftex.def)             Requested size: 502.85289pt x 181.95802pt.
 [10] [11] [12 <./figures/chain_v403.pdf>]
<figures/dwell_selection.pdf, id=715, 248.87552pt x 170.539pt>
File: figures/dwell_selection.pdf Graphic file (type pdf)
<use figures/dwell_selection.pdf>
Package pdftex.def Info: figures/dwell_selection.pdf  used on input line 1533.
(pdftex.def)             Requested size: 245.26653pt x 168.07425pt.
 (./tab_epochclassa_v400.tex) [13 <./figures/dwell_selection.pdf>]

LaTeX Warning: A float is stuck (cannot be placed) on input line 1659.


LaTeX Warning: A float is stuck (cannot be placed) on input line 1659.


Class revtex4-1 Warning: Deferred float stuck during \clearpage processing.


Underfull \hbox (badness 1057) in paragraph at lines 1731--1747
[]\T1/cmr/m/n/10 Every val-i-da-tion re-ported here tests this pipeline
 []

[14] (./tab_projcodes_v400.tex)
Underfull \hbox (badness 1394) in paragraph at lines 1892--1907
\T1/cmr/m/n/10 are: [], [], [],
 []


Underfull \hbox (badness 10000) in paragraph at lines 1892--1907
[]\T1/cmr/m/n/10 , [], [],
 []


Underfull \hbox (badness 10000) in paragraph at lines 1892--1907
[]\T1/cmr/m/n/10 , [], [],
 []


Underfull \hbox (badness 10000) in paragraph at lines 1892--1907
[]\T1/cmr/m/n/10 , [], [],
 []


Underfull \hbox (badness 10000) in paragraph at lines 1892--1907
[]\T1/cmr/m/n/10 , [], [],
 []


Underfull \hbox (badness 10000) in paragraph at lines 1892--1907
[]\T1/cmr/m/n/10 , [], [],
 []


Underfull \hbox (badness 10000) in paragraph at lines 1892--1907
[]\T1/cmr/m/n/10 , [], [],
 []


Underfull \hbox (badness 10000) in paragraph at lines 1892--1907
[]\T1/cmr/m/n/10 , [], [],
 []


Underfull \hbox (badness 10000) in paragraph at lines 1892--1907
[]\T1/cmr/m/n/10 , [], [],
 []


Underfull \hbox (badness 10000) in paragraph at lines 1892--1907
[]\T1/cmr/m/n/10 , [], [],
 []


Underfull \hbox (badness 10000) in paragraph at lines 1892--1907
[]\T1/cmr/m/n/10 , [], [],
 []


Underfull \hbox (badness 10000) in paragraph at lines 1892--1907
[]\T1/cmr/m/n/10 , [], [],
 []


Underfull \hbox (badness 10000) in paragraph at lines 1892--1907
[]\T1/cmr/m/n/10 , [], [],
 []


Underfull \hbox (badness 10000) in paragraph at lines 1892--1907
[]\T1/cmr/m/n/10 , [], [],
 []


Underfull \hbox (badness 10000) in paragraph at lines 1892--1907
[]\T1/cmr/m/n/10 , [], [],
 []


Underfull \hbox (badness 10000) in paragraph at lines 1892--1907
[]\T1/cmr/m/n/10 , [], [],
 []


Underfull \hbox (badness 10000) in paragraph at lines 1892--1907
[]\T1/cmr/m/n/10 , [], [],
 []


Underfull \hbox (badness 10000) in paragraph at lines 1892--1907
[]\T1/cmr/m/n/10 , [], [],
 []


Underfull \hbox (badness 10000) in paragraph at lines 1892--1907
[]\T1/cmr/m/n/10 , [], [],
 []


Underfull \hbox (badness 10000) in paragraph at lines 1892--1907
[]\T1/cmr/m/n/10 , [], [],
 []


Underfull \hbox (badness 10000) in paragraph at lines 1892--1907
[]\T1/cmr/m/n/10 , [], [] .
 []


Underfull \hbox (badness 3179) in paragraph at lines 1892--1907
\T1/cmr/m/n/10 Per-block epochs are in the machine-readable re-
 []


Underfull \hbox (badness 1275) in paragraph at lines 1892--1907
\T1/cmr/m/n/10 lease. The archive meta-data ex-poses no pro-posal
 []


Underfull \hbox (badness 1038) in paragraph at lines 1892--1907
\T1/cmr/m/n/10 (Japan), to-gether with NRC (Canada), NSTC and
 []

[15]
Underfull \hbox (badness 10000) in paragraph at lines 1922--1928
[]\T1/cmr/m/n/10 The pipeline de-pends on CASA 6.7.6
 []


Underfull \hbox (badness 5954) in paragraph at lines 1922--1928
\T1/cmr/m/n/10 (casatools/casatasks 6.7.6-14; []CASA Team et al.[]
 []

[16]
Underfull \hbox (badness 10000) in paragraph at lines 2017--2036
[]\T1/cmr/m/n/10 The machine-readable cat-a-logue,
 []


Underfull \hbox (badness 10000) in paragraph at lines 2017--2036
\T1/cmtt/m/n/10 per_target_results_v3.99.csv\T1/cmr/m/n/10 , car-ries one row
 []


Underfull \hbox (badness 1845) in paragraph at lines 2017--2036
\T1/cmr/m/n/10 columns: the ob-ser-va-tion; the sen-si-tiv-ity reached,
 []


Underfull \hbox (badness 1383) in paragraph at lines 2083--2100
[]$\OML/cmm/m/it/10 T[] \OMS/cmsy/m/n/10 ^^Q \OML/cmm/m/it/10 T\OT1/cmr/m/n/10 
(\OT1/cmr/bx/n/10 x[]\OT1/cmr/m/n/10 )$ \T1/cmr/m/n/10 is eval-u-ated at the pr
oper-motion-
 []


Underfull \hbox (badness 5189) in paragraph at lines 2119--2129
[]\T1/cmr/m/n/10 Neighbouring con-trols are cor-re-lated be-low the
 []


Underfull \hbox (badness 1742) in paragraph at lines 2130--2149
[]\T1/cmr/m/n/10 Residual con-tin-uum, self-calibration resid-u-als and
 []

[17]
Underfull \hbox (badness 1014) in paragraph at lines 2204--2216
[]\T1/cmr/m/n/10 One au-to-mated qual-ity check pre-cedes any sen-si-
 []

[18]

Package hyperref Warning: Token not allowed in a PDF string (Unicode):
(hyperref)                removing `math shift' on input line 2234.


Package hyperref Warning: Token not allowed in a PDF string (Unicode):
(hyperref)                removing `math shift' on input line 2234.


Underfull \hbox (badness 1163) in paragraph at lines 2303--2310
 []\T1/cmr/m/n/10 At least one pub-lic ex-e-cu-tion block whose vis-i-
 []

[19]
Underfull \hbox (badness 1735) in paragraph at lines 2367--2376
[]\T1/cmr/m/n/10 Two caveats are not pre-sen-ta-tional. First, the
 []

[20]
<figures/coverage_waterfall.pdf, id=907, 505.89pt x 469.755pt>
File: figures/coverage_waterfall.pdf Graphic file (type pdf)
<use figures/coverage_waterfall.pdf>
Package pdftex.def Info: figures/coverage_waterfall.pdf  used on input line 251
0.
(pdftex.def)             Requested size: 507.98907pt x 471.71068pt.


LaTeX Font Warning: Font shape `T1/cmr/m/scit' undefined
(Font)              using `T1/cmr/m/it' instead on input line 2608.

(./tab_extension_v399.tex)

Package hyperref Warning: Token not allowed in a PDF string (Unicode):
(hyperref)                removing `math shift' on input line 2614.


Package hyperref Warning: Token not allowed in a PDF string (Unicode):
(hyperref)                removing `\beta' on input line 2614.


Package hyperref Warning: Token not allowed in a PDF string (Unicode):
(hyperref)                removing `math shift' on input line 2614.

[21] [22 <./figures/coverage_waterfall.pdf>]
<figures/eirp_context_a.pdf, id=958, 244.60585pt x 183.57945pt>
File: figures/eirp_context_a.pdf Graphic file (type pdf)
<use figures/eirp_context_a.pdf>
Package pdftex.def Info: figures/eirp_context_a.pdf  used on input line 2707.
(pdftex.def)             Requested size: 245.26653pt x 184.0832pt.


LaTeX Warning: Float too large for page by 527.23018pt on input line 2825.

<figures/sensitivity_2d.pdf, id=995, 258.92734pt x 213.7586pt>
File: figures/sensitivity_2d.pdf Graphic file (type pdf)
<use figures/sensitivity_2d.pdf>
Package pdftex.def Info: figures/sensitivity_2d.pdf  used on input line 2835.
(pdftex.def)             Requested size: 245.26653pt x 202.4824pt.
<figures/hanning_response.pdf, id=998, 432.1724pt x 129.78763pt>
File: figures/hanning_response.pdf Graphic file (type pdf)
<use figures/hanning_response.pdf>
Package pdftex.def Info: figures/hanning_response.pdf  used on input line 2854.

(pdftex.def)             Requested size: 482.33163pt x 144.85614pt.
[23 <./figures/eirp_context_a.pdf> <./figures/sensitivity_2d.pdf>] [24 <./figur
es/hanning_response.pdf>]

LaTeX Warning: A float is stuck (cannot be placed) on input line 2966.


LaTeX Warning: A float is stuck (cannot be placed) on input line 2966.


Class revtex4-1 Warning: Deferred float stuck during \clearpage processing.

[25]

LaTeX Font Warning: Font shape `T1/cmr/m/scit' undefined
(Font)              using `T1/cmr/m/it' instead on input line 3076.

(./tab_p90budget_v385.tex)

LaTeX Font Warning: Font shape `T1/cmr/m/scit' undefined
(Font)              using `T1/cmr/m/it' instead on input line 3132.

(./tab_compcurve.tex) [26]

LaTeX Warning: A float is stuck (cannot be placed) on input line 3210.


LaTeX Warning: A float is stuck (cannot be placed) on input line 3210.


Class revtex4-1 Warning: Deferred float stuck during \clearpage processing.

[27]
<figures/stratified_completeness.pdf, id=1129, 491.436pt x 144.54pt>
File: figures/stratified_completeness.pdf Graphic file (type pdf)
<use figures/stratified_completeness.pdf>
Package pdftex.def Info: figures/stratified_completeness.pdf  used on input lin
e 3319.
(pdftex.def)             Requested size: 492.59618pt x 144.88809pt.
 [28] (./tab_selection.tex)
Underfull \hbox (badness 1490) in paragraph at lines 3421--3428
\T1/cmr/m/n/10 cat-a-logue of the Data Avail-abil-ity state-ment. Its
 []

<figures/selection_bias.pdf, id=1137, 219.73343pt x 147.15703pt>
File: figures/selection_bias.pdf Graphic file (type pdf)
<use figures/selection_bias.pdf>
Package pdftex.def Info: figures/selection_bias.pdf  used on input line 3431.
(pdftex.def)             Requested size: 245.26653pt x 164.26685pt.

LaTeX Font Warning: Font shape `T1/cmr/m/scit' undefined
(Font)              using `T1/cmr/m/it' instead on input line 3454.

(./tab_specclass_v385.tex) (./tab_perband.tex) (./tab_maskband.tex) [29 <./figu
res/stratified_completeness.pdf> <./figures/selection_bias.pdf>]
Underfull \hbox (badness 1314) in paragraph at lines 3489--3497
[]\T1/cmr/m/it/10 Rounding. \T1/cmr/m/n/10 The round-ing de-fect is why the re-

 []

[30] [31] (./tab_ctrlsep_v400.tex) [32]

LaTeX Warning: A float is stuck (cannot be placed) on input line 3861.


LaTeX Warning: A float is stuck (cannot be placed) on input line 3861.


Class revtex4-1 Warning: Deferred float stuck during \clearpage processing.

<figures/control_diagnostics.pdf, id=1221, 245.91875pt x 301.125pt>
File: figures/control_diagnostics.pdf Graphic file (type pdf)
<use figures/control_diagnostics.pdf>
Package pdftex.def Info: figures/control_diagnostics.pdf  used on input line 39
35.
(pdftex.def)             Requested size: 245.26653pt x 300.33853pt.

LaTeX Font Warning: Font shape `T1/cmr/m/scit' undefined
(Font)              using `T1/cmr/m/it' instead on input line 3975.


Underfull \hbox (badness 10000) in paragraph at lines 3984--3984
[]|\T1/cmr/m/n/7 Before those blocks were
 []


Underfull \hbox (badness 10000) in paragraph at lines 3992--3994
[]|\T1/cmr/m/n/7 Control-annulus in-ner edge
 []


Underfull \hbox (badness 10000) in paragraph at lines 3992--3994
[]\OT1/cmr/m/n/7 (0\OML/cmm/m/it/7 :\OT1/cmr/m/n/7 14 \OML/cmm/m/it/7 ^^R[];  \
OT1/cmr/m/n/7 2\OML/cmm/m/it/7 :\OT1/cmr/m/n/7 0 \OML/cmm/m/it/7 ^^R[]\OT1/cmr/
m/n/7 )$ \T1/cmr/m/n/7 and the cri-te-
 []


Underfull \hbox (badness 2359) in paragraph at lines 3997--3998
[]|\T1/cmr/m/n/7 Before the out-of-sample test
 []


LaTeX Font Warning: Font shape `T1/cmr/m/scit' undefined
(Font)              using `T1/cmr/m/it' instead on input line 4020.


LaTeX Font Warning: Font shape `T1/cmr/m/scit' undefined
(Font)              using `T1/cmr/m/it' instead on input line 4020.


LaTeX Font Warning: Font shape `T1/cmr/m/scit' undefined
(Font)              using `T1/cmr/m/it' instead on input line 4020.

(./tab_hosts_v399.tex
Underfull \hbox (badness 10000) in paragraph at lines 4--4
[]|\T1/cmr/m/n/7 Activity
 []


Underfull \hbox (badness 2564) in paragraph at lines 7--7
[]|\T1/cmr/m/n/7 em.-line, rot.
 []

)

Package hyperref Warning: Token not allowed in a PDF string (Unicode):
(hyperref)                removing `math shift' on input line 4059.


Package hyperref Warning: Token not allowed in a PDF string (Unicode):
(hyperref)                removing `\beta' on input line 4059.


Package hyperref Warning: Token not allowed in a PDF string (Unicode):
(hyperref)                removing `math shift' on input line 4059.

[33]
Underfull \hbox (badness 1389) in paragraph at lines 4085--4090
[]\T1/cmr/m/n/10 The car-bon tun-ing agrees by omis-sion. All 24
 []


LaTeX Font Warning: Font shape `T1/cmr/m/scit' undefined
(Font)              using `T1/cmr/m/it' instead on input line 4106.

(./tab_bothstats_v401.tex) [34]

LaTeX Warning: A float is stuck (cannot be placed) on input line 4153.


LaTeX Warning: A float is stuck (cannot be placed) on input line 4153.


Class revtex4-1 Warning: Deferred float stuck during \clearpage processing.

[35 <./figures/control_diagnostics.pdf>]
Underfull \hbox (badness 1484) in paragraph at lines 4214--4227
[]\T1/cmr/m/n/10 Propagated over the sur-vey's 1655 win-dows, the
 []

<figures/rank_cdf.pdf, id=1290, 505.89pt x 155.38051pt>
File: figures/rank_cdf.pdf Graphic file (type pdf)
<use figures/rank_cdf.pdf>
Package pdftex.def Info: figures/rank_cdf.pdf  used on input line 4231.
(pdftex.def)             Requested size: 507.98907pt x 156.02736pt.

Class revtex4-1 Warning: Float cannot be placed.


Underfull \hbox (badness 3148) in paragraph at lines 4268--4279
[]\T1/cmr/m/n/10 Four classes of en-try are ex-cluded. (i) Four
 []


Underfull \hbox (badness 1831) in paragraph at lines 4268--4279
\T1/cmr/m/n/10 tar-get/bands (Barnard's Star [B7], Wolf 359 [B7],
 []

(./tab_cprepeat_v383.tex) (./tab_driftstrata_v385.tex)
(./tab_partitions_v385.tex
Underfull \hbox (badness 10000) in paragraph at lines 6--6
[]|\T1/cmr/m/n/7 the search re-
 []


Underfull \hbox (badness 10000) in paragraph at lines 7--7
[]|\T1/cmr/m/n/7 calibrates rank,
 []


Underfull \hbox (badness 10000) in paragraph at lines 7--7
\T1/cmr/m/n/7 tail and ra-dial
 []

) [36]

LaTeX Font Warning: Font shape `T1/cmr/m/scit' undefined
(Font)              using `T1/cmr/m/it' instead on input line 4416.


LaTeX Font Warning: Font shape `T1/cmr/m/scit' undefined
(Font)              using `T1/cmr/m/it' instead on input line 4416.


LaTeX Font Warning: Font shape `T1/cmr/m/scit' undefined
(Font)              using `T1/cmr/m/it' instead on input line 4416.

[37]

LaTeX Warning: A float is stuck (cannot be placed) on input line 4465.

[38 <./figures/rank_cdf.pdf>] [39]
<figures/ledger_vis_v403.pdf, id=1353, 504.19167pt x 218.93408pt>
File: figures/ledger_vis_v403.pdf Graphic file (type pdf)
<use figures/ledger_vis_v403.pdf>
Package pdftex.def Info: figures/ledger_vis_v403.pdf  used on input line 4599.
(pdftex.def)             Requested size: 441.2813pt x 191.61696pt.

Underfull \hbox (badness 4739) in paragraph at lines 4634--4634
[]|$\OML/cmm/m/it/7 R[]$ \T1/cmr/m/n/7 resid-ual scale at the unattributed
 []

[40] [41 <./figures/ledger_vis_v403.pdf>] [42]
No file technosignatures_40pc_v4.03.bbl.
[43] (./technosignatures_40pc_v4.03.aux)
Package rerunfilecheck Info: File `technosignatures_40pc_v4.03.out' has not cha
nged.
(rerunfilecheck)             Checksum: 22F3FEDA5EB9459E802462675545E750;16991.
 ) 
Here is how much of TeX's memory you used:
 15061 strings out of 480247
 230774 string characters out of 5896151
 619453 words of memory out of 5000000
 32266 multiletter control sequences out of 15000+600000
 495225 words of font info for 92 fonts, out of 8000000 for 9000
 14 hyphenation exceptions out of 8191
 70i,12n,76p,1993b,479s stack positions out of 5000i,500n,10000p,200000b,80000s
{/usr/share/texmf/fonts/enc/dvips/cm-super/cm-super-t1.enc}</usr/share/texliv
e/texmf-dist/fonts/type1/public/amsfonts/cm/cmbx10.pfb></usr/share/texlive/texm
f-dist/fonts/type1/public/amsfonts/cm/cmbx5.pfb></usr/share/texlive/texmf-dist/
fonts/type1/public/amsfonts/cm/cmbx7.pfb></usr/share/texlive/texmf-dist/fonts/t
ype1/public/amsfonts/cm/cmex10.pfb></usr/share/texlive/texmf-dist/fonts/type1/p
ublic/amsfonts/cm/cmmi10.pfb></usr/share/texlive/texmf-dist/fonts/type1/public/
amsfonts/cm/cmmi5.pfb></usr/share/texlive/texmf-dist/fonts/type1/public/amsfont
s/cm/cmmi6.pfb></usr/share/texlive/texmf-dist/fonts/type1/public/amsfonts/cm/cm
mi7.pfb></usr/share/texlive/texmf-dist/fonts/type1/public/amsfonts/cm/cmmi8.pfb
></usr/share/texlive/texmf-dist/fonts/type1/public/amsfonts/cm/cmmi9.pfb></usr/
share/texlive/texmf-dist/fonts/type1/public/amsfonts/cm/cmr10.pfb></usr/share/t
exlive/texmf-dist/fonts/type1/public/amsfonts/cm/cmr5.pfb></usr/share/texlive/t
exmf-dist/fonts/type1/public/amsfonts/cm/cmr6.pfb></usr/share/texlive/texmf-dis
t/fonts/type1/public/amsfonts/cm/cmr7.pfb></usr/share/texlive/texmf-dist/fonts/
type1/public/amsfonts/cm/cmr8.pfb></usr/share/texlive/texmf-dist/fonts/type1/pu
blic/amsfonts/cm/cmsy10.pfb></usr/share/texlive/texmf-dist/fonts/type1/public/a
msfonts/cm/cmsy5.pfb></usr/share/texlive/texmf-dist/fonts/type1/public/amsfonts
/cm/cmsy6.pfb></usr/share/texlive/texmf-dist/fonts/type1/public/amsfonts/cm/cms
y7.pfb></usr/share/texlive/texmf-dist/fonts/type1/public/amsfonts/cm/cmsy8.pfb>
</usr/share/texlive/texmf-dist/fonts/type1/public/amsfonts/cm/cmsy9.pfb></usr/s
hare/texlive/texmf-dist/fonts/type1/public/amsfonts/symbols/msam10.pfb></usr/sh
are/texmf/fonts/type1/public/cm-super/sfbx0500.pfb></usr/share/texmf/fonts/type
1/public/cm-super/sfbx0700.pfb></usr/share/texmf/fonts/type1/public/cm-super/sf
bx0800.pfb></usr/share/texmf/fonts/type1/public/cm-super/sfbx1000.pfb></usr/sha
re/texmf/fonts/type1/public/cm-super/sfcc0600.pfb></usr/share/texmf/fonts/type1
/public/cm-super/sfcc0800.pfb></usr/share/texmf/fonts/type1/public/cm-super/sfc
c0900.pfb></usr/share/texmf/fonts/type1/public/cm-super/sfcc1000.pfb></usr/shar
e/texmf/fonts/type1/public/cm-super/sfrm0500.pfb></usr/share/texmf/fonts/type1/
public/cm-super/sfrm0600.pfb></usr/share/texmf/fonts/type1/public/cm-super/sfrm
0700.pfb></usr/share/texmf/fonts/type1/public/cm-super/sfrm0800.pfb></usr/share
/texmf/fonts/type1/public/cm-super/sfrm0900.pfb></usr/share/texmf/fonts/type1/p
ublic/cm-super/sfrm1000.pfb></usr/share/texmf/fonts/type1/public/cm-super/sftc0
800.pfb></usr/share/texmf/fonts/type1/public/cm-super/sfti0500.pfb></usr/share/
texmf/fonts/type1/public/cm-super/sfti0700.pfb></usr/share/texmf/fonts/type1/pu
blic/cm-super/sfti0800.pfb></usr/share/texmf/fonts/type1/public/cm-super/sfti09
00.pfb></usr/share/texmf/fonts/type1/public/cm-super/sfti1000.pfb></usr/share/t
exmf/fonts/type1/public/cm-super/sftt0800.pfb></usr/share/texmf/fonts/type1/pub
lic/cm-super/sftt1000.pfb></usr/share/texmf/fonts/type1/public/cm-super/sfxc080
0.pfb>
Output written on technosignatures_40pc_v4.03.pdf (43 pages, 1482672 bytes).
PDF statistics:
 1640 PDF objects out of 1728 (max. 8388607)
 1368 compressed objects within 14 object streams
 236 named destinations out of 1000 (max. 500000)
 620 words of extra memory for PDF output out of 10000 (max. 10000000)

