This is pdfTeX, Version 3.141592653-2.6-1.40.24 (TeX Live 2022) (preloaded format=pdflatex 2022.9.28)  9 SEP 2026 14:27
entering extended mode
 restricted \write18 enabled.
 %&-line parsing enabled.
**technosignatures_20pc_v3.24.tex
(./technosignatures_20pc_v3.24.tex
LaTeX2e <2021-11-15> patch level 1
L3 programming layer <2022-02-24> (./openjournal.cls
Document Class: openjournal 
\bibbaselineskip=\skip47
(/usr/local/texlive/2022/texmf-dist/tex/latex/revtex4-1/revtex4-1.cls
Document Class: revtex4-1 2020/09/30 4.1s (http://publish.aps.org/revtex4/ for 
documentation)
 Copyright (c) 2009 The American Physical Society.
 mailto:revtex@aps.org
 Licensed under the LPPL:
http://www.ctan.org/tex-archive/macros/latex/base/lppl.txt
 Arthur Ogawa <arthur_ogawa at sbcglobal dot net>
 Based on work by David Carlisle <david at dcarlisle.demon.co.uk>.
ltxutil[2020/09/30 4.1s utilities package (portions licensed from W. E. Baxter 
web at superscript.com)]
LaTeX Info: Redefining \@centercr on input line 346.
Class revtex4-1 Info: Repairing hyperref-unfriendly LaTeX definition of \mpfoot
note on input line 471.
Class revtex4-1 Info: Repairing broken LateX \@sect on input line 793.
\intertabularlinepenalty=\count185
\@tbpen=\count186
\@arstrutbox@hline=\box50
Class revtex4-1 Info: Repairing broken LaTeX \@xbitor on input line 1824.
Class revtex4-1 Info: Making \typeout \long on input line 2089.
ltxfront[2020/09/30 4.1s frontmatter package (AO,DPC)]
\c@affil=\count187
\c@collab=\count188
\absbox=\box51
ltxgrid[2020/09/30 4.1s page grid package (portions licensed from W. E. Baxter 
web at superscript.com)]
\c@linecount=\count189
\output@latex=\toks16
\box@size@1=\box52
\box@size@2=\box53
\@protection@box=\box54
\@topmark@saved=\toks17
\footins@saved=\box55
\footins@recovered=\box56
\column@recovered=\box57
\pagesofar=\box58
\footsofar=\box59
\pagegrid@col=\count190
Class revtex4-1 Info: Overriding \@vspace, \@vspacer, \@no@pgbk, \@newline, and
 \\  on input line 5655.
\c@part=\count191
\c@section=\count192
\c@subsection=\count193
\c@subsubsection=\count194
\c@paragraph=\count195
\c@subparagraph=\count196
\abovecaptionskip=\skip48
\belowcaptionskip=\skip49
\c@figure=\count197
\fbox@1=\box60
\c@table=\count198
\fbox@2=\box61
\c@video=\count199
\fbox@4=\box62
\@bibdataout=\write3
\widetext@top=\box63
\widetext@bot=\box64
Class revtex4-1 Info: Selecting society aps on input line 7616.
(/usr/local/texlive/2022/texmf-dist/tex/latex/revtex4-1/aps4-1.rtx
File: aps4-1 2020/09/30 4.1s (http://publish.aps.org/revtex4/ for documentation
)
Class revtex4-1 Info: RevTeX society APS selected on input line 31.
)
Class revtex4-1 Info: Selecting journal pra on input line 7618.
Class revtex4-1 Info: APS journal PRA selected on input line 7619.

(/usr/local/texlive/2022/texmf-dist/tex/latex/revtex4-1/aps10pt4-1.rtx
File: aps10pt4-1 2020/09/30 4.1s (http://publish.aps.org/revtex4/ for documenta
tion)
Class revtex4-1 Info: RevTeX pointsize 10pt selected on input line 30.
)
(/usr/local/texlive/2022/texmf-dist/tex/latex/textcase/textcase.sty
Package: textcase 2019/09/14 v1.00 Text only upper/lower case changing (DPC)
)
(/usr/local/texlive/2022/texmf-dist/tex/latex/url/url.sty
\Urlmuskip=\muskip16
Package: url 2013/09/16  ver 3.4  Verb mode for urls, etc.
)
(/usr/local/texlive/2022/texmf-dist/tex/latex/natbib/natbib.sty
Package: natbib 2010/09/13 8.31b (PWD, AO)
\bibhang=\skip50
\bibsep=\skip51
LaTeX Info: Redefining \cite on input line 694.
\c@NAT@ctr=\count266
)
Class revtex4-1 Info: Repairing natbib's \BibitemShut on input line 7623.

(/usr/local/texlive/2022/texmf-dist/tex/latex/revtex4-1/revsymb4-1.sty
Package: revsymb4-1 2020/09/30 4.1s (http://publish.aps.org/revtex4/ for docume
ntation)
LaTeX Info: Redefining \REV@mathfrak on input line 119.
))
(/usr/local/texlive/2022/texmf-dist/tex/latex/base/latexsym.sty
Package: latexsym 1998/08/17 v2.2e Standard LaTeX package (lasy symbols)
\symlasy=\mathgroup4
LaTeX Font Info:    Overwriting symbol font `lasy' in version `bold'
(Font)                  U/lasy/m/n --> U/lasy/b/n on input line 52.
)
(/usr/local/texlive/2022/texmf-dist/tex/latex/graphics/graphicx.sty
Package: graphicx 2021/09/16 v1.2d Enhanced LaTeX Graphics (DPC,SPQR)

(/usr/local/texlive/2022/texmf-dist/tex/latex/graphics/keyval.sty
Package: keyval 2014/10/28 v1.15 key=value parser (DPC)
\KV@toks@=\toks18
)
(/usr/local/texlive/2022/texmf-dist/tex/latex/graphics/graphics.sty
Package: graphics 2021/03/04 v1.4d Standard LaTeX Graphics (DPC,SPQR)

(/usr/local/texlive/2022/texmf-dist/tex/latex/graphics/trig.sty
Package: trig 2021/08/11 v1.11 sin cos tan (DPC)
)
(/usr/local/texlive/2022/texmf-dist/tex/latex/graphics-cfg/graphics.cfg
File: graphics.cfg 2016/06/04 v1.11 sample graphics configuration
)
Package graphics Info: Driver file: pdftex.def on input line 107.

(/usr/local/texlive/2022/texmf-dist/tex/latex/graphics-def/pdftex.def
File: pdftex.def 2020/10/05 v1.2a Graphics/color driver for pdftex
))
\Gin@req@height=\dimen138
\Gin@req@width=\dimen139
)
(/usr/local/texlive/2022/texmf-dist/tex/latex/amsfonts/amssymb.sty
Package: amssymb 2013/01/14 v3.01 AMS font symbols

(/usr/local/texlive/2022/texmf-dist/tex/latex/amsfonts/amsfonts.sty
Package: amsfonts 2013/01/14 v3.01 Basic AMSFonts support
\@emptytoks=\toks19
\symAMSa=\mathgroup5
\symAMSb=\mathgroup6
LaTeX Font Info:    Redeclaring math symbol \hbar on input line 98.
LaTeX Font Info:    Overwriting math alphabet `\mathfrak' in version `bold'
(Font)                  U/euf/m/n --> U/euf/b/n on input line 106.
LaTeX Info: Redefining \frak on input line 111.
LaTeX Info: Redefining \Bbb on input line 113.
))
(/usr/local/texlive/2022/texmf-dist/tex/latex/tools/longtable.sty
Package: longtable 2021-09-01 v4.17 Multi-page Table package (DPC)
\LTleft=\skip52
\LTright=\skip53
\LTpre=\skip54
\LTpost=\skip55
\LTchunksize=\count267
\LTcapwidth=\dimen140
\LT@head=\box65
\LT@firsthead=\box66
\LT@foot=\box67
\LT@lastfoot=\box68
\LT@gbox=\box69
\LT@cols=\count268
\LT@rows=\count269
\c@LT@tables=\count270
\c@LT@chunks=\count271
\LT@p@ftn=\toks20
) (./epsf.sty
This is `epsf.tex' v2.7.3 <23 July 2005>
\epsffilein=\read2
\epsfframemargin=\dimen141
\epsfframethickness=\dimen142
\epsfrsize=\dimen143
\epsftmp=\dimen144
\epsftsize=\dimen145
\epsfxsize=\dimen146
\epsfysize=\dimen147
\pspoints=\dimen148
)
\c@front@matter@foot@note=\count272
\alt@affil@toks=\toks21
\alt@affil@toks@count=\toks22
\keys@width=\skip56
\c@lastfootnote=\count273
\c@remember@figure@num=\count274
\c@remember@table@num=\count275
\bibindent=\dimen149
\plot@width=\skip57
\c@table@save=\count276
\table@note@skip=\skip58
\deluxe@table@width=\skip59
\@d@t@a=\skip60
\c@deluxe@table@num=\count277
\abovedeluxetableskip=\skip61
\belowdeluxetableskip=\skip62
\lastrowheight=\dimen150
\DT@p@ftn=\toks23
\pt@column=\count278
\pt@ncol=\count279
) (/usr/local/texlive/2022/texmf-dist/tex/latex/base/fontenc.sty
Package: fontenc 2021/04/29 v2.0v Standard LaTeX package
)
(/usr/local/texlive/2022/texmf-dist/tex/latex/amsmath/amsmath.sty
Package: amsmath 2021/10/15 v2.17l AMS math features
\@mathmargin=\skip63

For additional information on amsmath, use the `?' option.
(/usr/local/texlive/2022/texmf-dist/tex/latex/amsmath/amstext.sty
Package: amstext 2021/08/26 v2.01 AMS text

(/usr/local/texlive/2022/texmf-dist/tex/latex/amsmath/amsgen.sty
File: amsgen.sty 1999/11/30 v2.0 generic functions
\@emptytoks=\toks24
\ex@=\dimen151
)
LaTeX Info: Redefining \text on input line 28.
)
(/usr/local/texlive/2022/texmf-dist/tex/latex/amsmath/amsbsy.sty
Package: amsbsy 1999/11/29 v1.2d Bold Symbols
\pmbraise@=\dimen152
)
(/usr/local/texlive/2022/texmf-dist/tex/latex/amsmath/amsopn.sty
Package: amsopn 2021/08/26 v2.02 operator names
)
\inf@bad=\count280
LaTeX Info: Redefining \frac on input line 234.
\uproot@=\count281
\leftroot@=\count282
LaTeX Info: Redefining \overline on input line 399.
\classnum@=\count283
\DOTSCASE@=\count284
LaTeX Info: Redefining \ldots on input line 496.
LaTeX Info: Redefining \dots on input line 499.
LaTeX Info: Redefining \cdots on input line 620.
\Mathstrutbox@=\box70
\strutbox@=\box71
\big@size=\dimen153
LaTeX Font Info:    Redeclaring font encoding OML on input line 743.
LaTeX Font Info:    Redeclaring font encoding OMS on input line 744.
\macc@depth=\count285
\c@MaxMatrixCols=\count286
\dotsspace@=\muskip17
\c@parentequation=\count287
\dspbrk@lvl=\count288
\tag@help=\toks25
\row@=\count289
\column@=\count290
\maxfields@=\count291
\andhelp@=\toks26
\eqnshift@=\dimen154
\alignsep@=\dimen155
\tagshift@=\dimen156
\tagwidth@=\dimen157
\totwidth@=\dimen158
\lineht@=\dimen159
\@envbody=\toks27
\multlinegap=\skip64
\multlinetaggap=\skip65
\mathdisplay@stack=\toks28
LaTeX Info: Redefining \[ on input line 2938.
LaTeX Info: Redefining \] on input line 2939.
)
(/usr/local/texlive/2022/texmf-dist/tex/latex/hyperref/hyperref.sty
Package: hyperref 2022-02-21 v7.00n Hypertext links for LaTeX

(/usr/local/texlive/2022/texmf-dist/tex/generic/ltxcmds/ltxcmds.sty
Package: ltxcmds 2020-05-10 v1.25 LaTeX kernel commands for general use (HO)
)
(/usr/local/texlive/2022/texmf-dist/tex/generic/iftex/iftex.sty
Package: iftex 2022/02/03 v1.0f TeX engine tests
)
(/usr/local/texlive/2022/texmf-dist/tex/generic/pdftexcmds/pdftexcmds.sty
Package: pdftexcmds 2020-06-27 v0.33 Utility functions of pdfTeX for LuaTeX (HO
)

(/usr/local/texlive/2022/texmf-dist/tex/generic/infwarerr/infwarerr.sty
Package: infwarerr 2019/12/03 v1.5 Providing info/warning/error messages (HO)
)
Package pdftexcmds Info: \pdf@primitive is available.
Package pdftexcmds Info: \pdf@ifprimitive is available.
Package pdftexcmds Info: \pdfdraftmode found.
)
(/usr/local/texlive/2022/texmf-dist/tex/generic/kvsetkeys/kvsetkeys.sty
Package: kvsetkeys 2019/12/15 v1.18 Key value parser (HO)
)
(/usr/local/texlive/2022/texmf-dist/tex/generic/kvdefinekeys/kvdefinekeys.sty
Package: kvdefinekeys 2019-12-19 v1.6 Define keys (HO)
)
(/usr/local/texlive/2022/texmf-dist/tex/generic/pdfescape/pdfescape.sty
Package: pdfescape 2019/12/09 v1.15 Implements pdfTeX's escape features (HO)
)
(/usr/local/texlive/2022/texmf-dist/tex/latex/hycolor/hycolor.sty
Package: hycolor 2020-01-27 v1.10 Color options for hyperref/bookmark (HO)
)
(/usr/local/texlive/2022/texmf-dist/tex/latex/letltxmacro/letltxmacro.sty
Package: letltxmacro 2019/12/03 v1.6 Let assignment for LaTeX macros (HO)
)
(/usr/local/texlive/2022/texmf-dist/tex/latex/auxhook/auxhook.sty
Package: auxhook 2019-12-17 v1.6 Hooks for auxiliary files (HO)
)
(/usr/local/texlive/2022/texmf-dist/tex/latex/kvoptions/kvoptions.sty
Package: kvoptions 2020-10-07 v3.14 Key value format for package options (HO)
)
\@linkdim=\dimen160
\Hy@linkcounter=\count292
\Hy@pagecounter=\count293

(/usr/local/texlive/2022/texmf-dist/tex/latex/hyperref/pd1enc.def
File: pd1enc.def 2022-02-21 v7.00n Hyperref: PDFDocEncoding definition (HO)
Now handling font encoding PD1 ...
... no UTF-8 mapping file for font encoding PD1
)
(/usr/local/texlive/2022/texmf-dist/tex/generic/intcalc/intcalc.sty
Package: intcalc 2019/12/15 v1.3 Expandable calculations with integers (HO)
)
(/usr/local/texlive/2022/texmf-dist/tex/generic/etexcmds/etexcmds.sty
Package: etexcmds 2019/12/15 v1.7 Avoid name clashes with e-TeX commands (HO)
)
\Hy@SavedSpaceFactor=\count294

(/usr/local/texlive/2022/texmf-dist/tex/latex/hyperref/puenc.def
File: puenc.def 2022-02-21 v7.00n Hyperref: PDF Unicode definition (HO)
Now handling font encoding PU ...
... no UTF-8 mapping file for font encoding PU
)
Package hyperref Info: Hyper figures OFF on input line 4137.
Package hyperref Info: Link nesting OFF on input line 4142.
Package hyperref Info: Hyper index ON on input line 4145.
Package hyperref Info: Plain pages OFF on input line 4152.
Package hyperref Info: Backreferencing OFF on input line 4157.
Package hyperref Info: Implicit mode ON; LaTeX internals redefined.
Package hyperref Info: Bookmarks ON on input line 4390.
LaTeX Info: Redefining \href on input line 4660.
\c@Hy@tempcnt=\count295
LaTeX Info: Redefining \url on input line 4749.
\XeTeXLinkMargin=\dimen161

(/usr/local/texlive/2022/texmf-dist/tex/generic/bitset/bitset.sty
Package: bitset 2019/12/09 v1.3 Handle bit-vector datatype (HO)

(/usr/local/texlive/2022/texmf-dist/tex/generic/bigintcalc/bigintcalc.sty
Package: bigintcalc 2019/12/15 v1.5 Expandable calculations on big integers (HO
)
))
\Fld@menulength=\count296
\Field@Width=\dimen162
\Fld@charsize=\dimen163
Package hyperref Info: Hyper figures OFF on input line 6027.
Package hyperref Info: Link nesting OFF on input line 6032.
Package hyperref Info: Hyper index ON on input line 6035.
Package hyperref Info: backreferencing OFF on input line 6042.
Package hyperref Info: Link coloring OFF on input line 6047.
Package hyperref Info: Link coloring with OCG OFF on input line 6052.
Package hyperref Info: PDF/A mode OFF on input line 6057.
LaTeX Info: Redefining \ref on input line 6097.
LaTeX Info: Redefining \pageref on input line 6101.

(/usr/local/texlive/2022/texmf-dist/tex/latex/base/atbegshi-ltx.sty
Package: atbegshi-ltx 2021/01/10 v1.0c Emulation of the original atbegshi
package with kernel methods
)
\Hy@abspage=\count297
\c@Item=\count298
\c@Hfootnote=\count299
)
Package hyperref Info: Driver (autodetected): hpdftex.

(/usr/local/texlive/2022/texmf-dist/tex/latex/hyperref/hpdftex.def
File: hpdftex.def 2022-02-21 v7.00n Hyperref driver for pdfTeX

(/usr/local/texlive/2022/texmf-dist/tex/latex/base/atveryend-ltx.sty
Package: atveryend-ltx 2020/08/19 v1.0a Emulation of the original atveryend pac
kage
with kernel methods
)
\Fld@listcount=\count300
\c@bookmark@seq@number=\count301

(/usr/local/texlive/2022/texmf-dist/tex/latex/rerunfilecheck/rerunfilecheck.sty
Package: rerunfilecheck 2019/12/05 v1.9 Rerun checks for auxiliary files (HO)

(/usr/local/texlive/2022/texmf-dist/tex/generic/uniquecounter/uniquecounter.sty
Package: uniquecounter 2019/12/15 v1.4 Provide unlimited unique counter (HO)
)
Package uniquecounter Info: New unique counter `rerunfilecheck' on input line 2
86.
)
\Hy@SectionHShift=\skip66
) (/usr/local/texlive/2022/texmf-dist/tex/latex/tools/tabularx.sty
Package: tabularx 2020/01/15 v2.11c `tabularx' package (DPC)

(/usr/local/texlive/2022/texmf-dist/tex/latex/tools/array.sty
Package: array 2021/10/04 v2.5f Tabular extension package (FMi)
\col@sep=\dimen164
\ar@mcellbox=\box72
\extrarowheight=\dimen165
\NC@list=\toks29
\extratabsurround=\skip67
\backup@length=\skip68
\ar@cellbox=\box73
)
\TX@col@width=\dimen166
\TX@old@table=\dimen167
\TX@old@col=\dimen168
\TX@target=\dimen169
\TX@delta=\dimen170
\TX@cols=\count302
\TX@ftn=\toks30
)
(/usr/local/texlive/2022/texmf-dist/tex/latex/booktabs/booktabs.sty
Package: booktabs 2020/01/12 v1.61803398 Publication quality tables
\heavyrulewidth=\dimen171
\lightrulewidth=\dimen172
\cmidrulewidth=\dimen173
\belowrulesep=\dimen174
\belowbottomsep=\dimen175
\aboverulesep=\dimen176
\abovetopsep=\dimen177
\cmidrulesep=\dimen178
\cmidrulekern=\dimen179
\defaultaddspace=\dimen180
\@cmidla=\count303
\@cmidlb=\count304
\@aboverulesep=\dimen181
\@belowrulesep=\dimen182
\@thisruleclass=\count305
\@lastruleclass=\count306
\@thisrulewidth=\dimen183
)
Class revtex4-1 Info: Unrecognized array package. Please update this document c
lass! (Proceeding with fingers crossed.) on input line 27.
Class revtex4-1 Info: Patching unrecognized longtable package. (Proceeding with
 fingers crossed) on input line 27.
Class revtex4-1 Info: cite was not loaded (OK!) on input line 27.
Class revtex4-1 Info: mcite was not loaded (OK!) on input line 27.
Class revtex4-1 Info: multicol was not loaded (OK!) on input line 27.

(/usr/local/texlive/2022/texmf-dist/tex/latex/l3backend/l3backend-pdftex.def
File: l3backend-pdftex.def 2022-02-07 L3 backend support: PDF output (pdfTeX)
\l__color_backend_stack_int=\count307
\l__pdf_internal_box=\box74
)
(./technosignatures_20pc_v3.24.aux)
\openout1 = `technosignatures_20pc_v3.24.aux'.

LaTeX Font Info:    Checking defaults for OML/cmm/m/it on input line 27.
LaTeX Font Info:    ... okay on input line 27.
LaTeX Font Info:    Checking defaults for OMS/cmsy/m/n on input line 27.
LaTeX Font Info:    ... okay on input line 27.
LaTeX Font Info:    Checking defaults for OT1/cmr/m/n on input line 27.
LaTeX Font Info:    ... okay on input line 27.
LaTeX Font Info:    Checking defaults for T1/cmr/m/n on input line 27.
LaTeX Font Info:    ... okay on input line 27.
LaTeX Font Info:    Checking defaults for TS1/cmr/m/n on input line 27.
LaTeX Font Info:    ... okay on input line 27.
LaTeX Font Info:    Checking defaults for OMX/cmex/m/n on input line 27.
LaTeX Font Info:    ... okay on input line 27.
LaTeX Font Info:    Checking defaults for U/cmr/m/n on input line 27.
LaTeX Font Info:    ... okay on input line 27.
LaTeX Font Info:    Checking defaults for PD1/pdf/m/n on input line 27.
LaTeX Font Info:    ... okay on input line 27.
LaTeX Font Info:    Checking defaults for PU/pdf/m/n on input line 27.
LaTeX Font Info:    ... okay on input line 27.

(/usr/local/texlive/2022/texmf-dist/tex/context/base/mkii/supp-pdf.mkii
[Loading MPS to PDF converter (version 2006.09.02).]
\scratchcounter=\count308
\scratchdimen=\dimen184
\scratchbox=\box75
\nofMPsegments=\count309
\nofMParguments=\count310
\everyMPshowfont=\toks31
\MPscratchCnt=\count311
\MPscratchDim=\dimen185
\MPnumerator=\count312
\makeMPintoPDFobject=\count313
\everyMPtoPDFconversion=\toks32
) (/usr/local/texlive/2022/texmf-dist/tex/latex/epstopdf-pkg/epstopdf-base.sty
Package: epstopdf-base 2020-01-24 v2.11 Base part for package epstopdf
Package epstopdf-base Info: Redefining graphics rule for `.eps' on input line 4
85.

(/usr/local/texlive/2022/texmf-dist/tex/latex/latexconfig/epstopdf-sys.cfg
File: epstopdf-sys.cfg 2010/07/13 v1.3 Configuration of (r)epstopdf for TeX Liv
e
))
Package hyperref Info: Link coloring OFF on input line 27.

(/usr/local/texlive/2022/texmf-dist/tex/latex/hyperref/nameref.sty
Package: nameref 2021-04-02 v2.47 Cross-referencing by name of section

(/usr/local/texlive/2022/texmf-dist/tex/latex/refcount/refcount.sty
Package: refcount 2019/12/15 v3.6 Data extraction from label references (HO)
)
(/usr/local/texlive/2022/texmf-dist/tex/generic/gettitlestring/gettitlestring.s
ty
Package: gettitlestring 2019/12/15 v1.6 Cleanup title references (HO)
)
\c@section@level=\count314
)
LaTeX Info: Redefining \ref on input line 27.
LaTeX Info: Redefining \pageref on input line 27.
LaTeX Info: Redefining \nameref on input line 27.
 (./technosignatures_20pc_v3.24.out) (./technosignatures_20pc_v3.24.out)
\@outlinefile=\write4
\openout4 = `technosignatures_20pc_v3.24.out'.

Class revtex4-1 Info: Taking \maketitle back from hyperref on input line 27.
\openout3 = `technosignatures_20pc_v3.24Notes.bib'.

LaTeX Font Info:    Trying to load font information for U+lasy on input line 54
.

(/usr/local/texlive/2022/texmf-dist/tex/latex/base/ulasy.fd
File: ulasy.fd 1998/08/17 v2.2e LaTeX symbol font definitions
)
LaTeX Font Info:    Trying to load font information for U+msa on input line 54.


(/usr/local/texlive/2022/texmf-dist/tex/latex/amsfonts/umsa.fd
File: umsa.fd 2013/01/14 v3.01 AMS symbols A
)
LaTeX Font Info:    Trying to load font information for U+msb on input line 54.


(/usr/local/texlive/2022/texmf-dist/tex/latex/amsfonts/umsb.fd
File: umsb.fd 2013/01/14 v3.01 AMS symbols B
)

Class revtex4-1 Warning: Assuming \noaffiliation for authors.

[1{/usr/local/texlive/2022/texmf-var/fonts/map/pdftex/updmap/pdftex.map}]
<figures/eirp_context.pdf, id=230, 794.97pt x 332.44202pt>
File: figures/eirp_context.pdf Graphic file (type pdf)
<use figures/eirp_context.pdf>
Package pdftex.def Info: figures/eirp_context.pdf  used on input line 191.
(pdftex.def)             Requested size: 513.11743pt x 214.58324pt.

[2 <./figures/eirp_context.pdf>]
Overfull \vbox (3.71942pt too high) has occurred while \output is active []


[3]
<figures/pipeline_schematic.pdf, id=415, 794.97pt x 390.25798pt>
File: figures/pipeline_schematic.pdf Graphic file (type pdf)
<use figures/pipeline_schematic.pdf>
Package pdftex.def Info: figures/pipeline_schematic.pdf  used on input line 428
.
(pdftex.def)             Requested size: 513.11743pt x 251.90204pt.
 [4] [5 <./figures/pipeline_schematic.pdf>] [6]
<figures/completeness.pdf, id=587, 505.89pt x 542.025pt>
File: figures/completeness.pdf Graphic file (type pdf)
<use figures/completeness.pdf>
Package pdftex.def Info: figures/completeness.pdf  used on input line 768.
(pdftex.def)             Requested size: 441.2813pt x 472.8068pt.
 [7] [8 <./figures/completeness.pdf>]
Underfull \hbox (badness 10000) in paragraph at lines 859--860
[]|\T1/cmr/m/n/9 In head-line
 []


Underfull \hbox (badness 10000) in paragraph at lines 861--861
[]|\T1/cmr/m/n/9 Primary nar-row-band
 []


Underfull \hbox (badness 10000) in paragraph at lines 865--865
[]|\T1/cmr/m/n/9 Continuum anomaly
 []


Underfull \hbox (badness 2495) in paragraph at lines 866--867
[]|\T1/cmr/m/n/9 Exploratory; small-sample re-sam-pling
 []


Underfull \hbox (badness 10000) in paragraph at lines 870--871
[]|\T1/cmr/m/n/9 Disposition
 []


Underfull \hbox (badness 10000) in paragraph at lines 871--871
[]|\T1/cmr/m/n/9 Injection-recovery
 []


Underfull \hbox (badness 10000) in paragraph at lines 873--874
[]|\T1/cmr/m/n/9 Completeness
 []


Underfull \hbox (badness 10000) in paragraph at lines 876--876
[]|\T1/cmr/m/n/9 Frequency-occupancy
 []


Underfull \hbox (badness 10000) in paragraph at lines 878--879
[]|\T1/cmr/m/n/9 Disposition
 []

[9] [10] [11]
<figures/bpic_velocity_space.pdf, id=751, 469.755pt x 332.44202pt>
File: figures/bpic_velocity_space.pdf Graphic file (type pdf)
<use figures/bpic_velocity_space.pdf>
Package pdftex.def Info: figures/bpic_velocity_space.pdf  used on input line 12
31.
(pdftex.def)             Requested size: 513.11743pt x 363.13072pt.


LaTeX Font Warning: Font shape `T1/cmr/m/scit' undefined
(Font)              using `T1/cmr/m/it' instead on input line 1261.


LaTeX Font Warning: Font shape `T1/cmr/m/scit' undefined
(Font)              using `T1/cmr/m/it' instead on input line 1261.

[12 <./figures/bpic_velocity_space.pdf>] [13]
LaTeX Font Info:    Trying to load font information for T1+cmtt on input line 1
487.

(/usr/local/texlive/2022/texmf-dist/tex/latex/base/t1cmtt.fd
File: t1cmtt.fd 2019/12/16 v2.5j Standard LaTeX font definitions
) [14]
<figures/eirp_continuum_vs_distance.pdf, id=886, 794.97pt x 310.761pt>
File: figures/eirp_continuum_vs_distance.pdf Graphic file (type pdf)
<use figures/eirp_continuum_vs_distance.pdf>
Package pdftex.def Info: figures/eirp_continuum_vs_distance.pdf  used on input 
line 1594.
(pdftex.def)             Requested size: 487.45999pt x 190.55971pt.
<figures/freq_coverage.pdf, id=893, 1047.915pt x 296.307pt>
File: figures/freq_coverage.pdf Graphic file (type pdf)
<use figures/freq_coverage.pdf>
Package pdftex.def Info: figures/freq_coverage.pdf  used on input line 1633.
(pdftex.def)             Requested size: 513.11743pt x 145.09222pt.

Overfull \hbox (191.17683pt too wide) in paragraph at lines 1716--1741
 []$[]$ 
 []

[15] [16 <./figures/eirp_continuum_vs_distance.pdf> <./figures/freq_coverage.pd
f>] [17] [18] [19] [20] [21]
<figures/eirp_vs_linewidth.pdf, id=1182, 607.068pt x 346.89601pt>
File: figures/eirp_vs_linewidth.pdf Graphic file (type pdf)
<use figures/eirp_vs_linewidth.pdf>
Package pdftex.def Info: figures/eirp_vs_linewidth.pdf  used on input line 2419
.
(pdftex.def)             Requested size: 472.0671pt x 269.75204pt.
 [22] [23 <./figures/eirp_vs_linewidth.pdf>]
Underfull \hbox (badness 10000) in paragraph at lines 2571--2571
[]|\T1/cmr/m/n/9 pioneered
 []


Underfull \hbox (badness 10000) in paragraph at lines 2571--2571
\T1/cmr/m/n/9 multi-site RFI
 []


Underfull \hbox (badness 3138) in paragraph at lines 2571--2571
\T1/cmr/m/n/9 com-men-sal SETI
 []


Underfull \hbox (badness 10000) in paragraph at lines 2571--2571
[]|$\OML/cmm/m/it/9 ^^L$\T1/cmr/m/n/9 -CVAE cuts
 []


Underfull \hbox (badness 10000) in paragraph at lines 2571--2571
\T1/cmr/m/n/9 human-vetting
 []


Underfull \hbox (badness 10000) in paragraph at lines 2571--2571
[]|\T1/cmr/m/n/9 interstellar-object
 []


Overfull \hbox (10.42145pt too wide) in paragraph at lines 2571--2571
[]|\T1/cmr/m/n/9 eclipsing/occultation
 []


Underfull \hbox (badness 10000) in paragraph at lines 2571--2571
[]|\T1/cmr/m/n/9 commensal
 []


Underfull \hbox (badness 10000) in paragraph at lines 2571--2571
[]|\T1/cmr/m/n/9 first ALMA
 []


Underfull \hbox (badness 10000) in paragraph at lines 2571--2571
\T1/cmr/m/n/9 tech-nosig-na-
 []


Underfull \hbox (badness 10000) in paragraph at lines 2571--2571
\T1/cmr/m/n/9 ture search;
 []


Underfull \hbox (badness 10000) in paragraph at lines 2571--2571
\T1/cmr/m/n/9 EIRP$[] \OT1/cmr/m/n/9 =
 []


Underfull \hbox (badness 10000) in paragraph at lines 2571--2571
\OT1/cmr/m/n/9 6\OML/cmm/m/it/9 :\OT1/cmr/m/n/9 9 \OMS/cmsy/m/n/9 ^^B \OT1/cmr/
m/n/9 10[]$\T1/cmr/m/n/9 W
 []

[24] [25] [26]
<figures/selection.pdf, id=1429, 679.33798pt x 476.98201pt>
File: figures/selection.pdf Graphic file (type pdf)
<use figures/selection.pdf>
Package pdftex.def Info: figures/selection.pdf  used on input line 2834.
(pdftex.def)             Requested size: 487.45999pt x 342.26955pt.
<figures/symcdf.pdf, id=1431, 332.44202pt x 260.17201pt>
File: figures/symcdf.pdf Graphic file (type pdf)
<use figures/symcdf.pdf>
Package pdftex.def Info: figures/symcdf.pdf  used on input line 2852.
(pdftex.def)             Requested size: 513.11743pt x 401.57124pt.
<figures/aumic_control_maxima.pdf, id=1433, 520.34402pt x 332.44202pt>
File: figures/aumic_control_maxima.pdf Graphic file (type pdf)
<use figures/aumic_control_maxima.pdf>
Package pdftex.def Info: figures/aumic_control_maxima.pdf  used on input line 2
903.
(pdftex.def)             Requested size: 513.11743pt x 327.84029pt.
 [27] [28 <./figures/selection.pdf>]
Underfull \hbox (badness 2181) in paragraph at lines 3006--3006
[][]| [] [][]\T1/cmr/m/n/8 TAP query of the iden-ti-fier ta-ble joined to the b
a-sic source data (co-or-di-nates, ob-ject and spec-tral type, par-al-lax),
 []

[29 <./figures/symcdf.pdf>]
<figures/eirp_vs_frequency.pdf, id=1671, 614.295pt x 332.44202pt>
File: figures/eirp_vs_frequency.pdf Graphic file (type pdf)
<use figures/eirp_vs_frequency.pdf>
Package pdftex.def Info: figures/eirp_vs_frequency.pdf  used on input line 3208
.
(pdftex.def)             Requested size: 461.80255pt x 249.91931pt.
<figures/star_coverage.pdf, id=1677, 520.34402pt x 476.98201pt>
File: figures/star_coverage.pdf Graphic file (type pdf)
<use figures/star_coverage.pdf>
Package pdftex.def Info: figures/star_coverage.pdf  used on input line 3230.
(pdftex.def)             Requested size: 513.11743pt x 470.37955pt.
<figures/sample_distance_distribution.pdf, id=1679, 469.755pt x 303.534pt>
File: figures/sample_distance_distribution.pdf Graphic file (type pdf)
<use figures/sample_distance_distribution.pdf>
Package pdftex.def Info: figures/sample_distance_distribution.pdf  used on inpu
t line 3255.
(pdftex.def)             Requested size: 513.11743pt x 331.55412pt.
<figures/drift_acceleration.pdf, id=1681, 549.25201pt x 346.89601pt>
File: figures/drift_acceleration.pdf Graphic file (type pdf)
<use figures/drift_acceleration.pdf>
Package pdftex.def Info: figures/drift_acceleration.pdf  used on input line 329
8.
(pdftex.def)             Requested size: 513.11743pt x 324.07088pt.

Underfull \hbox (badness 10000) in paragraph at lines 3389--3389
[]|\T1/cmr/m/n/7 narrowband
 []


Underfull \hbox (badness 10000) in paragraph at lines 3389--3389
\T1/cmr/m/n/7 search failed;
 []


Underfull \hbox (badness 10000) in paragraph at lines 3389--3389
\T1/cmr/m/n/7 partial-
 []


Underfull \hbox (badness 10000) in paragraph at lines 3389--3389
\T1/cmr/m/n/7 crossmatch
 []


Underfull \hbox (badness 10000) in paragraph at lines 3389--3389
\T1/cmr/m/n/7 epochs ex-
 []


Underfull \hbox (badness 10000) in paragraph at lines 3389--3389
\T1/cmr/m/n/7 cluded from
 []


Underfull \hbox (badness 10000) in paragraph at lines 3389--3389
\T1/cmr/m/n/7 con-tin-uum
 []


Underfull \hbox (badness 10000) in paragraph at lines 3389--3389
[]|\T1/cmr/m/n/7 first ALMA
 []


Underfull \hbox (badness 10000) in paragraph at lines 3389--3389
\T1/cmr/m/n/7 tech-nosig-na-ture
 []


Underfull \hbox (badness 3803) in paragraph at lines 3389--3389
\T1/cmr/m/n/7 search of this
 []


Underfull \hbox (badness 10000) in paragraph at lines 3389--3389
[]|\T1/cmr/m/n/7 narrowband
 []


Underfull \hbox (badness 10000) in paragraph at lines 3389--3389
\T1/cmr/m/n/7 search failed;
 []


Underfull \hbox (badness 10000) in paragraph at lines 3389--3389
\T1/cmr/m/n/7 partial-
 []


Underfull \hbox (badness 10000) in paragraph at lines 3389--3389
\T1/cmr/m/n/7 crossmatch
 []


Underfull \hbox (badness 10000) in paragraph at lines 3389--3389
\T1/cmr/m/n/7 epochs ex-
 []


Underfull \hbox (badness 10000) in paragraph at lines 3389--3389
\T1/cmr/m/n/7 cluded from
 []


Underfull \hbox (badness 10000) in paragraph at lines 3389--3389
[]|\T1/cmr/m/n/7 first ALMA
 []


Underfull \hbox (badness 10000) in paragraph at lines 3389--3389
\T1/cmr/m/n/7 tech-nosig-na-ture
 []


Underfull \hbox (badness 3803) in paragraph at lines 3389--3389
\T1/cmr/m/n/7 search of this
 []


Underfull \hbox (badness 10000) in paragraph at lines 3389--3389
[]|\T1/cmr/m/n/7 primary-beam
 []


Underfull \hbox (badness 10000) in paragraph at lines 3389--3389
\T1/cmr/m/n/7 cor-rected
 []


Underfull \hbox (badness 10000) in paragraph at lines 3389--3389
[]|\T1/cmr/m/n/7 primary-beam
 []


Underfull \hbox (badness 10000) in paragraph at lines 3389--3389
\T1/cmr/m/n/7 cor-rected
 []


Underfull \hbox (badness 10000) in paragraph at lines 3389--3389
[]|\T1/cmr/m/n/7 primary-beam
 []


Underfull \hbox (badness 10000) in paragraph at lines 3389--3389
\T1/cmr/m/n/7 cor-rected
 []


Underfull \hbox (badness 2384) in paragraph at lines 3389--3389
[]|\T1/cmr/m/n/7 unresolved UV
 []


Underfull \hbox (badness 5431) in paragraph at lines 3389--3389
\T1/cmr/m/n/7 Cet AB pair,
 []


LaTeX Warning: Float too large for page by 3.90836pt on input line 3432.


Overfull \hbox (4.23718pt too wide) in paragraph at lines 3476--3476
[]|\T1/cmr/m/n/7 unresolved
 []


Underfull \hbox (badness 10000) in paragraph at lines 3476--3476
\T1/cmr/m/n/7 UV Cet
 []


Underfull \hbox (badness 10000) in paragraph at lines 3476--3476
\T1/cmr/m/n/7 blended
 []


Underfull \hbox (badness 10000) in paragraph at lines 3476--3476
[]|\T1/cmr/m/n/7 Teff-
 []


Underfull \hbox (badness 10000) in paragraph at lines 3476--3476
\T1/cmr/m/n/7 derived
 []


Underfull \hbox (badness 10000) in paragraph at lines 3476--3476
\T1/cmr/m/n/7 sp-type;
 []


Underfull \hbox (badness 10000) in paragraph at lines 3476--3476
\T1/cmr/m/n/7 large-
 []


Underfull \hbox (badness 10000) in paragraph at lines 3476--3476
\T1/cmr/m/n/7 offset
 []


Underfull \hbox (badness 10000) in paragraph at lines 3476--3476
\T1/cmr/m/n/7 beam
 []


Overfull \hbox (8.94006pt too wide) in paragraph at lines 3476--3476
\T1/cmr/m/n/7 systematic$[]$
 []


Underfull \hbox (badness 10000) in paragraph at lines 3476--3476
\T1/cmr/m/n/7 (Ÿ[]4[]);
 []


Underfull \hbox (badness 10000) in paragraph at lines 3476--3476
\OML/cmm/m/it/7 ^^[[] \OT1/cmr/m/n/7 =
 []


Overfull \hbox (1.85463pt too wide) in paragraph at lines 3476--3476
\OT1/cmr/m/n/7 0\OML/cmm/m/it/7 :\OT1/cmr/m/n/7 262$\T1/cmr/m/n/7 mJy| 
 []


Overfull \hbox (9.88303pt too wide) in paragraph at lines 3476--3476
[]|\T1/cmr/m/n/7 reprocessing
 []


Underfull \hbox (badness 10000) in paragraph at lines 3476--3476
\T1/cmr/m/n/7 queued
 []


Underfull \hbox (badness 10000) in paragraph at lines 3476--3476
\T1/cmr/m/n/7 (other
 []


Underfull \hbox (badness 10000) in paragraph at lines 3476--3476
[]|\T1/cmr/m/n/7 Teff-
 []


Underfull \hbox (badness 10000) in paragraph at lines 3476--3476
\T1/cmr/m/n/7 derived
 []


Overfull \hbox (2.5987pt too wide) in paragraph at lines 3476--3476
[]|\T1/cmr/m/n/7 Kapteyn's
 []


Underfull \hbox (badness 10000) in paragraph at lines 3476--3476
\T1/cmr/m/n/7 Star;
 []


Underfull \hbox (badness 10000) in paragraph at lines 3476--3476
\T1/cmr/m/n/7 re-pro-
 []


Underfull \hbox (badness 10000) in paragraph at lines 3476--3476
\T1/cmr/m/n/7 cess-ing
 []


Underfull \hbox (badness 10000) in paragraph at lines 3476--3476
\T1/cmr/m/n/7 queued
 []


Underfull \hbox (badness 10000) in paragraph at lines 3476--3476
\T1/cmr/m/n/7 (other
 []


Overfull \hbox (8.71387pt too wide) in paragraph at lines 3476--3476
[]|\T1/cmr/m/n/7 narrowband
 []


Underfull \hbox (badness 10000) in paragraph at lines 3476--3476
\T1/cmr/m/n/7 search
 []


Underfull \hbox (badness 10000) in paragraph at lines 3476--3476
\T1/cmr/m/n/7 failed;
 []


Overfull \hbox (6.51302pt too wide) in paragraph at lines 3476--3476
\T1/cmr/m/n/7 M8.5V+T6
 []


Underfull \hbox (badness 10000) in paragraph at lines 3476--3476
\T1/cmr/m/n/7 bi-nary
 []


Underfull \hbox (badness 10000) in paragraph at lines 3476--3476
\T1/cmr/m/n/7 (Teff
 []


Underfull \hbox (badness 10000) in paragraph at lines 3476--3476
\T1/cmr/m/n/7 un-avail-
 []


Underfull \hbox (badness 10000) in paragraph at lines 3476--3476
\T1/cmr/m/n/7 able);
 []


Underfull \hbox (badness 10000) in paragraph at lines 3476--3476
\T1/cmr/m/n/7 partial-
 []


Overfull \hbox (5.7868pt too wide) in paragraph at lines 3476--3476
\T1/cmr/m/n/7 crossmatch
 []


Underfull \hbox (badness 10000) in paragraph at lines 3476--3476
\T1/cmr/m/n/7 epochs
 []


Underfull \hbox (badness 10000) in paragraph at lines 3476--3476
\T1/cmr/m/n/7 ex-cluded
 []


Underfull \hbox (badness 10000) in paragraph at lines 3476--3476
\T1/cmr/m/n/7 from
 []


Overfull \hbox (4.08305pt too wide) in paragraph at lines 3476--3476
\T1/cmr/m/n/7 continuum| 
 []


Underfull \hbox (badness 10000) in paragraph at lines 3476--3476
[]|\T1/cmr/m/n/7 Van
 []


Underfull \hbox (badness 10000) in paragraph at lines 3476--3476
\T1/cmr/m/n/7 Maa-
 []


Underfull \hbox (badness 10000) in paragraph at lines 3476--3476
\T1/cmr/m/n/7 nen's
 []


Underfull \hbox (badness 10000) in paragraph at lines 3476--3476
\T1/cmr/m/n/7 Star
 []


Underfull \hbox (badness 10000) in paragraph at lines 3476--3476
\T1/cmr/m/n/7 (white
 []


Underfull \hbox (badness 10000) in paragraph at lines 3476--3476
\T1/cmr/m/n/7 dwarf);
 []


Underfull \hbox (badness 10000) in paragraph at lines 3476--3476
\T1/cmr/m/n/7 re-pro-
 []


Underfull \hbox (badness 10000) in paragraph at lines 3476--3476
\T1/cmr/m/n/7 cess-ing
 []


Underfull \hbox (badness 10000) in paragraph at lines 3476--3476
\T1/cmr/m/n/7 queued
 []


Underfull \hbox (badness 10000) in paragraph at lines 3476--3476
\T1/cmr/m/n/7 (other
 []


Underfull \hbox (badness 10000) in paragraph at lines 3476--3476
[]|\T1/cmr/m/n/7 Teff-
 []


Underfull \hbox (badness 10000) in paragraph at lines 3476--3476
\T1/cmr/m/n/7 derived
 []


Underfull \hbox (badness 10000) in paragraph at lines 3476--3476
[]|\T1/cmr/m/n/7 known
 []


Underfull \hbox (badness 10000) in paragraph at lines 3476--3476
\T1/cmr/m/n/7 strongly-
 []


Overfull \hbox (14.21252pt too wide) in paragraph at lines 3476--3476
\T1/cmr/m/n/7 magnetically-
 []


Underfull \hbox (badness 10000) in paragraph at lines 3476--3476
\T1/cmr/m/n/7 active
 []


Underfull \hbox (badness 10000) in paragraph at lines 3476--3476
\T1/cmr/m/n/7 UCD
 []


Underfull \hbox (badness 10000) in paragraph at lines 3476--3476
\T1/cmr/m/n/7 (Hal-li-nan
 []


Underfull \hbox (badness 10000) in paragraph at lines 3476--3476
\T1/cmr/m/n/7 et al.
 []


Underfull \hbox (badness 10000) in paragraph at lines 3476--3476
\T1/cmr/m/n/7 2007);
 []


Underfull \hbox (badness 10000) in paragraph at lines 3476--3476
\T1/cmr/m/n/7 con-tin-
 []


Underfull \hbox (badness 10000) in paragraph at lines 3476--3476
\T1/cmr/m/n/7 uum
 []


Underfull \hbox (badness 10000) in paragraph at lines 3476--3476
\T1/cmr/m/n/7 de-tec-
 []


Underfull \hbox (badness 1127) in paragraph at lines 3476--3476
\T1/cmr/m/n/7 tion, see
 []


LaTeX Warning: Float too large for page by 113.09415pt on input line 3477.


Underfull \hbox (badness 10000) in paragraph at lines 3523--3523
[]|\T1/cmr/m/n/7 known ex-o-
 []


Underfull \hbox (badness 10000) in paragraph at lines 3523--3523
\T1/cmr/m/n/7 planet host
 []


Underfull \hbox (badness 2903) in paragraph at lines 3523--3523
\T1/cmr/m/n/7 (HN Lib b,
 []


Underfull \hbox (badness 10000) in paragraph at lines 3523--3523
\T1/cmr/m/n/7 hab-it-able
 []


Underfull \hbox (badness 10000) in paragraph at lines 3523--3523
[]|\T1/cmr/m/n/7 narrowband
 []


Underfull \hbox (badness 10000) in paragraph at lines 3523--3523
\T1/cmr/m/n/7 partial-
 []


Underfull \hbox (badness 10000) in paragraph at lines 3523--3523
\T1/cmr/m/n/7 crossmatch
 []


Underfull \hbox (badness 10000) in paragraph at lines 3523--3523
\T1/cmr/m/n/7 epochs ex-
 []


Underfull \hbox (badness 6078) in paragraph at lines 3523--3523
\T1/cmr/m/n/7 cluded from
 []


Underfull \hbox (badness 10000) in paragraph at lines 3571--3571
[]|\T1/cmr/m/n/7 automated flag,
 []


Underfull \hbox (badness 3029) in paragraph at lines 3571--3571
\T1/cmr/m/n/7 not cred-i-ble, see
 []


Underfull \hbox (badness 5147) in paragraph at lines 3571--3571
[]|\T1/cmr/m/n/7 narrowband com-
 []


Underfull \hbox (badness 4832) in paragraph at lines 3571--3571
\T1/cmr/m/n/7 plete; con-tin-uum
 []


Underfull \hbox (badness 10000) in paragraph at lines 3618--3618
[]|\T1/cmr/m/n/7 white dwarf;
 []


Underfull \hbox (badness 6332) in paragraph at lines 3665--3665
[]|\T1/cmr/m/n/7 known ex-o-planet
 []


Underfull \hbox (badness 4886) in paragraph at lines 3665--3665
\T1/cmr/m/n/7 host (LHS 1140
 []


Underfull \hbox (badness 4242) in paragraph at lines 3665--3665
\T1/cmr/m/n/7 win-dow ex-cluded
 []


Underfull \hbox (badness 1460) in paragraph at lines 3665--3665
\T1/cmr/m/n/7 (see Ÿ[]5[]); con-tin-
 []


Underfull \hbox (badness 1127) in paragraph at lines 3665--3665
\T1/cmr/m/n/7 uum with-held (1
 []


Underfull \hbox (badness 10000) in paragraph at lines 3665--3665
[]|\T1/cmr/m/n/7 formerly tab-u-
 []


Underfull \hbox (badness 10000) in paragraph at lines 3665--3665
\T1/cmr/m/n/7 re-solved to HD
 []


Underfull \hbox (badness 10000) in paragraph at lines 3665--3665
\T1/cmr/m/n/7 139664 (Ÿ[]5.3[]);
 []


Underfull \hbox (badness 10000) in paragraph at lines 3665--3665
\T1/cmr/m/n/7 con-tin-uum with-
 []


Underfull \hbox (badness 2073) in paragraph at lines 3711--3711
[]|\T1/cmr/m/n/7 CO(2-1) line, au-
 []


Underfull \hbox (badness 2772) in paragraph at lines 3711--3711
\T1/cmr/m/n/7 to-mated flag, see
 []


Underfull \hbox (badness 10000) in paragraph at lines 3774--3774
[]|\T1/cmr/m/n/9 block win-
 []


Overfull \hbox (6.80565pt too wide) in paragraph at lines 3774--3774
\T1/cmr/m/n/9 dow/hit/marked
 []


Underfull \hbox (badness 2521) in paragraph at lines 3774--3774
\T1/cmr/m/n/9 counts; block
 []


Underfull \hbox (badness 10000) in paragraph at lines 3774--3774
[]|\T1/cmr/m/n/9 within-block
 []


Underfull \hbox (badness 10000) in paragraph at lines 3774--3774
\T1/cmr/m/n/9 hit--marked
 []


Underfull \hbox (badness 10000) in paragraph at lines 3775--3775
[]|\T1/cmr/m/n/9 window, hit,
 []


Underfull \hbox (badness 10000) in paragraph at lines 3775--3775
[]|\T1/cmr/m/n/9 hit place-
 []


Underfull \hbox (badness 10000) in paragraph at lines 3775--3775
\T1/cmr/m/n/9 ment among
 []


Underfull \hbox (badness 10000) in paragraph at lines 3776--3776
[]|\T1/cmr/m/n/9 nothing
 []


Underfull \hbox (badness 10000) in paragraph at lines 3776--3776
[]|\T1/cmr/m/n/9 whole
 []


Underfull \hbox (badness 10000) in paragraph at lines 3776--3776
\T1/cmr/m/n/9 blocks, with
 []


Underfull \hbox (badness 10000) in paragraph at lines 3777--3777
[]|\T1/cmr/m/n/9 Poisson $\OML/cmm/m/it/9 F$
 []


Underfull \hbox (badness 10000) in paragraph at lines 3778--3778
[]|\T1/cmr/m/n/9 Poisson $\OML/cmm/m/it/9 F$
 []


Underfull \hbox (badness 10000) in paragraph at lines 3778--3778
\T1/cmr/m/n/9 draws at
 []

[30 <./figures/aumic_control_maxima.pdf>] [31] [32] [33 <./figures/eirp_vs_freq
uency.pdf>] [34] [35] [36 <./figures/star_coverage.pdf>] [37 <./figures/sample_
distance_distribution.pdf>] [38 <./figures/drift_acceleration.pdf>] [39]
[40] [41] [42] [43] (./technosignatures_20pc_v3.24.bbl) [44]
(./technosignatures_20pc_v3.24.aux)
Package rerunfilecheck Info: File `technosignatures_20pc_v3.24.out' has not cha
nged.
(rerunfilecheck)             Checksum: D70E3DE2FB922EE4E4EA69C08DD50812;8468.
 ) 
Here is how much of TeX's memory you used:
 12765 strings out of 478268
 193874 string characters out of 5846347
 754829 words of memory out of 5000000
 30587 multiletter control sequences out of 15000+600000
 488393 words of font info for 79 fonts, out of 8000000 for 9000
 1141 hyphenation exceptions out of 8191
 70i,12n,76p,2215b,398s stack positions out of 10000i,1000n,20000p,200000b,200000s
{/usr/local/texlive/2022/texmf-dist/fonts/enc/dvips/cm-super/cm-super-t1.enc}
</usr/local/texlive/2022/texmf-dist/fonts/type1/public/amsfonts/cm/cmex10.pfb><
/usr/local/texlive/2022/texmf-dist/fonts/type1/public/amsfonts/cmextra/cmex8.pf
b></usr/local/texlive/2022/texmf-dist/fonts/type1/public/amsfonts/cm/cmmi10.pfb
></usr/local/texlive/2022/texmf-dist/fonts/type1/public/amsfonts/cm/cmmi5.pfb><
/usr/local/texlive/2022/texmf-dist/fonts/type1/public/amsfonts/cm/cmmi6.pfb></u
sr/local/texlive/2022/texmf-dist/fonts/type1/public/amsfonts/cm/cmmi7.pfb></usr
/local/texlive/2022/texmf-dist/fonts/type1/public/amsfonts/cm/cmmi8.pfb></usr/l
ocal/texlive/2022/texmf-dist/fonts/type1/public/amsfonts/cm/cmmi9.pfb></usr/loc
al/texlive/2022/texmf-dist/fonts/type1/public/amsfonts/cm/cmr10.pfb></usr/local
/texlive/2022/texmf-dist/fonts/type1/public/amsfonts/cm/cmr5.pfb></usr/local/te
xlive/2022/texmf-dist/fonts/type1/public/amsfonts/cm/cmr6.pfb></usr/local/texli
ve/2022/texmf-dist/fonts/type1/public/amsfonts/cm/cmr7.pfb></usr/local/texlive/
2022/texmf-dist/fonts/type1/public/amsfonts/cm/cmr8.pfb></usr/local/texlive/202
2/texmf-dist/fonts/type1/public/amsfonts/cm/cmr9.pfb></usr/local/texlive/2022/t
exmf-dist/fonts/type1/public/amsfonts/cm/cmsy10.pfb></usr/local/texlive/2022/te
xmf-dist/fonts/type1/public/amsfonts/cm/cmsy5.pfb></usr/local/texlive/2022/texm
f-dist/fonts/type1/public/amsfonts/cm/cmsy6.pfb></usr/local/texlive/2022/texmf-
dist/fonts/type1/public/amsfonts/cm/cmsy7.pfb></usr/local/texlive/2022/texmf-di
st/fonts/type1/public/amsfonts/cm/cmsy8.pfb></usr/local/texlive/2022/texmf-dist
/fonts/type1/public/amsfonts/cm/cmsy9.pfb></usr/local/texlive/2022/texmf-dist/f
onts/type1/public/amsfonts/symbols/msam10.pfb></usr/local/texlive/2022/texmf-di
st/fonts/type1/public/cm-super/sfbx0800.pfb></usr/local/texlive/2022/texmf-dist
/fonts/type1/public/cm-super/sfbx1000.pfb></usr/local/texlive/2022/texmf-dist/f
onts/type1/public/cm-super/sfcc0600.pfb></usr/local/texlive/2022/texmf-dist/fon
ts/type1/public/cm-super/sfcc0800.pfb></usr/local/texlive/2022/texmf-dist/fonts
/type1/public/cm-super/sfcc0900.pfb></usr/local/texlive/2022/texmf-dist/fonts/t
ype1/public/cm-super/sfrm0500.pfb></usr/local/texlive/2022/texmf-dist/fonts/typ
e1/public/cm-super/sfrm0600.pfb></usr/local/texlive/2022/texmf-dist/fonts/type1
/public/cm-super/sfrm0700.pfb></usr/local/texlive/2022/texmf-dist/fonts/type1/p
ublic/cm-super/sfrm0800.pfb></usr/local/texlive/2022/texmf-dist/fonts/type1/pub
lic/cm-super/sfrm0900.pfb></usr/local/texlive/2022/texmf-dist/fonts/type1/publi
c/cm-super/sfrm1000.pfb></usr/local/texlive/2022/texmf-dist/fonts/type1/public/
cm-super/sftc0800.pfb></usr/local/texlive/2022/texmf-dist/fonts/type1/public/cm
-super/sfti0800.pfb></usr/local/texlive/2022/texmf-dist/fonts/type1/public/cm-s
uper/sfti0900.pfb></usr/local/texlive/2022/texmf-dist/fonts/type1/public/cm-sup
er/sfti1000.pfb></usr/local/texlive/2022/texmf-dist/fonts/type1/public/cm-super
/sftt0800.pfb></usr/local/texlive/2022/texmf-dist/fonts/type1/public/cm-super/s
ftt0900.pfb></usr/local/texlive/2022/texmf-dist/fonts/type1/public/cm-super/sft
t1000.pfb>
Output written on technosignatures_20pc_v3.24.pdf (44 pages, 1690536 bytes).
PDF statistics:
 2342 PDF objects out of 2487 (max. 8388607)
 1149 compressed objects within 12 object streams
 190 named destinations out of 1000 (max. 500000)
 367 words of extra memory for PDF output out of 10000 (max. 10000000)

