\BOOKMARK [1][-]{section*.1}{\376\377\000A\000B\000S\000T\000R\000A\000C\000T}{section*.2}% 1
\BOOKMARK [1][-]{section.1}{\376\377\000I\000n\000t\000r\000o\000d\000u\000c\000t\000i\000o\000n}{}% 2
\BOOKMARK [1][-]{section.2}{\376\377\000B\000a\000c\000k\000g\000r\000o\000u\000n\000d}{}% 3
\BOOKMARK [1][-]{section.3}{\376\377\000T\000h\000e\000\040\000s\000a\000m\000p\000l\000e}{}% 4
\BOOKMARK [2][-]{subsection.3.1}{\376\377\000T\000h\000e\000\040\000a\000r\000c\000h\000i\000v\000a\000l\000\040\000s\000e\000l\000e\000c\000t\000i\000o\000n}{section.3}% 5
\BOOKMARK [2][-]{subsection.3.2}{\376\377\000F\000r\000e\000q\000u\000e\000n\000c\000y\000\040\000c\000o\000v\000e\000r\000a\000g\000e\000\040\000a\000n\000d\000\040\000a\000r\000c\000h\000i\000v\000a\000l\000\040\000s\000c\000o\000p\000e}{section.3}% 6
\BOOKMARK [1][-]{section.4}{\376\377\000D\000a\000t\000a\000\040\000a\000n\000d\000\040\000m\000e\000t\000h\000o\000d\000o\000l\000o\000g\000y}{}% 7
\BOOKMARK [2][-]{subsection.4.1}{\376\377\000T\000h\000e\000\040\000d\000e\000-\000d\000r\000i\000f\000t\000e\000d\000\040\000s\000e\000a\000r\000c\000h\000\040\000s\000t\000a\000t\000i\000s\000t\000i\000c}{section.4}% 8
\BOOKMARK [2][-]{subsection.4.2}{\376\377\000F\000r\000o\000m\000\040\000a\000\040\000c\000r\000o\000s\000s\000i\000n\000g\000\040\000t\000o\000\040\000a\000\040\000c\000a\000n\000d\000i\000d\000a\000t\000e}{section.4}% 9
\BOOKMARK [1][-]{section.5}{\376\377\000R\000e\000s\000u\000l\000t\000s}{}% 10
\BOOKMARK [2][-]{subsection.5.1}{\376\377\000S\000e\000n\000s\000i\000t\000i\000v\000i\000t\000y\000:\000\040\000t\000h\000e\000\040\000p\000o\000w\000e\000r\000\040\000a\000t\000\040\000w\000h\000i\000c\000h\000\040\000a\000\040\000c\000a\000r\000r\000i\000e\000r\000\040\000w\000o\000u\000l\000d\000\040\000h\000a\000v\000e\000\040\000b\000e\000e\000n\000\040\000f\000o\000u\000n\000d}{section.5}% 11
\BOOKMARK [2][-]{subsection.5.2}{\376\377\000T\000h\000e\000\040\000n\000e\000a\000r\000e\000s\000t\000\040\000s\000t\000a\000r\000s\000:\000\040\000B\000a\000r\000n\000a\000r\000d\000'\000s\000\040\000S\000t\000a\000r\000\040\000a\000n\000d\000\040\000W\000o\000l\000f\000\040\0003\0005\0009}{section.5}% 12
\BOOKMARK [2][-]{subsection.5.3}{\376\377\000T\000h\000r\000e\000s\000h\000o\000l\000d\000\040\000c\000r\000o\000s\000s\000i\000n\000g\000s\000\040\000a\000n\000d\000\040\000h\000o\000w\000\040\000e\000a\000c\000h\000\040\000w\000a\000s\000\040\000d\000i\000s\000p\000o\000s\000e\000d\000\040\000o\000f}{section.5}% 13
\BOOKMARK [3][-]{subsubsection.5.3.1}{\376\377\000M\000o\000s\000t\000\040\000o\000f\000\040\000t\000h\000e\000\040\000c\000r\000o\000s\000s\000i\000n\000g\000s\000\040\000a\000r\000e\000\040\000e\000x\000p\000e\000c\000t\000e\000d\000\040\000b\000y\000\040\000c\000h\000a\000n\000c\000e}{subsection.5.3}% 14
\BOOKMARK [3][-]{subsubsection.5.3.2}{\376\377\000O\000n\000e\000\040\000e\000x\000e\000c\000u\000t\000i\000o\000n\000\040\000b\000l\000o\000c\000k\000\040\000a\000c\000c\000o\000u\000n\000t\000s\000\040\000f\000o\000r\000\040\000f\000o\000u\000r\000\040\000o\000f\000\040\000t\000h\000e\000\040\000c\000r\000o\000s\000s\000i\000n\000g\000s}{subsection.5.3}% 15
\BOOKMARK [3][-]{subsubsection.5.3.3}{\376\377\000S\000t\000e\000l\000l\000a\000r\000\040\000f\000l\000a\000r\000e\000s\000\040\000a\000r\000e\000\040\000e\000x\000c\000l\000u\000d\000e\000d\000\040\000b\000y\000\040\000a\000\040\000b\000r\000o\000a\000d\000b\000a\000n\000d\000\040\000p\000r\000e\000d\000i\000c\000t\000i\000o\000n}{subsection.5.3}% 16
\BOOKMARK [2][-]{subsection.5.4}{\376\377\000\040\000P\000i\000c\000t\000o\000r\000i\000s\000:\000\040\000a\000n\000\040\000a\000s\000t\000r\000o\000p\000h\000y\000s\000i\000c\000a\000l\000\040\000p\000o\000s\000i\000t\000i\000v\000e\000\040\000c\000o\000n\000t\000r\000o\000l\000,\000\040\000a\000n\000d\000\040\000t\000h\000e\000\040\000o\000b\000s\000t\000a\000c\000l\000e\000\040\000i\000t\000\040\000i\000d\000e\000n\000t\000i\000f\000i\000e\000s}{section.5}% 17
\BOOKMARK [2][-]{subsection.5.5}{\376\377\000T\000h\000e\000\040\000c\000r\000o\000s\000s\000i\000n\000g\000s\000\040\000t\000h\000a\000t\000\040\000s\000u\000r\000v\000i\000v\000e\000\040\000t\000h\000e\000\040\000l\000i\000n\000e\000\040\000m\000a\000s\000k}{section.5}% 18
\BOOKMARK [3][-]{subsubsection.5.5.1}{\376\377\000T\000h\000e\000\040\000v\000i\000s\000i\000b\000i\000l\000i\000t\000y\000\040\000f\000i\000t\000,\000\040\000a\000n\000d\000\040\000w\000h\000y\000\040\000i\000t\000\040\000i\000s\000\040\000n\000o\000t\000\040\000t\000h\000e\000\040\000d\000i\000s\000c\000r\000i\000m\000i\000n\000a\000n\000t}{subsection.5.5}% 19
\BOOKMARK [2][-]{subsection.5.6}{\376\377\000R\000e\000c\000u\000r\000r\000e\000n\000c\000e\000,\000\040\000a\000p\000p\000l\000i\000e\000d\000\040\000t\000o\000\040\000e\000v\000e\000r\000y\000\040\000u\000n\000a\000t\000t\000r\000i\000b\000u\000t\000e\000d\000\040\000c\000r\000o\000s\000s\000i\000n\000g}{section.5}% 20
\BOOKMARK [3][-]{subsubsection.5.6.1}{\376\377\000W\000h\000a\000t\000\040\000c\000a\000n\000\040\000b\000e\000\040\000s\000e\000a\000r\000c\000h\000e\000d\000,\000\040\000a\000n\000d\000\040\000w\000h\000a\000t\000\040\000c\000a\000n\000\040\000b\000e\000\040\000c\000o\000n\000f\000i\000r\000m\000e\000d}{subsection.5.6}% 21
\BOOKMARK [2][-]{subsection.5.7}{\376\377\000A\000\040\000s\000t\000e\000l\000l\000a\000r\000-\000f\000r\000a\000m\000e\000\040\000m\000u\000l\000t\000i\000-\000e\000p\000o\000c\000h\000\040\000s\000t\000a\000c\000k\000e\000d\000\040\000s\000e\000a\000r\000c\000h}{section.5}% 22
\BOOKMARK [1][-]{section.6}{\376\377\000D\000i\000s\000c\000u\000s\000s\000i\000o\000n}{}% 23
\BOOKMARK [2][-]{subsection.6.1}{\376\377\000W\000h\000a\000t\000\040\000i\000s\000\040\000d\000i\000f\000f\000e\000r\000e\000n\000t\000\040\000a\000b\000o\000u\000t\000\040\000a\000\040\000m\000i\000l\000l\000i\000m\000e\000t\000r\000e\000\040\000t\000e\000c\000h\000n\000o\000s\000i\000g\000n\000a\000t\000u\000r\000e\000\040\000s\000e\000a\000r\000c\000h}{section.6}% 24
\BOOKMARK [2][-]{subsection.6.2}{\376\377\000T\000h\000e\000\040\000s\000e\000a\000r\000c\000h\000\040\000s\000p\000a\000c\000e\000\040\000t\000h\000i\000s\000\040\000a\000r\000c\000h\000i\000v\000e\000\040\000o\000p\000e\000n\000s}{section.6}% 25
\BOOKMARK [2][-]{subsection.6.3}{\376\377\000W\000h\000a\000t\000\040\000t\000h\000i\000s\000\040\000e\000x\000p\000e\000r\000i\000m\000e\000n\000t\000\040\000e\000x\000c\000l\000u\000d\000e\000s\000,\000\040\000a\000n\000d\000\040\000w\000h\000a\000t\000\040\000i\000t\000\040\000d\000o\000e\000s\000\040\000n\000o\000t}{section.6}% 26
\BOOKMARK [2][-]{subsection.6.4}{\376\377\000W\000h\000a\000t\000\040\000a\000\040\000d\000e\000d\000i\000c\000a\000t\000e\000d\000\040\000A\000L\000M\000A\000\040\000t\000e\000c\000h\000n\000o\000s\000i\000g\000n\000a\000t\000u\000r\000e\000\040\000e\000x\000p\000e\000r\000i\000m\000e\000n\000t\000\040\000s\000h\000o\000u\000l\000d\000\040\000d\000o\000\040\000d\000i\000f\000f\000e\000r\000e\000n\000t\000l\000y}{section.6}% 27
\BOOKMARK [1][-]{section.7}{\376\377\000C\000o\000n\000c\000l\000u\000s\000i\000o\000n\000s}{}% 28
\BOOKMARK [1][-]{appendix.A}{\376\377\000S\000p\000e\000c\000t\000r\000a\000l\000\040\000r\000e\000s\000p\000o\000n\000s\000e\000,\000\040\000f\000r\000e\000q\000u\000e\000n\000c\000y\000\040\000c\000o\000n\000v\000e\000n\000t\000i\000o\000n\000s\000\040\000a\000n\000d\000\040\000t\000h\000e\000\040\000p\000r\000i\000m\000a\000r\000y\000-\000b\000e\000a\000m\000\040\000r\000e\000s\000p\000o\000n\000s\000e}{}% 29
\BOOKMARK [2][-]{subsection.A.1}{\376\377\000F\000r\000e\000q\000u\000e\000n\000c\000y\000\040\000f\000r\000a\000m\000e\000s\000,\000\040\000l\000i\000n\000e\000w\000i\000d\000t\000h\000\040\000a\000n\000d\000\040\000s\000m\000e\000a\000r\000i\000n\000g}{appendix.A}% 30
\BOOKMARK [2][-]{subsection.A.2}{\376\377\000T\000h\000e\000\040\000p\000r\000i\000m\000a\000r\000y\000-\000b\000e\000a\000m\000\040\000r\000e\000s\000p\000o\000n\000s\000e\000,\000\040\000a\000n\000d\000\040\000t\000h\000e\000\040\000t\000w\000o\000\040\000c\000o\000l\000u\000m\000n\000s\000\040\000t\000h\000a\000t\000\040\000l\000e\000t\000\040\000a\000\040\000r\000e\000a\000d\000e\000r\000\040\000r\000e\000c\000o\000m\000p\000u\000t\000e\000\040\000i\000t}{appendix.A}% 31
\BOOKMARK [1][-]{appendix.B}{\376\377\000T\000h\000e\000\040\000s\000p\000a\000t\000i\000a\000l\000\040\000s\000c\000r\000e\000e\000n\000:\000\040\000c\000a\000l\000i\000b\000r\000a\000t\000i\000o\000n\000\040\000a\000n\000d\000\040\000v\000a\000l\000i\000d\000a\000t\000i\000o\000n}{}% 32
\BOOKMARK [2][-]{subsection.B.1}{\376\377\000T\000h\000e\000\040\000r\000e\000s\000e\000r\000v\000e\000d\000\040\000h\000o\000l\000d\000-\000o\000u\000t\000,\000\040\000a\000n\000d\000\040\000w\000h\000a\000t\000\040\000i\000t\000\040\000c\000a\000l\000i\000b\000r\000a\000t\000e\000s}{appendix.B}% 33
\BOOKMARK [2][-]{subsection.B.2}{\376\377\000O\000n\000e\000\040\000c\000r\000o\000s\000s\000i\000n\000g\000\040\000t\000h\000r\000o\000u\000g\000h\000\040\000t\000h\000e\000\040\000w\000h\000o\000l\000e\000\040\000c\000h\000a\000i\000n}{appendix.B}% 34
\BOOKMARK [1][-]{appendix.C}{\376\377\000T\000h\000e\000\040\000v\000e\000l\000o\000c\000i\000t\000y\000-\000s\000p\000a\000c\000e\000\040\000l\000i\000n\000e\000\040\000m\000a\000s\000k\000,\000\040\000a\000n\000d\000\040\000w\000h\000a\000t\000\040\000i\000t\000\040\000c\000o\000s\000t\000s}{}% 35
\BOOKMARK [2][-]{subsection.C.1}{\376\377\000T\000h\000e\000\040\000c\000o\000s\000t\000\040\000o\000f\000\040\000t\000h\000e\000\040\000m\000a\000s\000k}{appendix.C}% 36
\BOOKMARK [1][-]{appendix.D}{\376\377\000T\000h\000e\000\040\000f\000a\000l\000s\000e\000-\000a\000l\000a\000r\000m\000\040\000e\000x\000p\000e\000c\000t\000a\000t\000i\000o\000n\000\040\000a\000n\000d\000\040\000t\000h\000e\000\040\000c\000o\000n\000t\000r\000o\000l\000\040\000e\000n\000s\000e\000m\000b\000l\000e}{}% 37
\BOOKMARK [2][-]{subsection.D.1}{\376\377\000W\000h\000a\000t\000\040\000t\000h\000e\000\040\000e\000x\000p\000e\000c\000t\000a\000t\000i\000o\000n\000\040\000i\000s\000\040\000c\000o\000n\000d\000i\000t\000i\000o\000n\000e\000d\000\040\000o\000n}{appendix.D}% 38
\BOOKMARK [2][-]{subsection.D.2}{\376\377\000T\000h\000e\000\040\000c\000o\000n\000t\000r\000o\000l\000\040\000e\000n\000s\000e\000m\000b\000l\000e\000:\000\040\000i\000t\000s\000\040\000c\000a\000l\000i\000b\000r\000a\000t\000i\000o\000n\000,\000\040\000a\000n\000d\000\040\000i\000t\000s\000\040\000r\000e\000s\000o\000l\000u\000t\000i\000o\000n}{appendix.D}% 39
\BOOKMARK [2][-]{subsection.D.3}{\376\377\000T\000h\000e\000\040\000t\000r\000i\000a\000l\000s\000\040\000b\000u\000d\000g\000e\000t}{appendix.D}% 40
\BOOKMARK [1][-]{appendix.E}{\376\377\000R\000a\000d\000i\000o\000-\000f\000r\000e\000q\000u\000e\000n\000c\000y\000\040\000i\000n\000t\000e\000r\000f\000e\000r\000e\000n\000c\000e\000\040\000s\000c\000r\000e\000e\000n\000i\000n\000g}{}% 41
