This is pdfTeX, Version 3.141592653-2.6-1.40.22 (TeX Live 2022/dev/Debian) (preloaded format=pdflatex 2026.8.25)  20 SEP 2026 06:49
entering extended mode
 restricted \write18 enabled.
 %&-line parsing enabled.
**technosignatures_40pc_v3.81.tex
(./technosignatures_40pc_v3.81.tex
LaTeX2e <2021-11-15> patch level 1
L3 programming layer <2022-01-21> (./openjournal.cls
Document Class: openjournal 
\bibbaselineskip=\skip47
(/usr/share/texlive/texmf-dist/tex/latex/revtex4-1/revtex4-1.cls
Document Class: revtex4-1 2020/09/30 4.1s (http://publish.aps.org/revtex4/ for 
documentation)
 Copyright (c) 2009 The American Physical Society.
 mailto:revtex@aps.org
 Licensed under the LPPL:
http://www.ctan.org/tex-archive/macros/latex/base/lppl.txt
 Arthur Ogawa <arthur_ogawa at sbcglobal dot net>
 Based on work by David Carlisle <david at dcarlisle.demon.co.uk>.
ltxutil[2020/09/30 4.1s utilities package (portions licensed from W. E. Baxter 
web at superscript.com)]
LaTeX Info: Redefining \@centercr on input line 346.
Class revtex4-1 Info: Repairing hyperref-unfriendly LaTeX definition of \mpfoot
note on input line 471.
Class revtex4-1 Info: Repairing broken LateX \@sect on input line 793.
\intertabularlinepenalty=\count185
\@tbpen=\count186
\@arstrutbox@hline=\box50
Class revtex4-1 Info: Repairing broken LaTeX \@xbitor on input line 1824.
Class revtex4-1 Info: Making \typeout \long on input line 2089.
ltxfront[2020/09/30 4.1s frontmatter package (AO,DPC)]
\c@affil=\count187
\c@collab=\count188
\absbox=\box51
ltxgrid[2020/09/30 4.1s page grid package (portions licensed from W. E. Baxter 
web at superscript.com)]
\c@linecount=\count189
\output@latex=\toks16
\box@size@1=\box52
\box@size@2=\box53
\@protection@box=\box54
\@topmark@saved=\toks17
\footins@saved=\box55
\footins@recovered=\box56
\column@recovered=\box57
\pagesofar=\box58
\footsofar=\box59
\pagegrid@col=\count190
Class revtex4-1 Info: Overriding \@vspace, \@vspacer, \@no@pgbk, \@newline, and
 \\  on input line 5655.
\c@part=\count191
\c@section=\count192
\c@subsection=\count193
\c@subsubsection=\count194
\c@paragraph=\count195
\c@subparagraph=\count196
\abovecaptionskip=\skip48
\belowcaptionskip=\skip49
\c@figure=\count197
\fbox@1=\box60
\c@table=\count198
\fbox@2=\box61
\c@video=\count199
\fbox@4=\box62
\@bibdataout=\write3
\widetext@top=\box63
\widetext@bot=\box64
Class revtex4-1 Info: Selecting society aps on input line 7616.
(/usr/share/texlive/texmf-dist/tex/latex/revtex4-1/aps4-1.rtx
File: aps4-1 2020/09/30 4.1s (http://publish.aps.org/revtex4/ for documentation
)
Class revtex4-1 Info: RevTeX society APS selected on input line 31.
)
Class revtex4-1 Info: Selecting journal pra on input line 7618.
Class revtex4-1 Info: APS journal PRA selected on input line 7619.

(/usr/share/texlive/texmf-dist/tex/latex/revtex4-1/aps10pt4-1.rtx
File: aps10pt4-1 2020/09/30 4.1s (http://publish.aps.org/revtex4/ for documenta
tion)
Class revtex4-1 Info: RevTeX pointsize 10pt selected on input line 30.
)
(/usr/share/texlive/texmf-dist/tex/latex/textcase/textcase.sty
Package: textcase 2019/09/14 v1.00 Text only upper/lower case changing (DPC)
)
(/usr/share/texlive/texmf-dist/tex/latex/url/url.sty
\Urlmuskip=\muskip16
Package: url 2013/09/16  ver 3.4  Verb mode for urls, etc.
)
(/usr/share/texlive/texmf-dist/tex/latex/natbib/natbib.sty
Package: natbib 2010/09/13 8.31b (PWD, AO)
\bibhang=\skip50
\bibsep=\skip51
LaTeX Info: Redefining \cite on input line 694.
\c@NAT@ctr=\count266
)
Class revtex4-1 Info: Repairing natbib's \BibitemShut on input line 7623.

(/usr/share/texlive/texmf-dist/tex/latex/revtex4-1/revsymb4-1.sty
Package: revsymb4-1 2020/09/30 4.1s (http://publish.aps.org/revtex4/ for docume
ntation)
LaTeX Info: Redefining \REV@mathfrak on input line 119.
))
(/usr/share/texlive/texmf-dist/tex/latex/base/latexsym.sty
Package: latexsym 1998/08/17 v2.2e Standard LaTeX package (lasy symbols)
\symlasy=\mathgroup4
LaTeX Font Info:    Overwriting symbol font `lasy' in version `bold'
(Font)                  U/lasy/m/n --> U/lasy/b/n on input line 52.
)
(/usr/share/texlive/texmf-dist/tex/latex/graphics/graphicx.sty
Package: graphicx 2021/09/16 v1.2d Enhanced LaTeX Graphics (DPC,SPQR)

(/usr/share/texlive/texmf-dist/tex/latex/graphics/keyval.sty
Package: keyval 2014/10/28 v1.15 key=value parser (DPC)
\KV@toks@=\toks18
)
(/usr/share/texlive/texmf-dist/tex/latex/graphics/graphics.sty
Package: graphics 2021/03/04 v1.4d Standard LaTeX Graphics (DPC,SPQR)

(/usr/share/texlive/texmf-dist/tex/latex/graphics/trig.sty
Package: trig 2021/08/11 v1.11 sin cos tan (DPC)
)
(/usr/share/texlive/texmf-dist/tex/latex/graphics-cfg/graphics.cfg
File: graphics.cfg 2016/06/04 v1.11 sample graphics configuration
)
Package graphics Info: Driver file: pdftex.def on input line 107.

(/usr/share/texlive/texmf-dist/tex/latex/graphics-def/pdftex.def
File: pdftex.def 2020/10/05 v1.2a Graphics/color driver for pdftex
))
\Gin@req@height=\dimen138
\Gin@req@width=\dimen139
)
(/usr/share/texlive/texmf-dist/tex/latex/amsfonts/amssymb.sty
Package: amssymb 2013/01/14 v3.01 AMS font symbols

(/usr/share/texlive/texmf-dist/tex/latex/amsfonts/amsfonts.sty
Package: amsfonts 2013/01/14 v3.01 Basic AMSFonts support
\@emptytoks=\toks19
\symAMSa=\mathgroup5
\symAMSb=\mathgroup6
LaTeX Font Info:    Redeclaring math symbol \hbar on input line 98.
LaTeX Font Info:    Overwriting math alphabet `\mathfrak' in version `bold'
(Font)                  U/euf/m/n --> U/euf/b/n on input line 106.
LaTeX Info: Redefining \frak on input line 111.
LaTeX Info: Redefining \Bbb on input line 113.
))
(/usr/share/texlive/texmf-dist/tex/latex/tools/longtable.sty
Package: longtable 2021-09-01 v4.17 Multi-page Table package (DPC)
\LTleft=\skip52
\LTright=\skip53
\LTpre=\skip54
\LTpost=\skip55
\LTchunksize=\count267
\LTcapwidth=\dimen140
\LT@head=\box65
\LT@firsthead=\box66
\LT@foot=\box67
\LT@lastfoot=\box68
\LT@gbox=\box69
\LT@cols=\count268
\LT@rows=\count269
\c@LT@tables=\count270
\c@LT@chunks=\count271
\LT@p@ftn=\toks20
) (./epsf.sty
This is `epsf.tex' v2.7.3 <23 July 2005>
\epsffilein=\read2
\epsfframemargin=\dimen141
\epsfframethickness=\dimen142
\epsfrsize=\dimen143
\epsftmp=\dimen144
\epsftsize=\dimen145
\epsfxsize=\dimen146
\epsfysize=\dimen147
\pspoints=\dimen148
)
\c@front@matter@foot@note=\count272
\alt@affil@toks=\toks21
\alt@affil@toks@count=\toks22
\keys@width=\skip56
\c@lastfootnote=\count273
\c@remember@figure@num=\count274
\c@remember@table@num=\count275
\bibindent=\dimen149
\plot@width=\skip57
\c@table@save=\count276
\table@note@skip=\skip58
\deluxe@table@width=\skip59
\@d@t@a=\skip60
\c@deluxe@table@num=\count277
\abovedeluxetableskip=\skip61
\belowdeluxetableskip=\skip62
\lastrowheight=\dimen150
\DT@p@ftn=\toks23
\pt@column=\count278
\pt@ncol=\count279
) (/usr/share/texlive/texmf-dist/tex/latex/base/fontenc.sty
Package: fontenc 2021/04/29 v2.0v Standard LaTeX package
)
(/usr/share/texlive/texmf-dist/tex/latex/amsmath/amsmath.sty
Package: amsmath 2021/10/15 v2.17l AMS math features
\@mathmargin=\skip63

For additional information on amsmath, use the `?' option.
(/usr/share/texlive/texmf-dist/tex/latex/amsmath/amstext.sty
Package: amstext 2021/08/26 v2.01 AMS text

(/usr/share/texlive/texmf-dist/tex/latex/amsmath/amsgen.sty
File: amsgen.sty 1999/11/30 v2.0 generic functions
\@emptytoks=\toks24
\ex@=\dimen151
)
LaTeX Info: Redefining \text on input line 28.
)
(/usr/share/texlive/texmf-dist/tex/latex/amsmath/amsbsy.sty
Package: amsbsy 1999/11/29 v1.2d Bold Symbols
\pmbraise@=\dimen152
)
(/usr/share/texlive/texmf-dist/tex/latex/amsmath/amsopn.sty
Package: amsopn 2021/08/26 v2.02 operator names
)
\inf@bad=\count280
LaTeX Info: Redefining \frac on input line 234.
\uproot@=\count281
\leftroot@=\count282
LaTeX Info: Redefining \overline on input line 399.
\classnum@=\count283
\DOTSCASE@=\count284
LaTeX Info: Redefining \ldots on input line 496.
LaTeX Info: Redefining \dots on input line 499.
LaTeX Info: Redefining \cdots on input line 620.
\Mathstrutbox@=\box70
\strutbox@=\box71
\big@size=\dimen153
LaTeX Font Info:    Redeclaring font encoding OML on input line 743.
LaTeX Font Info:    Redeclaring font encoding OMS on input line 744.
\macc@depth=\count285
\c@MaxMatrixCols=\count286
\dotsspace@=\muskip17
\c@parentequation=\count287
\dspbrk@lvl=\count288
\tag@help=\toks25
\row@=\count289
\column@=\count290
\maxfields@=\count291
\andhelp@=\toks26
\eqnshift@=\dimen154
\alignsep@=\dimen155
\tagshift@=\dimen156
\tagwidth@=\dimen157
\totwidth@=\dimen158
\lineht@=\dimen159
\@envbody=\toks27
\multlinegap=\skip64
\multlinetaggap=\skip65
\mathdisplay@stack=\toks28
LaTeX Info: Redefining \[ on input line 2938.
LaTeX Info: Redefining \] on input line 2939.
)
(/usr/share/texlive/texmf-dist/tex/latex/hyperref/hyperref.sty
Package: hyperref 2021-06-07 v7.00m Hypertext links for LaTeX

(/usr/share/texlive/texmf-dist/tex/generic/ltxcmds/ltxcmds.sty
Package: ltxcmds 2020-05-10 v1.25 LaTeX kernel commands for general use (HO)
)
(/usr/share/texlive/texmf-dist/tex/generic/iftex/iftex.sty
Package: iftex 2020/03/06 v1.0d TeX engine tests
)
(/usr/share/texlive/texmf-dist/tex/generic/pdftexcmds/pdftexcmds.sty
Package: pdftexcmds 2020-06-27 v0.33 Utility functions of pdfTeX for LuaTeX (HO
)

(/usr/share/texlive/texmf-dist/tex/generic/infwarerr/infwarerr.sty
Package: infwarerr 2019/12/03 v1.5 Providing info/warning/error messages (HO)
)
Package pdftexcmds Info: \pdf@primitive is available.
Package pdftexcmds Info: \pdf@ifprimitive is available.
Package pdftexcmds Info: \pdfdraftmode found.
)
(/usr/share/texlive/texmf-dist/tex/generic/kvsetkeys/kvsetkeys.sty
Package: kvsetkeys 2019/12/15 v1.18 Key value parser (HO)
)
(/usr/share/texlive/texmf-dist/tex/generic/kvdefinekeys/kvdefinekeys.sty
Package: kvdefinekeys 2019-12-19 v1.6 Define keys (HO)
)
(/usr/share/texlive/texmf-dist/tex/generic/pdfescape/pdfescape.sty
Package: pdfescape 2019/12/09 v1.15 Implements pdfTeX's escape features (HO)
)
(/usr/share/texlive/texmf-dist/tex/latex/hycolor/hycolor.sty
Package: hycolor 2020-01-27 v1.10 Color options for hyperref/bookmark (HO)
)
(/usr/share/texlive/texmf-dist/tex/latex/letltxmacro/letltxmacro.sty
Package: letltxmacro 2019/12/03 v1.6 Let assignment for LaTeX macros (HO)
)
(/usr/share/texlive/texmf-dist/tex/latex/auxhook/auxhook.sty
Package: auxhook 2019-12-17 v1.6 Hooks for auxiliary files (HO)
)
(/usr/share/texlive/texmf-dist/tex/latex/kvoptions/kvoptions.sty
Package: kvoptions 2020-10-07 v3.14 Key value format for package options (HO)
)
\@linkdim=\dimen160
\Hy@linkcounter=\count292
\Hy@pagecounter=\count293

(/usr/share/texlive/texmf-dist/tex/latex/hyperref/pd1enc.def
File: pd1enc.def 2021-06-07 v7.00m Hyperref: PDFDocEncoding definition (HO)
Now handling font encoding PD1 ...
... no UTF-8 mapping file for font encoding PD1
)
(/usr/share/texlive/texmf-dist/tex/latex/hyperref/hyperref-langpatches.def
File: hyperref-langpatches.def 2021-06-07 v7.00m Hyperref: patches for babel la
nguages
)
(/usr/share/texlive/texmf-dist/tex/generic/intcalc/intcalc.sty
Package: intcalc 2019/12/15 v1.3 Expandable calculations with integers (HO)
)
(/usr/share/texlive/texmf-dist/tex/generic/etexcmds/etexcmds.sty
Package: etexcmds 2019/12/15 v1.7 Avoid name clashes with e-TeX commands (HO)
)
\Hy@SavedSpaceFactor=\count294

(/usr/share/texlive/texmf-dist/tex/latex/hyperref/puenc.def
File: puenc.def 2021-06-07 v7.00m Hyperref: PDF Unicode definition (HO)
Now handling font encoding PU ...
... no UTF-8 mapping file for font encoding PU
)
Package hyperref Info: Hyper figures OFF on input line 4192.
Package hyperref Info: Link nesting OFF on input line 4197.
Package hyperref Info: Hyper index ON on input line 4200.
Package hyperref Info: Plain pages OFF on input line 4207.
Package hyperref Info: Backreferencing OFF on input line 4212.
Package hyperref Info: Implicit mode ON; LaTeX internals redefined.
Package hyperref Info: Bookmarks ON on input line 4445.
LaTeX Info: Redefining \href on input line 4715.
\c@Hy@tempcnt=\count295
LaTeX Info: Redefining \url on input line 4804.
\XeTeXLinkMargin=\dimen161

(/usr/share/texlive/texmf-dist/tex/generic/bitset/bitset.sty
Package: bitset 2019/12/09 v1.3 Handle bit-vector datatype (HO)

(/usr/share/texlive/texmf-dist/tex/generic/bigintcalc/bigintcalc.sty
Package: bigintcalc 2019/12/15 v1.5 Expandable calculations on big integers (HO
)
))
\Fld@menulength=\count296
\Field@Width=\dimen162
\Fld@charsize=\dimen163
Package hyperref Info: Hyper figures OFF on input line 6076.
Package hyperref Info: Link nesting OFF on input line 6081.
Package hyperref Info: Hyper index ON on input line 6084.
Package hyperref Info: backreferencing OFF on input line 6091.
Package hyperref Info: Link coloring OFF on input line 6096.
Package hyperref Info: Link coloring with OCG OFF on input line 6101.
Package hyperref Info: PDF/A mode OFF on input line 6106.
LaTeX Info: Redefining \ref on input line 6146.
LaTeX Info: Redefining \pageref on input line 6150.

(/usr/share/texlive/texmf-dist/tex/latex/base/atbegshi-ltx.sty
Package: atbegshi-ltx 2021/01/10 v1.0c Emulation of the original atbegshi
package with kernel methods
)
\Hy@abspage=\count297
\c@Item=\count298
\c@Hfootnote=\count299
)
Package hyperref Info: Driver (autodetected): hpdftex.

(/usr/share/texlive/texmf-dist/tex/latex/hyperref/hpdftex.def
File: hpdftex.def 2021-06-07 v7.00m Hyperref driver for pdfTeX

(/usr/share/texlive/texmf-dist/tex/latex/base/atveryend-ltx.sty
Package: atveryend-ltx 2020/08/19 v1.0a Emulation of the original atveryend pac
kage
with kernel methods
)
\Fld@listcount=\count300
\c@bookmark@seq@number=\count301

(/usr/share/texlive/texmf-dist/tex/latex/rerunfilecheck/rerunfilecheck.sty
Package: rerunfilecheck 2019/12/05 v1.9 Rerun checks for auxiliary files (HO)

(/usr/share/texlive/texmf-dist/tex/generic/uniquecounter/uniquecounter.sty
Package: uniquecounter 2019/12/15 v1.4 Provide unlimited unique counter (HO)
)
Package uniquecounter Info: New unique counter `rerunfilecheck' on input line 2
86.
)
\Hy@SectionHShift=\skip66
)
(/usr/share/texlive/texmf-dist/tex/latex/tools/array.sty
Package: array 2021/10/04 v2.5f Tabular extension package (FMi)
\col@sep=\dimen164
\ar@mcellbox=\box72
\extrarowheight=\dimen165
\NC@list=\toks29
\extratabsurround=\skip67
\backup@length=\skip68
\ar@cellbox=\box73
)
(/usr/share/texlive/texmf-dist/tex/latex/booktabs/booktabs.sty
Package: booktabs 2020/01/12 v1.61803398 Publication quality tables
\heavyrulewidth=\dimen166
\lightrulewidth=\dimen167
\cmidrulewidth=\dimen168
\belowrulesep=\dimen169
\belowbottomsep=\dimen170
\aboverulesep=\dimen171
\abovetopsep=\dimen172
\cmidrulesep=\dimen173
\cmidrulekern=\dimen174
\defaultaddspace=\dimen175
\@cmidla=\count302
\@cmidlb=\count303
\@aboverulesep=\dimen176
\@belowrulesep=\dimen177
\@thisruleclass=\count304
\@lastruleclass=\count305
\@thisrulewidth=\dimen178
)
(./survey_numbers.tex) (./survey_numbers_round5.tex)
(./survey_numbers_round6.tex) (./survey_numbers_round7.tex)
(./survey_numbers_round8.tex) (./survey_numbers_round9.tex)
(./survey_numbers_round10.tex) (./survey_numbers_round11.tex)
(./survey_numbers_round12.tex) (./survey_numbers_round13.tex)
(./survey_numbers_pointing.tex) (./survey_numbers_round15.tex)
(./survey_numbers_round16.tex) (./survey_numbers_round17.tex)
(./survey_numbers_recurrence.tex) (./survey_numbers_round14.tex)
(./survey_numbers_localnull.tex) (./survey_numbers_round18.tex)
(./survey_numbers_round19.tex) (./survey_numbers_round20.tex)
(./survey_numbers_round21.tex) (./survey_numbers_round22.tex)
(./survey_numbers_round23.tex) (./survey_numbers_round24.tex)
(./survey_numbers_round25.tex) (./survey_numbers_round26.tex)
(./survey_numbers_hd23484.tex) (./survey_numbers_bpicctrl.tex)
(./survey_numbers_round27.tex) (./survey_numbers_round28.tex)
(./survey_numbers_round29.tex) (./survey_numbers_round30.tex)
(./survey_numbers_round31.tex) (./peff_range_v372.tex) (./regen_count.tex)
Class revtex4-1 Info: Unrecognized array package. Please update this document c
lass! (Proceeding with fingers crossed.) on input line 64.
Class revtex4-1 Info: Patching unrecognized longtable package. (Proceeding with
 fingers crossed) on input line 64.
Class revtex4-1 Info: cite was not loaded (OK!) on input line 64.
Class revtex4-1 Info: mcite was not loaded (OK!) on input line 64.
Class revtex4-1 Info: multicol was not loaded (OK!) on input line 64.

(/usr/share/texlive/texmf-dist/tex/latex/l3backend/l3backend-pdftex.def
File: l3backend-pdftex.def 2022-01-12 L3 backend support: PDF output (pdfTeX)
\l__color_backend_stack_int=\count306
\l__pdf_internal_box=\box74
)
(./technosignatures_40pc_v3.81.aux)
\openout1 = `technosignatures_40pc_v3.81.aux'.

LaTeX Font Info:    Checking defaults for OML/cmm/m/it on input line 64.
LaTeX Font Info:    ... okay on input line 64.
LaTeX Font Info:    Checking defaults for OMS/cmsy/m/n on input line 64.
LaTeX Font Info:    ... okay on input line 64.
LaTeX Font Info:    Checking defaults for OT1/cmr/m/n on input line 64.
LaTeX Font Info:    ... okay on input line 64.
LaTeX Font Info:    Checking defaults for T1/cmr/m/n on input line 64.
LaTeX Font Info:    ... okay on input line 64.
LaTeX Font Info:    Checking defaults for TS1/cmr/m/n on input line 64.
LaTeX Font Info:    ... okay on input line 64.
LaTeX Font Info:    Checking defaults for OMX/cmex/m/n on input line 64.
LaTeX Font Info:    ... okay on input line 64.
LaTeX Font Info:    Checking defaults for U/cmr/m/n on input line 64.
LaTeX Font Info:    ... okay on input line 64.
LaTeX Font Info:    Checking defaults for PD1/pdf/m/n on input line 64.
LaTeX Font Info:    ... okay on input line 64.
LaTeX Font Info:    Checking defaults for PU/pdf/m/n on input line 64.
LaTeX Font Info:    ... okay on input line 64.

(/usr/share/texlive/texmf-dist/tex/context/base/mkii/supp-pdf.mkii
[Loading MPS to PDF converter (version 2006.09.02).]
\scratchcounter=\count307
\scratchdimen=\dimen179
\scratchbox=\box75
\nofMPsegments=\count308
\nofMParguments=\count309
\everyMPshowfont=\toks30
\MPscratchCnt=\count310
\MPscratchDim=\dimen180
\MPnumerator=\count311
\makeMPintoPDFobject=\count312
\everyMPtoPDFconversion=\toks31
) (/usr/share/texlive/texmf-dist/tex/latex/epstopdf-pkg/epstopdf-base.sty
Package: epstopdf-base 2020-01-24 v2.11 Base part for package epstopdf
Package epstopdf-base Info: Redefining graphics rule for `.eps' on input line 4
85.

(/usr/share/texlive/texmf-dist/tex/latex/latexconfig/epstopdf-sys.cfg
File: epstopdf-sys.cfg 2010/07/13 v1.3 Configuration of (r)epstopdf for TeX Liv
e
))
Package hyperref Info: Link coloring OFF on input line 64.

(/usr/share/texlive/texmf-dist/tex/latex/hyperref/nameref.sty
Package: nameref 2021-04-02 v2.47 Cross-referencing by name of section

(/usr/share/texlive/texmf-dist/tex/latex/refcount/refcount.sty
Package: refcount 2019/12/15 v3.6 Data extraction from label references (HO)
)
(/usr/share/texlive/texmf-dist/tex/generic/gettitlestring/gettitlestring.sty
Package: gettitlestring 2019/12/15 v1.6 Cleanup title references (HO)
)
\c@section@level=\count313
)
LaTeX Info: Redefining \ref on input line 64.
LaTeX Info: Redefining \pageref on input line 64.
LaTeX Info: Redefining \nameref on input line 64.

(./technosignatures_40pc_v3.81.out) (./technosignatures_40pc_v3.81.out)
\@outlinefile=\write4
\openout4 = `technosignatures_40pc_v3.81.out'.

Class revtex4-1 Info: Taking \maketitle back from hyperref on input line 64.
\openout3 = `technosignatures_40pc_v3.81Notes.bib'.

LaTeX Font Info:    Trying to load font information for U+lasy on input line 82
.

(/usr/share/texlive/texmf-dist/tex/latex/base/ulasy.fd
File: ulasy.fd 1998/08/17 v2.2e LaTeX symbol font definitions
)
LaTeX Font Info:    Trying to load font information for U+msa on input line 82.


(/usr/share/texlive/texmf-dist/tex/latex/amsfonts/umsa.fd
File: umsa.fd 2013/01/14 v3.01 AMS symbols A
)
LaTeX Font Info:    Trying to load font information for U+msb on input line 82.


(/usr/share/texlive/texmf-dist/tex/latex/amsfonts/umsb.fd
File: umsb.fd 2013/01/14 v3.01 AMS symbols B
)

Class revtex4-1 Warning: Assuming \noaffiliation for authors.

Class revtex4-1 Info: Enlarging page 1 by -21.12pt on input line 111.
LaTeX Font Info:    Trying to load font information for T1+cmtt on input line 1
61.
(/usr/share/texlive/texmf-dist/tex/latex/base/t1cmtt.fd
File: t1cmtt.fd 2019/12/16 v2.5j Standard LaTeX font definitions
) [1{/var/lib/texmf/fonts/map/pdftex/updmap/pdftex.map}]
<figures/eirp_context.pdf, id=269, 509.50336pt x 212.35814pt>
File: figures/eirp_context.pdf Graphic file (type pdf)
<use figures/eirp_context.pdf>
Package pdftex.def Info: figures/eirp_context.pdf  used on input line 227.
(pdftex.def)             Requested size: 420.76004pt x 175.36935pt.

Underfull \hbox (badness 1377) in paragraph at lines 313--330
[]\T1/cmr/m/n/10 The sam-ple is archive-\T1/cmr/m/it/10 target\T1/cmr/m/n/10 -c
omplete but epoch-
 []

[2] [3 <./figures/eirp_context.pdf>]
Underfull \hbox (badness 1721) in paragraph at lines 397--402
[]\T1/cmr/m/n/10 ALMA project meta-data quan-tify pointed ver-sus
 []

<figures/selection_funnel.pdf, id=375, 486.34096pt x 112.8864pt>
File: figures/selection_funnel.pdf Graphic file (type pdf)
<use figures/selection_funnel.pdf>
Package pdftex.def Info: figures/selection_funnel.pdf  used on input line 404.
(pdftex.def)             Requested size: 410.4955pt x 95.28554pt.
<figures/coverage_waterfall.pdf, id=376, 505.89pt x 469.755pt>
File: figures/coverage_waterfall.pdf Graphic file (type pdf)
<use figures/coverage_waterfall.pdf>
Package pdftex.def Info: figures/coverage_waterfall.pdf  used on input line 416
.
(pdftex.def)             Requested size: 431.01675pt x 400.2398pt.
[4] [5 <./figures/selection_funnel.pdf> <./figures/coverage_waterfall.pdf>]
[6] [7]
Underfull \hbox (badness 5189) in paragraph at lines 815--830
[]\T1/cmr/m/n/10 Neighbouring con-trols are cor-re-lated be-low the
 []


Underfull \hbox (badness 2941) in paragraph at lines 843--869
[]\T1/cmr/m/n/10 Residual con-tin-uum af-ter base-line re-moval, self-
 []

[8] [9]

LaTeX Font Warning: Font shape `T1/cmr/m/scit' undefined
(Font)              using `T1/cmr/m/it' instead on input line 1151.

(./tab_compcurve.tex) [10]

LaTeX Warning: A float is stuck (cannot be placed) on input line 1189.


LaTeX Warning: A float is stuck (cannot be placed) on input line 1189.


Class revtex4-1 Warning: Deferred float stuck during \clearpage processing.


Underfull \hbox (badness 3942) in paragraph at lines 1190--1207
\T1/cmr/m/n/10 Satel-lite con-stel-la-tions grew across the 2013--2025
 []

[11] [12]
Underfull \hbox (badness 1577) in paragraph at lines 1436--1448
\T1/cmr/m/n/10 rather than enu-mer-ated. 9 of the 13 sit within
 []

(./tab_flagged_v380.tex)

LaTeX Font Warning: Font shape `T1/cmr/m/scit' undefined
(Font)              using `T1/cmr/m/it' instead on input line 1565.


LaTeX Font Warning: Font shape `T1/cmr/m/scit' undefined
(Font)              using `T1/cmr/m/it' instead on input line 1565.

[13] [14]
<figures/rank_cdf.pdf, id=590, 505.89pt x 155.38051pt>
File: figures/rank_cdf.pdf Graphic file (type pdf)
<use figures/rank_cdf.pdf>
Package pdftex.def Info: figures/rank_cdf.pdf  used on input line 1776.
(pdftex.def)             Requested size: 328.39484pt x 100.86572pt.
 [15]

Package hyperref Warning: Token not allowed in a PDF string (Unicode):
(hyperref)                removing `math shift' on input line 1837.


Package hyperref Warning: Token not allowed in a PDF string (Unicode):
(hyperref)                removing `\beta' on input line 1837.


Package hyperref Warning: Token not allowed in a PDF string (Unicode):
(hyperref)                removing `math shift' on input line 1837.


Package hyperref Warning: Token not allowed in a PDF string (Unicode):
(hyperref)                removing `math shift' on input line 1907.


Package hyperref Warning: Token not allowed in a PDF string (Unicode):
(hyperref)                removing `math shift' on input line 1907.

[16 <./figures/rank_cdf.pdf>] [17]
<figures/cp72_control_distribution.pdf, id=655, 303.534pt x 216.81pt>
File: figures/cp72_control_distribution.pdf Graphic file (type pdf)
<use figures/cp72_control_distribution.pdf>
Package pdftex.def Info: figures/cp72_control_distribution.pdf  used on input l
ine 2099.
(pdftex.def)             Requested size: 176.5922pt x 126.13695pt.
 [18 <./figures/cp72_control_distribution.pdf>]

LaTeX Font Warning: Font shape `T1/cmr/m/scit' undefined
(Font)              using `T1/cmr/m/it' instead on input line 2226.

<figures/sensitivity_2d.pdf, id=700, 518.60951pt x 258.4372pt>
File: figures/sensitivity_2d.pdf Graphic file (type pdf)
<use figures/sensitivity_2d.pdf>
Package pdftex.def Info: figures/sensitivity_2d.pdf  used on input line 2288.
(pdftex.def)             Requested size: 161.8768pt x 80.66678pt.
[19] [20 <./figures/sensitivity_2d.pdf>] [21]
Underfull \hbox (badness 10000) in paragraph at lines 2612--2630
[]\T1/cmr/m/n/10 The machine-readable cat-a-logue,
 []


Underfull \hbox (badness 1924) in paragraph at lines 2612--2630
\T1/cmtt/m/n/10 per_target_results_v3.81.csv\T1/cmr/m/n/10 , car-ries 1655 rows
,
 []


Underfull \hbox (badness 1472) in paragraph at lines 2612--2630
\T1/cmr/m/n/10 record. The re-lease also builds di-ag-nos-tic fig-ures
 []

[22]
Underfull \hbox (badness 10000) in paragraph at lines 2652--2658
[]\T1/cmr/m/n/10 The pipeline de-pends on CASA 6.7.6
 []


Underfull \hbox (badness 5954) in paragraph at lines 2652--2658
\T1/cmr/m/n/10 (casatools/casatasks 6.7.6-14; []CASA Team et al.[]
 []

[23] [24]
<figures/stratified_completeness.pdf, id=836, 491.436pt x 144.54pt>
File: figures/stratified_completeness.pdf Graphic file (type pdf)
<use figures/stratified_completeness.pdf>
Package pdftex.def Info: figures/stratified_completeness.pdf  used on input lin
e 2868.
(pdftex.def)             Requested size: 420.76004pt x 123.7594pt.
 (./tab_selection.tex)
<figures/drift_acceleration.pdf, id=839, 549.05125pt x 347.2975pt>
File: figures/drift_acceleration.pdf Graphic file (type pdf)
<use figures/drift_acceleration.pdf>
Package pdftex.def Info: figures/drift_acceleration.pdf  used on input line 290
5.
(pdftex.def)             Requested size: 225.64474pt x 142.72675pt.
 (./tab_perband.tex) (./tab_maskband.tex)
[25] [26 <./figures/stratified_completeness.pdf> <./figures/drift_acceleration.
pdf>] [27]

LaTeX Warning: A float is stuck (cannot be placed) on input line 3190.


LaTeX Warning: A float is stuck (cannot be placed) on input line 3190.


Class revtex4-1 Warning: Deferred float stuck during \clearpage processing.

<figures/control_diagnostics.pdf, id=916, 505.89pt x 215.80624pt>
File: figures/control_diagnostics.pdf Graphic file (type pdf)
<use figures/control_diagnostics.pdf>
Package pdftex.def Info: figures/control_diagnostics.pdf  used on input line 32
76.
(pdftex.def)             Requested size: 225.64474pt x 96.25903pt.
[28]

LaTeX Warning: A float is stuck (cannot be placed) on input line 3292.


LaTeX Warning: A float is stuck (cannot be placed) on input line 3292.


Class revtex4-1 Warning: Deferred float stuck during \clearpage processing.


LaTeX Font Warning: Font shape `T1/cmr/m/scit' undefined
(Font)              using `T1/cmr/m/it' instead on input line 3316.


Package hyperref Warning: Token not allowed in a PDF string (Unicode):
(hyperref)                removing `math shift' on input line 3342.


Package hyperref Warning: Token not allowed in a PDF string (Unicode):
(hyperref)                removing `subscript' on input line 3342.


Package hyperref Warning: Token not allowed in a PDF string (Unicode):
(hyperref)                removing `\sigma' on input line 3342.


Package hyperref Warning: Token not allowed in a PDF string (Unicode):
(hyperref)                removing `math shift' on input line 3342.


Package hyperref Warning: Token not allowed in a PDF string (Unicode):
(hyperref)                removing `math shift' on input line 3374.


Package hyperref Warning: Token not allowed in a PDF string (Unicode):
(hyperref)                removing `\beta' on input line 3374.


Package hyperref Warning: Token not allowed in a PDF string (Unicode):
(hyperref)                removing `math shift' on input line 3374.


Underfull \hbox (badness 3343) in paragraph at lines 3421--3431
[]\T1/cmr/m/it/10 The four classes of ex-cluded en-try. \T1/cmr/m/n/10 (i) Four

 []


Underfull \hbox (badness 1831) in paragraph at lines 3421--3431
\T1/cmr/m/n/10 tar-get/bands (Barnard's Star [B7], Wolf 359 [B7],
 []

[29 <./figures/control_diagnostics.pdf>]
No file technosignatures_40pc_v3.81.bbl.
[30] (./technosignatures_40pc_v3.81.aux)
Package rerunfilecheck Info: File `technosignatures_40pc_v3.81.out' has not cha
nged.
(rerunfilecheck)             Checksum: 60F7E62F40A7E48F2A2EFF53C697D732;10640.
 ) 
Here is how much of TeX's memory you used:
 13753 strings out of 480247
 207186 string characters out of 5896151
 544385 words of memory out of 5000000
 31223 multiletter control sequences out of 15000+600000
 491980 words of font info for 87 fonts, out of 8000000 for 9000
 14 hyphenation exceptions out of 8191
 70i,13n,76p,1843b,395s stack positions out of 5000i,500n,10000p,200000b,80000s
{/usr/share/texmf/fonts/enc/dvips/cm-super/cm-super-t1.enc}</usr/share/texliv
e/texmf-dist/fonts/type1/public/amsfonts/cm/cmbx10.pfb></usr/share/texlive/texm
f-dist/fonts/type1/public/amsfonts/cm/cmbx7.pfb></usr/share/texlive/texmf-dist/
fonts/type1/public/amsfonts/cm/cmex10.pfb></usr/share/texlive/texmf-dist/fonts/
type1/public/amsfonts/cm/cmmi10.pfb></usr/share/texlive/texmf-dist/fonts/type1/
public/amsfonts/cm/cmmi5.pfb></usr/share/texlive/texmf-dist/fonts/type1/public/
amsfonts/cm/cmmi6.pfb></usr/share/texlive/texmf-dist/fonts/type1/public/amsfont
s/cm/cmmi7.pfb></usr/share/texlive/texmf-dist/fonts/type1/public/amsfonts/cm/cm
mi8.pfb></usr/share/texlive/texmf-dist/fonts/type1/public/amsfonts/cm/cmmi9.pfb
></usr/share/texlive/texmf-dist/fonts/type1/public/amsfonts/cm/cmr10.pfb></usr/
share/texlive/texmf-dist/fonts/type1/public/amsfonts/cm/cmr5.pfb></usr/share/te
xlive/texmf-dist/fonts/type1/public/amsfonts/cm/cmr6.pfb></usr/share/texlive/te
xmf-dist/fonts/type1/public/amsfonts/cm/cmr7.pfb></usr/share/texlive/texmf-dist
/fonts/type1/public/amsfonts/cm/cmr8.pfb></usr/share/texlive/texmf-dist/fonts/t
ype1/public/amsfonts/cm/cmsy10.pfb></usr/share/texlive/texmf-dist/fonts/type1/p
ublic/amsfonts/cm/cmsy5.pfb></usr/share/texlive/texmf-dist/fonts/type1/public/a
msfonts/cm/cmsy6.pfb></usr/share/texlive/texmf-dist/fonts/type1/public/amsfonts
/cm/cmsy7.pfb></usr/share/texlive/texmf-dist/fonts/type1/public/amsfonts/cm/cms
y8.pfb></usr/share/texlive/texmf-dist/fonts/type1/public/amsfonts/cm/cmsy9.pfb>
</usr/share/texlive/texmf-dist/fonts/type1/public/amsfonts/symbols/msam10.pfb><
/usr/share/texmf/fonts/type1/public/cm-super/sfbx0700.pfb></usr/share/texmf/fon
ts/type1/public/cm-super/sfbx1000.pfb></usr/share/texmf/fonts/type1/public/cm-s
uper/sfcc0600.pfb></usr/share/texmf/fonts/type1/public/cm-super/sfcc0700.pfb></
usr/share/texmf/fonts/type1/public/cm-super/sfcc0800.pfb></usr/share/texmf/font
s/type1/public/cm-super/sfcc0900.pfb></usr/share/texmf/fonts/type1/public/cm-su
per/sfcc1000.pfb></usr/share/texmf/fonts/type1/public/cm-super/sfrm0500.pfb></u
sr/share/texmf/fonts/type1/public/cm-super/sfrm0600.pfb></usr/share/texmf/fonts
/type1/public/cm-super/sfrm0700.pfb></usr/share/texmf/fonts/type1/public/cm-sup
er/sfrm0800.pfb></usr/share/texmf/fonts/type1/public/cm-super/sfrm0900.pfb></us
r/share/texmf/fonts/type1/public/cm-super/sfrm1000.pfb></usr/share/texmf/fonts/
type1/public/cm-super/sftc0800.pfb></usr/share/texmf/fonts/type1/public/cm-supe
r/sfti0700.pfb></usr/share/texmf/fonts/type1/public/cm-super/sfti0800.pfb></usr
/share/texmf/fonts/type1/public/cm-super/sfti0900.pfb></usr/share/texmf/fonts/t
ype1/public/cm-super/sfti1000.pfb></usr/share/texmf/fonts/type1/public/cm-super
/sftt0800.pfb></usr/share/texmf/fonts/type1/public/cm-super/sftt1000.pfb>
Output written on technosignatures_40pc_v3.81.pdf (30 pages, 1146110 bytes).
PDF statistics:
 1186 PDF objects out of 1200 (max. 8388607)
 983 compressed objects within 10 object streams
 156 named destinations out of 1000 (max. 500000)
 406 words of extra memory for PDF output out of 10000 (max. 10000000)

