This is pdfTeX, Version 3.141592653-2.6-1.40.22 (TeX Live 2022/dev/Debian) (preloaded format=pdflatex 2026.8.25)  3 OCT 2026 21:57
entering extended mode
 restricted \write18 enabled.
 %&-line parsing enabled.
**technosignatures_40pc_v4.08.tex
(./technosignatures_40pc_v4.08.tex
LaTeX2e <2021-11-15> patch level 1
L3 programming layer <2022-01-21> (./openjournal.cls
Document Class: openjournal 
\bibbaselineskip=\skip47
(/usr/share/texlive/texmf-dist/tex/latex/revtex4-1/revtex4-1.cls
Document Class: revtex4-1 2020/09/30 4.1s (http://publish.aps.org/revtex4/ for 
documentation)
 Copyright (c) 2009 The American Physical Society.
 mailto:revtex@aps.org
 Licensed under the LPPL:
http://www.ctan.org/tex-archive/macros/latex/base/lppl.txt
 Arthur Ogawa <arthur_ogawa at sbcglobal dot net>
 Based on work by David Carlisle <david at dcarlisle.demon.co.uk>.
ltxutil[2020/09/30 4.1s utilities package (portions licensed from W. E. Baxter 
web at superscript.com)]
LaTeX Info: Redefining \@centercr on input line 346.
Class revtex4-1 Info: Repairing hyperref-unfriendly LaTeX definition of \mpfoot
note on input line 471.
Class revtex4-1 Info: Repairing broken LateX \@sect on input line 793.
\intertabularlinepenalty=\count185
\@tbpen=\count186
\@arstrutbox@hline=\box50
Class revtex4-1 Info: Repairing broken LaTeX \@xbitor on input line 1824.
Class revtex4-1 Info: Making \typeout \long on input line 2089.
ltxfront[2020/09/30 4.1s frontmatter package (AO,DPC)]
\c@affil=\count187
\c@collab=\count188
\absbox=\box51
ltxgrid[2020/09/30 4.1s page grid package (portions licensed from W. E. Baxter 
web at superscript.com)]
\c@linecount=\count189
\output@latex=\toks16
\box@size@1=\box52
\box@size@2=\box53
\@protection@box=\box54
\@topmark@saved=\toks17
\footins@saved=\box55
\footins@recovered=\box56
\column@recovered=\box57
\pagesofar=\box58
\footsofar=\box59
\pagegrid@col=\count190
Class revtex4-1 Info: Overriding \@vspace, \@vspacer, \@no@pgbk, \@newline, and
 \\  on input line 5655.
\c@part=\count191
\c@section=\count192
\c@subsection=\count193
\c@subsubsection=\count194
\c@paragraph=\count195
\c@subparagraph=\count196
\abovecaptionskip=\skip48
\belowcaptionskip=\skip49
\c@figure=\count197
\fbox@1=\box60
\c@table=\count198
\fbox@2=\box61
\c@video=\count199
\fbox@4=\box62
\@bibdataout=\write3
\widetext@top=\box63
\widetext@bot=\box64
Class revtex4-1 Info: Selecting society aps on input line 7616.
(/usr/share/texlive/texmf-dist/tex/latex/revtex4-1/aps4-1.rtx
File: aps4-1 2020/09/30 4.1s (http://publish.aps.org/revtex4/ for documentation
)
Class revtex4-1 Info: RevTeX society APS selected on input line 31.
)
Class revtex4-1 Info: Selecting journal pra on input line 7618.
Class revtex4-1 Info: APS journal PRA selected on input line 7619.

(/usr/share/texlive/texmf-dist/tex/latex/revtex4-1/aps10pt4-1.rtx
File: aps10pt4-1 2020/09/30 4.1s (http://publish.aps.org/revtex4/ for documenta
tion)
Class revtex4-1 Info: RevTeX pointsize 10pt selected on input line 30.
)
(/usr/share/texlive/texmf-dist/tex/latex/textcase/textcase.sty
Package: textcase 2019/09/14 v1.00 Text only upper/lower case changing (DPC)
)
(/usr/share/texlive/texmf-dist/tex/latex/url/url.sty
\Urlmuskip=\muskip16
Package: url 2013/09/16  ver 3.4  Verb mode for urls, etc.
)
(/usr/share/texlive/texmf-dist/tex/latex/natbib/natbib.sty
Package: natbib 2010/09/13 8.31b (PWD, AO)
\bibhang=\skip50
\bibsep=\skip51
LaTeX Info: Redefining \cite on input line 694.
\c@NAT@ctr=\count266
)
Class revtex4-1 Info: Repairing natbib's \BibitemShut on input line 7623.

(/usr/share/texlive/texmf-dist/tex/latex/revtex4-1/revsymb4-1.sty
Package: revsymb4-1 2020/09/30 4.1s (http://publish.aps.org/revtex4/ for docume
ntation)
LaTeX Info: Redefining \REV@mathfrak on input line 119.
))
(/usr/share/texlive/texmf-dist/tex/latex/base/latexsym.sty
Package: latexsym 1998/08/17 v2.2e Standard LaTeX package (lasy symbols)
\symlasy=\mathgroup4
LaTeX Font Info:    Overwriting symbol font `lasy' in version `bold'
(Font)                  U/lasy/m/n --> U/lasy/b/n on input line 52.
)
(/usr/share/texlive/texmf-dist/tex/latex/graphics/graphicx.sty
Package: graphicx 2021/09/16 v1.2d Enhanced LaTeX Graphics (DPC,SPQR)

(/usr/share/texlive/texmf-dist/tex/latex/graphics/keyval.sty
Package: keyval 2014/10/28 v1.15 key=value parser (DPC)
\KV@toks@=\toks18
)
(/usr/share/texlive/texmf-dist/tex/latex/graphics/graphics.sty
Package: graphics 2021/03/04 v1.4d Standard LaTeX Graphics (DPC,SPQR)

(/usr/share/texlive/texmf-dist/tex/latex/graphics/trig.sty
Package: trig 2021/08/11 v1.11 sin cos tan (DPC)
)
(/usr/share/texlive/texmf-dist/tex/latex/graphics-cfg/graphics.cfg
File: graphics.cfg 2016/06/04 v1.11 sample graphics configuration
)
Package graphics Info: Driver file: pdftex.def on input line 107.

(/usr/share/texlive/texmf-dist/tex/latex/graphics-def/pdftex.def
File: pdftex.def 2020/10/05 v1.2a Graphics/color driver for pdftex
))
\Gin@req@height=\dimen138
\Gin@req@width=\dimen139
)
(/usr/share/texlive/texmf-dist/tex/latex/amsfonts/amssymb.sty
Package: amssymb 2013/01/14 v3.01 AMS font symbols

(/usr/share/texlive/texmf-dist/tex/latex/amsfonts/amsfonts.sty
Package: amsfonts 2013/01/14 v3.01 Basic AMSFonts support
\@emptytoks=\toks19
\symAMSa=\mathgroup5
\symAMSb=\mathgroup6
LaTeX Font Info:    Redeclaring math symbol \hbar on input line 98.
LaTeX Font Info:    Overwriting math alphabet `\mathfrak' in version `bold'
(Font)                  U/euf/m/n --> U/euf/b/n on input line 106.
LaTeX Info: Redefining \frak on input line 111.
LaTeX Info: Redefining \Bbb on input line 113.
))
(/usr/share/texlive/texmf-dist/tex/latex/tools/longtable.sty
Package: longtable 2021-09-01 v4.17 Multi-page Table package (DPC)
\LTleft=\skip52
\LTright=\skip53
\LTpre=\skip54
\LTpost=\skip55
\LTchunksize=\count267
\LTcapwidth=\dimen140
\LT@head=\box65
\LT@firsthead=\box66
\LT@foot=\box67
\LT@lastfoot=\box68
\LT@gbox=\box69
\LT@cols=\count268
\LT@rows=\count269
\c@LT@tables=\count270
\c@LT@chunks=\count271
\LT@p@ftn=\toks20
) (./epsf.sty
This is `epsf.tex' v2.7.3 <23 July 2005>
\epsffilein=\read2
\epsfframemargin=\dimen141
\epsfframethickness=\dimen142
\epsfrsize=\dimen143
\epsftmp=\dimen144
\epsftsize=\dimen145
\epsfxsize=\dimen146
\epsfysize=\dimen147
\pspoints=\dimen148
)
\c@front@matter@foot@note=\count272
\alt@affil@toks=\toks21
\alt@affil@toks@count=\toks22
\keys@width=\skip56
\c@lastfootnote=\count273
\c@remember@figure@num=\count274
\c@remember@table@num=\count275
\bibindent=\dimen149
\plot@width=\skip57
\c@table@save=\count276
\table@note@skip=\skip58
\deluxe@table@width=\skip59
\@d@t@a=\skip60
\c@deluxe@table@num=\count277
\abovedeluxetableskip=\skip61
\belowdeluxetableskip=\skip62
\lastrowheight=\dimen150
\DT@p@ftn=\toks23
\pt@column=\count278
\pt@ncol=\count279
) (/usr/share/texlive/texmf-dist/tex/latex/base/fontenc.sty
Package: fontenc 2021/04/29 v2.0v Standard LaTeX package
)
(/usr/share/texlive/texmf-dist/tex/latex/amsmath/amsmath.sty
Package: amsmath 2021/10/15 v2.17l AMS math features
\@mathmargin=\skip63

For additional information on amsmath, use the `?' option.
(/usr/share/texlive/texmf-dist/tex/latex/amsmath/amstext.sty
Package: amstext 2021/08/26 v2.01 AMS text

(/usr/share/texlive/texmf-dist/tex/latex/amsmath/amsgen.sty
File: amsgen.sty 1999/11/30 v2.0 generic functions
\@emptytoks=\toks24
\ex@=\dimen151
)
LaTeX Info: Redefining \text on input line 28.
)
(/usr/share/texlive/texmf-dist/tex/latex/amsmath/amsbsy.sty
Package: amsbsy 1999/11/29 v1.2d Bold Symbols
\pmbraise@=\dimen152
)
(/usr/share/texlive/texmf-dist/tex/latex/amsmath/amsopn.sty
Package: amsopn 2021/08/26 v2.02 operator names
)
\inf@bad=\count280
LaTeX Info: Redefining \frac on input line 234.
\uproot@=\count281
\leftroot@=\count282
LaTeX Info: Redefining \overline on input line 399.
\classnum@=\count283
\DOTSCASE@=\count284
LaTeX Info: Redefining \ldots on input line 496.
LaTeX Info: Redefining \dots on input line 499.
LaTeX Info: Redefining \cdots on input line 620.
\Mathstrutbox@=\box70
\strutbox@=\box71
\big@size=\dimen153
LaTeX Font Info:    Redeclaring font encoding OML on input line 743.
LaTeX Font Info:    Redeclaring font encoding OMS on input line 744.
\macc@depth=\count285
\c@MaxMatrixCols=\count286
\dotsspace@=\muskip17
\c@parentequation=\count287
\dspbrk@lvl=\count288
\tag@help=\toks25
\row@=\count289
\column@=\count290
\maxfields@=\count291
\andhelp@=\toks26
\eqnshift@=\dimen154
\alignsep@=\dimen155
\tagshift@=\dimen156
\tagwidth@=\dimen157
\totwidth@=\dimen158
\lineht@=\dimen159
\@envbody=\toks27
\multlinegap=\skip64
\multlinetaggap=\skip65
\mathdisplay@stack=\toks28
LaTeX Info: Redefining \[ on input line 2938.
LaTeX Info: Redefining \] on input line 2939.
)
(/usr/share/texlive/texmf-dist/tex/latex/hyperref/hyperref.sty
Package: hyperref 2021-06-07 v7.00m Hypertext links for LaTeX

(/usr/share/texlive/texmf-dist/tex/generic/ltxcmds/ltxcmds.sty
Package: ltxcmds 2020-05-10 v1.25 LaTeX kernel commands for general use (HO)
)
(/usr/share/texlive/texmf-dist/tex/generic/iftex/iftex.sty
Package: iftex 2020/03/06 v1.0d TeX engine tests
)
(/usr/share/texlive/texmf-dist/tex/generic/pdftexcmds/pdftexcmds.sty
Package: pdftexcmds 2020-06-27 v0.33 Utility functions of pdfTeX for LuaTeX (HO
)

(/usr/share/texlive/texmf-dist/tex/generic/infwarerr/infwarerr.sty
Package: infwarerr 2019/12/03 v1.5 Providing info/warning/error messages (HO)
)
Package pdftexcmds Info: \pdf@primitive is available.
Package pdftexcmds Info: \pdf@ifprimitive is available.
Package pdftexcmds Info: \pdfdraftmode found.
)
(/usr/share/texlive/texmf-dist/tex/generic/kvsetkeys/kvsetkeys.sty
Package: kvsetkeys 2019/12/15 v1.18 Key value parser (HO)
)
(/usr/share/texlive/texmf-dist/tex/generic/kvdefinekeys/kvdefinekeys.sty
Package: kvdefinekeys 2019-12-19 v1.6 Define keys (HO)
)
(/usr/share/texlive/texmf-dist/tex/generic/pdfescape/pdfescape.sty
Package: pdfescape 2019/12/09 v1.15 Implements pdfTeX's escape features (HO)
)
(/usr/share/texlive/texmf-dist/tex/latex/hycolor/hycolor.sty
Package: hycolor 2020-01-27 v1.10 Color options for hyperref/bookmark (HO)
)
(/usr/share/texlive/texmf-dist/tex/latex/letltxmacro/letltxmacro.sty
Package: letltxmacro 2019/12/03 v1.6 Let assignment for LaTeX macros (HO)
)
(/usr/share/texlive/texmf-dist/tex/latex/auxhook/auxhook.sty
Package: auxhook 2019-12-17 v1.6 Hooks for auxiliary files (HO)
)
(/usr/share/texlive/texmf-dist/tex/latex/kvoptions/kvoptions.sty
Package: kvoptions 2020-10-07 v3.14 Key value format for package options (HO)
)
\@linkdim=\dimen160
\Hy@linkcounter=\count292
\Hy@pagecounter=\count293

(/usr/share/texlive/texmf-dist/tex/latex/hyperref/pd1enc.def
File: pd1enc.def 2021-06-07 v7.00m Hyperref: PDFDocEncoding definition (HO)
Now handling font encoding PD1 ...
... no UTF-8 mapping file for font encoding PD1
)
(/usr/share/texlive/texmf-dist/tex/latex/hyperref/hyperref-langpatches.def
File: hyperref-langpatches.def 2021-06-07 v7.00m Hyperref: patches for babel la
nguages
)
(/usr/share/texlive/texmf-dist/tex/generic/intcalc/intcalc.sty
Package: intcalc 2019/12/15 v1.3 Expandable calculations with integers (HO)
)
(/usr/share/texlive/texmf-dist/tex/generic/etexcmds/etexcmds.sty
Package: etexcmds 2019/12/15 v1.7 Avoid name clashes with e-TeX commands (HO)
)
\Hy@SavedSpaceFactor=\count294

(/usr/share/texlive/texmf-dist/tex/latex/hyperref/puenc.def
File: puenc.def 2021-06-07 v7.00m Hyperref: PDF Unicode definition (HO)
Now handling font encoding PU ...
... no UTF-8 mapping file for font encoding PU
)
Package hyperref Info: Hyper figures OFF on input line 4192.
Package hyperref Info: Link nesting OFF on input line 4197.
Package hyperref Info: Hyper index ON on input line 4200.
Package hyperref Info: Plain pages OFF on input line 4207.
Package hyperref Info: Backreferencing OFF on input line 4212.
Package hyperref Info: Implicit mode ON; LaTeX internals redefined.
Package hyperref Info: Bookmarks ON on input line 4445.
LaTeX Info: Redefining \href on input line 4715.
\c@Hy@tempcnt=\count295
LaTeX Info: Redefining \url on input line 4804.
\XeTeXLinkMargin=\dimen161

(/usr/share/texlive/texmf-dist/tex/generic/bitset/bitset.sty
Package: bitset 2019/12/09 v1.3 Handle bit-vector datatype (HO)

(/usr/share/texlive/texmf-dist/tex/generic/bigintcalc/bigintcalc.sty
Package: bigintcalc 2019/12/15 v1.5 Expandable calculations on big integers (HO
)
))
\Fld@menulength=\count296
\Field@Width=\dimen162
\Fld@charsize=\dimen163
Package hyperref Info: Hyper figures OFF on input line 6076.
Package hyperref Info: Link nesting OFF on input line 6081.
Package hyperref Info: Hyper index ON on input line 6084.
Package hyperref Info: backreferencing OFF on input line 6091.
Package hyperref Info: Link coloring OFF on input line 6096.
Package hyperref Info: Link coloring with OCG OFF on input line 6101.
Package hyperref Info: PDF/A mode OFF on input line 6106.
LaTeX Info: Redefining \ref on input line 6146.
LaTeX Info: Redefining \pageref on input line 6150.

(/usr/share/texlive/texmf-dist/tex/latex/base/atbegshi-ltx.sty
Package: atbegshi-ltx 2021/01/10 v1.0c Emulation of the original atbegshi
package with kernel methods
)
\Hy@abspage=\count297
\c@Item=\count298
\c@Hfootnote=\count299
)
Package hyperref Info: Driver (autodetected): hpdftex.

(/usr/share/texlive/texmf-dist/tex/latex/hyperref/hpdftex.def
File: hpdftex.def 2021-06-07 v7.00m Hyperref driver for pdfTeX

(/usr/share/texlive/texmf-dist/tex/latex/base/atveryend-ltx.sty
Package: atveryend-ltx 2020/08/19 v1.0a Emulation of the original atveryend pac
kage
with kernel methods
)
\Fld@listcount=\count300
\c@bookmark@seq@number=\count301

(/usr/share/texlive/texmf-dist/tex/latex/rerunfilecheck/rerunfilecheck.sty
Package: rerunfilecheck 2019/12/05 v1.9 Rerun checks for auxiliary files (HO)

(/usr/share/texlive/texmf-dist/tex/generic/uniquecounter/uniquecounter.sty
Package: uniquecounter 2019/12/15 v1.4 Provide unlimited unique counter (HO)
)
Package uniquecounter Info: New unique counter `rerunfilecheck' on input line 2
86.
)
\Hy@SectionHShift=\skip66
)
(/usr/share/texlive/texmf-dist/tex/latex/tools/array.sty
Package: array 2021/10/04 v2.5f Tabular extension package (FMi)
\col@sep=\dimen164
\ar@mcellbox=\box72
\extrarowheight=\dimen165
\NC@list=\toks29
\extratabsurround=\skip67
\backup@length=\skip68
\ar@cellbox=\box73
)
(/usr/share/texlive/texmf-dist/tex/latex/booktabs/booktabs.sty
Package: booktabs 2020/01/12 v1.61803398 Publication quality tables
\heavyrulewidth=\dimen166
\lightrulewidth=\dimen167
\cmidrulewidth=\dimen168
\belowrulesep=\dimen169
\belowbottomsep=\dimen170
\aboverulesep=\dimen171
\abovetopsep=\dimen172
\cmidrulesep=\dimen173
\cmidrulekern=\dimen174
\defaultaddspace=\dimen175
\@cmidla=\count302
\@cmidlb=\count303
\@aboverulesep=\dimen176
\@belowrulesep=\dimen177
\@thisruleclass=\count304
\@lastruleclass=\count305
\@thisrulewidth=\dimen178
)
(./survey_numbers.tex) (./survey_numbers_round8.tex)
(./survey_numbers_round9.tex) (./survey_numbers_round10.tex)
(./survey_numbers_round11.tex) (./survey_numbers_round12.tex)
(./survey_numbers_round13.tex) (./survey_numbers_pointing.tex)
(./survey_numbers_round15.tex) (./survey_numbers_round16.tex)
(./survey_numbers_round17.tex) (./survey_numbers_recurrence.tex)
(./survey_numbers_round14.tex) (./survey_numbers_localnull.tex)
(./survey_numbers_round18.tex) (./survey_numbers_round19.tex)
(./survey_numbers_round20.tex) (./survey_numbers_round21.tex)
(./survey_numbers_round22.tex) (./survey_numbers_round23.tex)
(./survey_numbers_round24.tex) (./survey_numbers_round25.tex)
(./survey_numbers_round26.tex) (./survey_numbers_hd23484.tex)
(./survey_numbers_bpicctrl.tex) (./survey_numbers_round27.tex)
(./survey_numbers_round28.tex) (./survey_numbers_round29.tex)
(./survey_numbers_round30.tex) (./survey_numbers_round31.tex)
(./survey_numbers_round32.tex) (./survey_numbers_round33.tex)
(./survey_numbers_round34.tex) (./survey_numbers_round35.tex)
(./survey_numbers_round36.tex) (./survey_numbers_round37.tex)
(./survey_numbers_round38.tex) (./survey_numbers_round39.tex)
(./survey_numbers_round40.tex) (./survey_numbers_round41.tex)
(./survey_numbers_round42.tex) (./survey_numbers_round43.tex)
(./survey_numbers_round44.tex) (./survey_numbers_round45.tex)
(./survey_numbers_round46.tex) (./survey_numbers_round47.tex)
(./survey_numbers_round48.tex) (./survey_numbers_round49.tex)
(./survey_numbers_round50.tex) (./survey_numbers_round51.tex)
(./survey_numbers_round52.tex) (./survey_numbers_round53.tex)
(./survey_numbers_round54.tex) (./survey_numbers_round55.tex)
(./survey_numbers_round56.tex) (./survey_numbers_round57.tex)
(./survey_numbers_round58.tex) (./survey_numbers_round59.tex)
(./survey_numbers_round60.tex) (./survey_numbers_round61.tex)
(./survey_numbers_round62.tex) (./survey_numbers_round63.tex)
(./survey_numbers_round64.tex) (./survey_numbers_round75.tex)
(./survey_numbers_round80.tex) (./survey_numbers_round81.tex)
(./ledger_legend_v403.tex) (./survey_numbers_round77.tex)
(./survey_numbers_round78.tex) (./survey_numbers_round79.tex)
(./survey_numbers_round66.tex) (./survey_numbers_round67.tex)
(./survey_numbers_round68.tex) (./survey_numbers_round69.tex)
(./survey_numbers_round70.tex) (./survey_numbers_round71.tex)
(./survey_numbers_round73.tex) (./survey_numbers_round74.tex)
(./peff_range_v372.tex) (./survey_numbers_round82.tex)
(./survey_numbers_round83.tex) (./survey_numbers_round84.tex)
(./survey_numbers_round85.tex) (./survey_numbers_round86.tex)
(./survey_numbers_round87.tex) (./survey_numbers_round88.tex)
(./survey_numbers_round89.tex) (./survey_numbers_round90.tex)
(./survey_numbers_round91.tex) (./survey_numbers_round92.tex)
(./survey_numbers_round93.tex) (./survey_numbers_round94.tex)
(./survey_numbers_round95.tex) (./survey_numbers_round96.tex)
(./survey_numbers_round97.tex) (./survey_numbers_round98.tex)
(./survey_numbers_round99.tex) (./survey_numbers_round100.tex)
(./survey_numbers_round101.tex) (./regen_count.tex)
(/usr/share/texlive/texmf-dist/tex/latex/enumitem/enumitem.sty
Package: enumitem 2019/06/20 v3.9 Customized lists
\labelindent=\skip69
\enit@outerparindent=\dimen179
\enit@toks=\toks30
\enit@inbox=\box74
\enit@count@id=\count306
\enitdp@description=\count307
)
Class revtex4-1 Info: Unrecognized array package. Please update this document c
lass! (Proceeding with fingers crossed.) on input line 169.
Class revtex4-1 Info: Patching unrecognized longtable package. (Proceeding with
 fingers crossed) on input line 169.
Class revtex4-1 Info: cite was not loaded (OK!) on input line 169.
Class revtex4-1 Info: mcite was not loaded (OK!) on input line 169.
Class revtex4-1 Info: multicol was not loaded (OK!) on input line 169.

(/usr/share/texlive/texmf-dist/tex/latex/l3backend/l3backend-pdftex.def
File: l3backend-pdftex.def 2022-01-12 L3 backend support: PDF output (pdfTeX)
\l__color_backend_stack_int=\count308
\l__pdf_internal_box=\box75
)
(./technosignatures_40pc_v4.08.aux)
\openout1 = `technosignatures_40pc_v4.08.aux'.

LaTeX Font Info:    Checking defaults for OML/cmm/m/it on input line 169.
LaTeX Font Info:    ... okay on input line 169.
LaTeX Font Info:    Checking defaults for OMS/cmsy/m/n on input line 169.
LaTeX Font Info:    ... okay on input line 169.
LaTeX Font Info:    Checking defaults for OT1/cmr/m/n on input line 169.
LaTeX Font Info:    ... okay on input line 169.
LaTeX Font Info:    Checking defaults for T1/cmr/m/n on input line 169.
LaTeX Font Info:    ... okay on input line 169.
LaTeX Font Info:    Checking defaults for TS1/cmr/m/n on input line 169.
LaTeX Font Info:    ... okay on input line 169.
LaTeX Font Info:    Checking defaults for OMX/cmex/m/n on input line 169.
LaTeX Font Info:    ... okay on input line 169.
LaTeX Font Info:    Checking defaults for U/cmr/m/n on input line 169.
LaTeX Font Info:    ... okay on input line 169.
LaTeX Font Info:    Checking defaults for PD1/pdf/m/n on input line 169.
LaTeX Font Info:    ... okay on input line 169.
LaTeX Font Info:    Checking defaults for PU/pdf/m/n on input line 169.
LaTeX Font Info:    ... okay on input line 169.

(/usr/share/texlive/texmf-dist/tex/context/base/mkii/supp-pdf.mkii
[Loading MPS to PDF converter (version 2006.09.02).]
\scratchcounter=\count309
\scratchdimen=\dimen180
\scratchbox=\box76
\nofMPsegments=\count310
\nofMParguments=\count311
\everyMPshowfont=\toks31
\MPscratchCnt=\count312
\MPscratchDim=\dimen181
\MPnumerator=\count313
\makeMPintoPDFobject=\count314
\everyMPtoPDFconversion=\toks32
) (/usr/share/texlive/texmf-dist/tex/latex/epstopdf-pkg/epstopdf-base.sty
Package: epstopdf-base 2020-01-24 v2.11 Base part for package epstopdf
Package epstopdf-base Info: Redefining graphics rule for `.eps' on input line 4
85.

(/usr/share/texlive/texmf-dist/tex/latex/latexconfig/epstopdf-sys.cfg
File: epstopdf-sys.cfg 2010/07/13 v1.3 Configuration of (r)epstopdf for TeX Liv
e
))
Package hyperref Info: Link coloring OFF on input line 169.

(/usr/share/texlive/texmf-dist/tex/latex/hyperref/nameref.sty
Package: nameref 2021-04-02 v2.47 Cross-referencing by name of section

(/usr/share/texlive/texmf-dist/tex/latex/refcount/refcount.sty
Package: refcount 2019/12/15 v3.6 Data extraction from label references (HO)
)
(/usr/share/texlive/texmf-dist/tex/generic/gettitlestring/gettitlestring.sty
Package: gettitlestring 2019/12/15 v1.6 Cleanup title references (HO)
)
\c@section@level=\count315
)
LaTeX Info: Redefining \ref on input line 169.
LaTeX Info: Redefining \pageref on input line 169.
LaTeX Info: Redefining \nameref on input line 169.

(./technosignatures_40pc_v4.08.out) (./technosignatures_40pc_v4.08.out)
\@outlinefile=\write4
\openout4 = `technosignatures_40pc_v4.08.out'.

Class revtex4-1 Info: Taking \maketitle back from hyperref on input line 169.
\openout3 = `technosignatures_40pc_v4.08Notes.bib'.

LaTeX Font Info:    Trying to load font information for U+lasy on input line 18
9.

(/usr/share/texlive/texmf-dist/tex/latex/base/ulasy.fd
File: ulasy.fd 1998/08/17 v2.2e LaTeX symbol font definitions
)
LaTeX Font Info:    Trying to load font information for U+msa on input line 189
.

(/usr/share/texlive/texmf-dist/tex/latex/amsfonts/umsa.fd
File: umsa.fd 2013/01/14 v3.01 AMS symbols A
)
LaTeX Font Info:    Trying to load font information for U+msb on input line 189
.

(/usr/share/texlive/texmf-dist/tex/latex/amsfonts/umsb.fd
File: umsb.fd 2013/01/14 v3.01 AMS symbols B
)

Class revtex4-1 Warning: Assuming \noaffiliation for authors.

Class revtex4-1 Info: Enlarging page 1 by 0.0pt on input line 223.
[1{/var/lib/texmf/fonts/map/pdftex/updmap/pdftex.map}]
<figures/eirp_context_b.pdf, id=380, 307.08449pt x 177.28107pt>
File: figures/eirp_context_b.pdf Graphic file (type pdf)
<use figures/eirp_context_b.pdf>
Package pdftex.def Info: figures/eirp_context_b.pdf  used on input line 370.
(pdftex.def)             Requested size: 245.26653pt x 141.59511pt.
 [2 <./figures/eirp_context_b.pdf>]
LaTeX Font Info:    Trying to load font information for T1+cmtt on input line 4
68.
 (/usr/share/texlive/texmf-dist/tex/latex/base/t1cmtt.fd
File: t1cmtt.fd 2019/12/16 v2.5j Standard LaTeX font definitions
)
<figures/selection_funnel.pdf, id=465, 164.48651pt x 192.2382pt>
File: figures/selection_funnel.pdf Graphic file (type pdf)
<use figures/selection_funnel.pdf>
Package pdftex.def Info: figures/selection_funnel.pdf  used on input line 483.
(pdftex.def)             Requested size: 161.8768pt x 189.19pt.
 [3 <./figures/selection_funnel.pdf>]

LaTeX Warning: A float is stuck (cannot be placed) on input line 590.


LaTeX Warning: A float is stuck (cannot be placed) on input line 590.


Class revtex4-1 Warning: Deferred float stuck during \clearpage processing.

[4]
Underfull \hbox (badness 1215) in paragraph at lines 713--722
\OMS/cmsy/m/n/10 ^^F\OT1/cmr/m/n/10 20$\T1/cmr/m/n/10 , $\OMS/cmsy/m/n/10 ^^F\O
T1/cmr/m/n/10 30$\T1/cmr/m/n/10 , $\OMS/cmsy/m/n/10 ^^F\OT1/cmr/m/n/10 50$ \T1/
cmr/m/n/10 and $\OMS/cmsy/m/n/10 ^^F\OT1/cmr/m/n/10 100$\T1/cmr/m/n/10 kms$[]$,
 in both frames.
 []


LaTeX Font Warning: Font shape `T1/cmr/m/scit' undefined
(Font)              using `T1/cmr/m/it' instead on input line 738.

(./tab_maskladder_v405.tex) [5]

LaTeX Font Warning: Font shape `T1/cmr/m/scit' undefined
(Font)              using `T1/cmr/m/it' instead on input line 813.


LaTeX Font Warning: Font shape `T1/cmr/m/scit' undefined
(Font)              using `T1/cmr/m/it' instead on input line 813.


LaTeX Font Warning: Font shape `T1/cmr/m/scit' undefined
(Font)              using `T1/cmr/m/it' instead on input line 813.


LaTeX Font Warning: Font shape `T1/cmr/m/scit' undefined
(Font)              using `T1/cmr/m/it' instead on input line 888.


LaTeX Font Warning: Font shape `T1/cmr/m/scit' undefined
(Font)              using `T1/cmr/m/it' instead on input line 888.

[6]
<figures/drift_acceleration.pdf, id=596, 245.91875pt x 168.63pt>
File: figures/drift_acceleration.pdf Graphic file (type pdf)
<use figures/drift_acceleration.pdf>
Package pdftex.def Info: figures/drift_acceleration.pdf  used on input line 104
8.
(pdftex.def)             Requested size: 245.26653pt x 168.18958pt.
 [7]

LaTeX Warning: A float is stuck (cannot be placed) on input line 1088.


LaTeX Warning: A float is stuck (cannot be placed) on input line 1088.


Class revtex4-1 Warning: Deferred float stuck during \clearpage processing.

<figures/classa_sensitivity.pdf, id=616, 440.64088pt x 173.68149pt>
File: figures/classa_sensitivity.pdf Graphic file (type pdf)
<use figures/classa_sensitivity.pdf>
Package pdftex.def Info: figures/classa_sensitivity.pdf  used on input line 114
8.
(pdftex.def)             Requested size: 472.0671pt x 186.07321pt.

Underfull \hbox (badness 1194) in paragraph at lines 1168--1175
[]\T1/cmr/m/n/10 The choice of de-tec-tion statis-tic makes the non-
 []

[8 <./figures/drift_acceleration.pdf>] [9 <./figures/classa_sensitivity.pdf>]
Underfull \hbox (badness 10000) in paragraph at lines 1301--1313
[]\T1/cmr/m/n/10 One block set-tles it di-rectly. AU Mic
 []

[10] [11]

Package hyperref Warning: Token not allowed in a PDF string (Unicode):
(hyperref)                removing `math shift' on input line 1558.


Package hyperref Warning: Token not allowed in a PDF string (Unicode):
(hyperref)                removing `\sigma' on input line 1558.


Package hyperref Warning: Token not allowed in a PDF string (Unicode):
(hyperref)                removing `math shift' on input line 1558.


Underfull \hbox (badness 3240) in paragraph at lines 1635--1641
[]\T1/cmr/m/n/10 It also set-tles the small-est of them. $\OML/cmm/m/it/10 ^^Q$
 \T1/cmr/m/n/10 Crv
 []

[12]
Underfull \hbox (badness 10000) in paragraph at lines 1661--1680
[]$\OML/cmm/m/it/10 ^^Q$ \T1/cmr/m/n/10 Crv, \T1/cmtt/m/n/10 A002_X122b6ff_X104
1e\T1/cmr/m/n/10 , Band 7,
 []


Underfull \hbox (badness 2626) in paragraph at lines 1661--1680
\T1/cmr/m/n/10 the near-est frozen-mask tran-si-tion CO($\OT1/cmr/m/n/10 3[]2$\
T1/cmr/m/n/10 ) ly-ing
 []


LaTeX Font Warning: Font shape `T1/cmr/m/scit' undefined
(Font)              using `T1/cmr/m/it' instead on input line 1743.


LaTeX Font Warning: Font shape `T1/cmr/m/scit' undefined
(Font)              using `T1/cmr/m/it' instead on input line 1743.


LaTeX Font Warning: Font shape `T1/cmr/m/scit' undefined
(Font)              using `T1/cmr/m/it' instead on input line 1743.


LaTeX Font Warning: Font shape `T1/cmr/m/scit' undefined
(Font)              using `T1/cmr/m/it' instead on input line 1743.


LaTeX Font Warning: Font shape `T1/cmr/m/scit' undefined
(Font)              using `T1/cmr/m/it' instead on input line 1743.

(./tab_ledger_v403.tex) (./tab_ledgersum_v403.tex)
<figures/chain_v403.pdf, id=714, 515.28508pt x 186.45659pt>
File: figures/chain_v403.pdf Graphic file (type pdf)
<use figures/chain_v403.pdf>
Package pdftex.def Info: figures/chain_v403.pdf  used on input line 1769.
(pdftex.def)             Requested size: 502.85289pt x 181.95802pt.
 [13] [14]
Underfull \hbox (badness 2772) in paragraph at lines 1872--1882
[]\T1/cmr/m/it/10 Registration works, and it was demon-strated on
 []


Underfull \hbox (badness 1173) in paragraph at lines 1872--1882
\T1/cmr/m/it/10 real lines first. \T1/cmr/m/n/10 The per-block trans-form col-l
apses
 []


Underfull \hbox (badness 3029) in paragraph at lines 1872--1882
\T1/cmr/m/n/10 HD 285968's molec-u-lar line from a 19.26-channel
 []

[15 <./figures/chain_v403.pdf>]
Underfull \hbox (badness 3302) in paragraph at lines 2027--2064
\T1/cmr/m/n/10 left to the de-posit --- \T1/cmtt/m/n/10 A002_Xd40be0_X749c_spw1
\T1/cmr/m/n/10 ,
 []


Underfull \hbox (badness 10000) in paragraph at lines 2027--2064
\T1/cmtt/m/n/10 A002_Xd40be0_X749c_spw2\T1/cmr/m/n/10 ,
 []


Underfull \hbox (badness 10000) in paragraph at lines 2027--2064
\T1/cmtt/m/n/10 A002_Xd40be0_X749c_spw3\T1/cmr/m/n/10 ,
 []


Underfull \hbox (badness 10000) in paragraph at lines 2027--2064
\T1/cmtt/m/n/10 A002_Xe48598_Xff51_spw3\T1/cmr/m/n/10 ,
 []


Underfull \hbox (badness 2197) in paragraph at lines 2027--2064
\T1/cmtt/m/n/10 A002_Xe4f0a6_X3658_spw3 \T1/cmr/m/n/10 --- noth-ing par-tial fr
om
 []


Underfull \hbox (badness 1681) in paragraph at lines 2027--2064
\T1/cmr/m/n/10 pre-ci-sion to the trans-fer dis-tri-bu-tion, not changed
 []

[16]
<figures/dwell_selection.pdf, id=782, 248.87552pt x 170.539pt>
File: figures/dwell_selection.pdf Graphic file (type pdf)
<use figures/dwell_selection.pdf>
Package pdftex.def Info: figures/dwell_selection.pdf  used on input line 2125.
(pdftex.def)             Requested size: 245.26653pt x 168.07425pt.
 [17 <./figures/dwell_selection.pdf>] (./tab_epochclassa_v400.tex) [18]

LaTeX Warning: A float is stuck (cannot be placed) on input line 2314.


LaTeX Warning: A float is stuck (cannot be placed) on input line 2314.


Class revtex4-1 Warning: Deferred float stuck during \clearpage processing.


Underfull \hbox (badness 1057) in paragraph at lines 2395--2411
[]\T1/cmr/m/n/10 Every val-i-da-tion re-ported here tests this pipeline
 []

[19] [20] (./tab_projcodes_v400.tex)
Underfull \hbox (badness 1394) in paragraph at lines 2622--2637
\T1/cmr/m/n/10 are: [], [], [],
 []


Underfull \hbox (badness 10000) in paragraph at lines 2622--2637
[]\T1/cmr/m/n/10 , [], [],
 []


Underfull \hbox (badness 10000) in paragraph at lines 2622--2637
[]\T1/cmr/m/n/10 , [], [],
 []


Underfull \hbox (badness 10000) in paragraph at lines 2622--2637
[]\T1/cmr/m/n/10 , [], [],
 []


Underfull \hbox (badness 10000) in paragraph at lines 2622--2637
[]\T1/cmr/m/n/10 , [], [],
 []


Underfull \hbox (badness 10000) in paragraph at lines 2622--2637
[]\T1/cmr/m/n/10 , [], [],
 []


Underfull \hbox (badness 10000) in paragraph at lines 2622--2637
[]\T1/cmr/m/n/10 , [], [],
 []


Underfull \hbox (badness 10000) in paragraph at lines 2622--2637
[]\T1/cmr/m/n/10 , [], [],
 []


Underfull \hbox (badness 10000) in paragraph at lines 2622--2637
[]\T1/cmr/m/n/10 , [], [],
 []


Underfull \hbox (badness 10000) in paragraph at lines 2622--2637
[]\T1/cmr/m/n/10 , [], [],
 []


Underfull \hbox (badness 10000) in paragraph at lines 2622--2637
[]\T1/cmr/m/n/10 , [], [],
 []


Underfull \hbox (badness 10000) in paragraph at lines 2622--2637
[]\T1/cmr/m/n/10 , [], [],
 []


Underfull \hbox (badness 10000) in paragraph at lines 2622--2637
[]\T1/cmr/m/n/10 , [], [],
 []


Underfull \hbox (badness 10000) in paragraph at lines 2622--2637
[]\T1/cmr/m/n/10 , [], [],
 []


Underfull \hbox (badness 10000) in paragraph at lines 2622--2637
[]\T1/cmr/m/n/10 , [], [],
 []


Underfull \hbox (badness 10000) in paragraph at lines 2622--2637
[]\T1/cmr/m/n/10 , [], [],
 []


Underfull \hbox (badness 10000) in paragraph at lines 2622--2637
[]\T1/cmr/m/n/10 , [], [],
 []


Underfull \hbox (badness 10000) in paragraph at lines 2622--2637
[]\T1/cmr/m/n/10 , [], [],
 []


Underfull \hbox (badness 10000) in paragraph at lines 2622--2637
[]\T1/cmr/m/n/10 , [], [],
 []


Underfull \hbox (badness 10000) in paragraph at lines 2622--2637
[]\T1/cmr/m/n/10 , [], [],
 []


Underfull \hbox (badness 10000) in paragraph at lines 2622--2637
[]\T1/cmr/m/n/10 , [], [] .
 []


Underfull \hbox (badness 3179) in paragraph at lines 2622--2637
\T1/cmr/m/n/10 Per-block epochs are in the machine-readable re-
 []


Underfull \hbox (badness 1275) in paragraph at lines 2622--2637
\T1/cmr/m/n/10 lease. The archive meta-data ex-poses no pro-posal
 []


Underfull \hbox (badness 1038) in paragraph at lines 2622--2637
\T1/cmr/m/n/10 (Japan), to-gether with NRC (Canada), NSTC and
 []

[21]
Underfull \hbox (badness 10000) in paragraph at lines 2653--2659
[]\T1/cmr/m/n/10 The pipeline de-pends on CASA 6.7.6
 []


Underfull \hbox (badness 5954) in paragraph at lines 2653--2659
\T1/cmr/m/n/10 (casatools/casatasks 6.7.6-14; []CASA Team et al.[]
 []


Underfull \hbox (badness 10000) in paragraph at lines 2752--2765
[]\T1/cmr/m/n/10 The machine-readable cat-a-logue,
 []


Underfull \hbox (badness 10000) in paragraph at lines 2752--2765
\T1/cmtt/m/n/10 per_target_results_v3.99.csv\T1/cmr/m/n/10 , car-ries one row
 []


Underfull \hbox (badness 1845) in paragraph at lines 2752--2765
\T1/cmr/m/n/10 columns: the ob-ser-va-tion; the sen-si-tiv-ity reached,
 []


Underfull \hbox (badness 1478) in paragraph at lines 2752--2765
\T1/cmr/m/n/10 the near-est cat-a-logued tran-si-tion; three dis-po-si-tion
 []

[22] (./tab_dispo_v405.tex)
Underfull \hbox (badness 1189) in paragraph at lines 2871--2883
\T1/cmr/m/it/10 po-si-tion re-solves it. \T1/cmr/m/n/10 Both ex-trac-tions of t
he field
 []

[23] [24]
Underfull \hbox (badness 1383) in paragraph at lines 2993--3010
[]$\OML/cmm/m/it/10 T[] \OMS/cmsy/m/n/10 ^^Q \OML/cmm/m/it/10 T\OT1/cmr/m/n/10 
(\OT1/cmr/bx/n/10 x[]\OT1/cmr/m/n/10 )$ \T1/cmr/m/n/10 is eval-u-ated at the pr
oper-motion-
 []


Underfull \hbox (badness 5189) in paragraph at lines 3031--3041
[]\T1/cmr/m/n/10 Neighbouring con-trols are cor-re-lated be-low the
 []


Underfull \hbox (badness 1742) in paragraph at lines 3042--3061
[]\T1/cmr/m/n/10 Residual con-tin-uum, self-calibration resid-u-als and
 []

[25]
Underfull \hbox (badness 1014) in paragraph at lines 3116--3128
[]\T1/cmr/m/n/10 One au-to-mated qual-ity check pre-cedes any sen-si-
 []


Package hyperref Warning: Token not allowed in a PDF string (Unicode):
(hyperref)                removing `math shift' on input line 3146.


Package hyperref Warning: Token not allowed in a PDF string (Unicode):
(hyperref)                removing `math shift' on input line 3146.


Underfull \hbox (badness 1147) in paragraph at lines 3214--3246
 []\T1/cmr/m/it/9 ONE POINT-ING, TWO CAT-A-LOGUED STARS, AND
 []

[26]
Underfull \hbox (badness 1163) in paragraph at lines 3250--3257
 []\T1/cmr/m/n/10 At least one pub-lic ex-e-cu-tion block whose vis-i-
 []


Underfull \hbox (badness 1735) in paragraph at lines 3314--3323
[]\T1/cmr/m/n/10 Two caveats are not pre-sen-ta-tional. First, the
 []

[27] [28]
<figures/coverage_waterfall.pdf, id=1023, 505.89pt x 469.755pt>
File: figures/coverage_waterfall.pdf Graphic file (type pdf)
<use figures/coverage_waterfall.pdf>
Package pdftex.def Info: figures/coverage_waterfall.pdf  used on input line 349
9.
(pdftex.def)             Requested size: 507.98907pt x 471.71068pt.

Underfull \hbox (badness 1348) in paragraph at lines 3544--3559
[]\T1/cmr/m/n/10 Our ex-trac-tor re-turns 0.98--0.99 of the pub-lished
 []

[29] [30 <./figures/coverage_waterfall.pdf>]

LaTeX Font Warning: Font shape `T1/cmr/m/scit' undefined
(Font)              using `T1/cmr/m/it' instead on input line 3711.

(./tab_extension_v399.tex)

Package hyperref Warning: Token not allowed in a PDF string (Unicode):
(hyperref)                removing `math shift' on input line 3717.


Package hyperref Warning: Token not allowed in a PDF string (Unicode):
(hyperref)                removing `\beta' on input line 3717.


Package hyperref Warning: Token not allowed in a PDF string (Unicode):
(hyperref)                removing `math shift' on input line 3717.

[31]
<figures/eirp_context_a.pdf, id=1095, 244.60585pt x 183.57945pt>
File: figures/eirp_context_a.pdf Graphic file (type pdf)
<use figures/eirp_context_a.pdf>
Package pdftex.def Info: figures/eirp_context_a.pdf  used on input line 3810.
(pdftex.def)             Requested size: 245.26653pt x 184.0832pt.


LaTeX Warning: Float too large for page by 527.23018pt on input line 3928.

<figures/sensitivity_2d.pdf, id=1132, 258.92734pt x 213.7586pt>
File: figures/sensitivity_2d.pdf Graphic file (type pdf)
<use figures/sensitivity_2d.pdf>
Package pdftex.def Info: figures/sensitivity_2d.pdf  used on input line 3938.
(pdftex.def)             Requested size: 245.26653pt x 202.4824pt.
<figures/hanning_response.pdf, id=1135, 432.1724pt x 129.78763pt>
File: figures/hanning_response.pdf Graphic file (type pdf)
<use figures/hanning_response.pdf>
Package pdftex.def Info: figures/hanning_response.pdf  used on input line 3957.

(pdftex.def)             Requested size: 482.33163pt x 144.85614pt.
[32 <./figures/eirp_context_a.pdf> <./figures/sensitivity_2d.pdf>] [33 <./figur
es/hanning_response.pdf>]

LaTeX Warning: A float is stuck (cannot be placed) on input line 4087.


LaTeX Warning: A float is stuck (cannot be placed) on input line 4087.


Class revtex4-1 Warning: Deferred float stuck during \clearpage processing.

[34]

LaTeX Font Warning: Font shape `T1/cmr/m/scit' undefined
(Font)              using `T1/cmr/m/it' instead on input line 4202.


LaTeX Font Warning: Font shape `T1/cmr/m/scit' undefined
(Font)              using `T1/cmr/m/it' instead on input line 4202.

(./tab_p90budget_v385.tex)

LaTeX Font Warning: Font shape `T1/cmr/m/scit' undefined
(Font)              using `T1/cmr/m/it' instead on input line 4258.

(./tab_compcurve.tex) [35]

LaTeX Warning: A float is stuck (cannot be placed) on input line 4308.


LaTeX Warning: A float is stuck (cannot be placed) on input line 4308.


Class revtex4-1 Warning: Deferred float stuck during \clearpage processing.

[36]
<figures/stratified_completeness.pdf, id=1269, 491.436pt x 144.54pt>
File: figures/stratified_completeness.pdf Graphic file (type pdf)
<use figures/stratified_completeness.pdf>
Package pdftex.def Info: figures/stratified_completeness.pdf  used on input lin
e 4445.
(pdftex.def)             Requested size: 492.59618pt x 144.88809pt.

Underfull \hbox (badness 1158) in paragraph at lines 4513--4531
\OML/cmm/m/it/10 n \OT1/cmr/m/n/10 = 1$\T1/cmr/m/n/10 : 1505, $\OML/cmm/m/it/10
 n \OT1/cmr/m/n/10 = 2$\T1/cmr/m/n/10 : 145, $\OML/cmm/m/it/10 n \OT1/cmr/m/n/1
0 = 4$\T1/cmr/m/n/10 : 1. 51
 []

[37] (./tab_selection.tex)
Underfull \hbox (badness 1490) in paragraph at lines 4598--4605
\T1/cmr/m/n/10 cat-a-logue of the Data Avail-abil-ity state-ment. Its
 []

<figures/selection_bias.pdf, id=1278, 219.73343pt x 147.15703pt>
File: figures/selection_bias.pdf Graphic file (type pdf)
<use figures/selection_bias.pdf>
Package pdftex.def Info: figures/selection_bias.pdf  used on input line 4608.
(pdftex.def)             Requested size: 245.26653pt x 164.26685pt.

LaTeX Font Warning: Font shape `T1/cmr/m/scit' undefined
(Font)              using `T1/cmr/m/it' instead on input line 4631.

(./tab_specclass_v385.tex) (./tab_perband.tex) (./tab_maskband.tex) [38 <./figu
res/stratified_completeness.pdf>]

LaTeX Warning: A float is stuck (cannot be placed) on input line 4674.


LaTeX Warning: A float is stuck (cannot be placed) on input line 4674.


Class revtex4-1 Warning: Deferred float stuck during \clearpage processing.


Underfull \hbox (badness 1314) in paragraph at lines 4675--4683
[]\T1/cmr/m/it/10 Rounding. \T1/cmr/m/n/10 The round-ing de-fect is why the re-

 []

[39 <./figures/selection_bias.pdf>] [40] (./tab_ctrlsep_v400.tex) [41] [42]
<figures/control_diagnostics.pdf, id=1369, 245.91875pt x 301.125pt>
File: figures/control_diagnostics.pdf Graphic file (type pdf)
<use figures/control_diagnostics.pdf>
Package pdftex.def Info: figures/control_diagnostics.pdf  used on input line 51
59.
(pdftex.def)             Requested size: 245.26653pt x 300.33853pt.


LaTeX Font Warning: Font shape `T1/cmr/m/scit' undefined
(Font)              using `T1/cmr/m/it' instead on input line 5199.


Underfull \hbox (badness 10000) in paragraph at lines 5208--5208
[]|\T1/cmr/m/n/7 Before those blocks were
 []


Underfull \hbox (badness 10000) in paragraph at lines 5216--5218
[]|\T1/cmr/m/n/7 Control-annulus in-ner edge
 []


Underfull \hbox (badness 10000) in paragraph at lines 5216--5218
[]\OT1/cmr/m/n/7 (0\OML/cmm/m/it/7 :\OT1/cmr/m/n/7 14 \OML/cmm/m/it/7 ^^R[];  \
OT1/cmr/m/n/7 2\OML/cmm/m/it/7 :\OT1/cmr/m/n/7 0 \OML/cmm/m/it/7 ^^R[]\OT1/cmr/
m/n/7 )$ \T1/cmr/m/n/7 and the cri-te-
 []


Underfull \hbox (badness 2359) in paragraph at lines 5221--5222
[]|\T1/cmr/m/n/7 Before the out-of-sample test
 []


LaTeX Font Warning: Font shape `T1/cmr/m/scit' undefined
(Font)              using `T1/cmr/m/it' instead on input line 5249.


LaTeX Font Warning: Font shape `T1/cmr/m/scit' undefined
(Font)              using `T1/cmr/m/it' instead on input line 5249.


LaTeX Font Warning: Font shape `T1/cmr/m/scit' undefined
(Font)              using `T1/cmr/m/it' instead on input line 5249.


LaTeX Font Warning: Font shape `T1/cmr/m/scit' undefined
(Font)              using `T1/cmr/m/it' instead on input line 5249.

(./tab_hosts_v399.tex
Underfull \hbox (badness 10000) in paragraph at lines 7--7
[]|\T1/cmr/m/n/7 em.-line,
 []


Underfull \hbox (badness 5681) in paragraph at lines 7--7
\T1/cmr/m/n/7 rot. var.,
 []

)

Package hyperref Warning: Token not allowed in a PDF string (Unicode):
(hyperref)                removing `math shift' on input line 5286.


Package hyperref Warning: Token not allowed in a PDF string (Unicode):
(hyperref)                removing `\beta' on input line 5286.


Package hyperref Warning: Token not allowed in a PDF string (Unicode):
(hyperref)                removing `math shift' on input line 5286.

[43]
Underfull \hbox (badness 1389) in paragraph at lines 5312--5317
[]\T1/cmr/m/n/10 The car-bon tun-ing agrees by omis-sion. All 24
 []


LaTeX Font Warning: Font shape `T1/cmr/m/scit' undefined
(Font)              using `T1/cmr/m/it' instead on input line 5333.

(./tab_bothstats_v401.tex) [44]

LaTeX Warning: A float is stuck (cannot be placed) on input line 5380.


LaTeX Warning: A float is stuck (cannot be placed) on input line 5380.


Class revtex4-1 Warning: Deferred float stuck during \clearpage processing.

[45 <./figures/control_diagnostics.pdf>]
Underfull \hbox (badness 1484) in paragraph at lines 5441--5457
[]\T1/cmr/m/n/10 Propagated over the sur-vey's 1651 win-dows, the
 []

<figures/rank_cdf.pdf, id=1437, 505.89pt x 155.38051pt>
File: figures/rank_cdf.pdf Graphic file (type pdf)
<use figures/rank_cdf.pdf>
Package pdftex.def Info: figures/rank_cdf.pdf  used on input line 5461.
(pdftex.def)             Requested size: 507.98907pt x 156.02736pt.

Class revtex4-1 Warning: Float cannot be placed.


Underfull \hbox (badness 3148) in paragraph at lines 5498--5507
[]\T1/cmr/m/n/10 Four classes of en-try are ex-cluded. (i) Four
 []


Underfull \hbox (badness 1831) in paragraph at lines 5498--5507
\T1/cmr/m/n/10 tar-get/bands (Barnard's Star [B7], Wolf 359 [B7],
 []


Underfull \hbox (badness 2744) in paragraph at lines 5508--5525
 []\T1/cmr/m/it/9 THE $\OML/cmm/m/it/9 $ \T1/cmr/m/it/9 CMA B LIMIT IS WITH-DR
AWN. \T1/cmr/m/n/10 Check-ing
 []

(./tab_cprepeat_v383.tex) (./tab_driftstrata_v385.tex)
(./tab_partitions_v385.tex
Underfull \hbox (badness 10000) in paragraph at lines 6--6
[]|\T1/cmr/m/n/7 the search re-
 []


Underfull \hbox (badness 10000) in paragraph at lines 7--7
[]|\T1/cmr/m/n/7 calibrates rank,
 []


Underfull \hbox (badness 10000) in paragraph at lines 7--7
\T1/cmr/m/n/7 tail and ra-dial
 []

) [46]

LaTeX Warning: A float is stuck (cannot be placed) on input line 5614.

[47 <./figures/rank_cdf.pdf>]

LaTeX Warning: A float is stuck (cannot be placed) on input line 5614.


Class revtex4-1 Warning: Deferred float stuck during \clearpage processing.


LaTeX Font Warning: Font shape `T1/cmr/m/scit' undefined
(Font)              using `T1/cmr/m/it' instead on input line 5688.


LaTeX Font Warning: Font shape `T1/cmr/m/scit' undefined
(Font)              using `T1/cmr/m/it' instead on input line 5688.


LaTeX Font Warning: Font shape `T1/cmr/m/scit' undefined
(Font)              using `T1/cmr/m/it' instead on input line 5688.

[48] [49]
<figures/ledger_vis_v403.pdf, id=1503, 504.19167pt x 218.93408pt>
File: figures/ledger_vis_v403.pdf Graphic file (type pdf)
<use figures/ledger_vis_v403.pdf>
Package pdftex.def Info: figures/ledger_vis_v403.pdf  used on input line 5880.
(pdftex.def)             Requested size: 441.2813pt x 191.61696pt.

Underfull \hbox (badness 4739) in paragraph at lines 5915--5915
[]|$\OML/cmm/m/it/7 R[]$ \T1/cmr/m/n/7 resid-ual scale at the unattributed
 []

[50] [51 <./figures/ledger_vis_v403.pdf>]
Underfull \hbox (badness 2478) in paragraph at lines 6025--6029
[]\T1/cmr/m/n/10 Three fur-ther im-prove-ments sug-gested by re-cent
 []

[52] [53]
<figures/appm_power.pdf, id=1548, 910.602pt x 267.39899pt>
File: figures/appm_power.pdf Graphic file (type pdf)
<use figures/appm_power.pdf>
Package pdftex.def Info: figures/appm_power.pdf  used on input line 6208.
(pdftex.def)             Requested size: 245.26653pt x 72.01915pt.
 [54 <./figures/appm_power.pdf>]
No file technosignatures_40pc_v4.08.bbl.
[55] (./technosignatures_40pc_v4.08.aux)
Package rerunfilecheck Info: File `technosignatures_40pc_v4.08.out' has not cha
nged.
(rerunfilecheck)             Checksum: 32BFB211C332AC28ACF7D9C39403C6C0;18839.
 ) 
Here is how much of TeX's memory you used:
 15990 strings out of 480247
 244410 string characters out of 5896151
 629363 words of memory out of 5000000
 33092 multiletter control sequences out of 15000+600000
 495926 words of font info for 93 fonts, out of 8000000 for 9000
 14 hyphenation exceptions out of 8191
 70i,12n,76p,1993b,524s stack positions out of 5000i,500n,10000p,200000b,80000s
pdfTeX warning (dest): name{section*.5} has been referenced but does not exis
t, replaced by a fixed one

pdfTeX warning (dest): name{section*.3} has been referenced but does not exist,
 replaced by a fixed one

{/usr/share/texmf/fonts/enc/dvips/cm-super/cm-super-t1.enc}</usr/share/texlive/
texmf-dist/fonts/type1/public/amsfonts/cm/cmbx10.pfb></usr/share/texlive/texmf-
dist/fonts/type1/public/amsfonts/cm/cmbx5.pfb></usr/share/texlive/texmf-dist/fo
nts/type1/public/amsfonts/cm/cmbx7.pfb></usr/share/texlive/texmf-dist/fonts/typ
e1/public/amsfonts/cm/cmex10.pfb></usr/share/texlive/texmf-dist/fonts/type1/pub
lic/amsfonts/cm/cmmi10.pfb></usr/share/texlive/texmf-dist/fonts/type1/public/am
sfonts/cm/cmmi5.pfb></usr/share/texlive/texmf-dist/fonts/type1/public/amsfonts/
cm/cmmi6.pfb></usr/share/texlive/texmf-dist/fonts/type1/public/amsfonts/cm/cmmi
7.pfb></usr/share/texlive/texmf-dist/fonts/type1/public/amsfonts/cm/cmmi8.pfb><
/usr/share/texlive/texmf-dist/fonts/type1/public/amsfonts/cm/cmmi9.pfb></usr/sh
are/texlive/texmf-dist/fonts/type1/public/amsfonts/cm/cmr10.pfb></usr/share/tex
live/texmf-dist/fonts/type1/public/amsfonts/cm/cmr5.pfb></usr/share/texlive/tex
mf-dist/fonts/type1/public/amsfonts/cm/cmr6.pfb></usr/share/texlive/texmf-dist/
fonts/type1/public/amsfonts/cm/cmr7.pfb></usr/share/texlive/texmf-dist/fonts/ty
pe1/public/amsfonts/cm/cmr8.pfb></usr/share/texlive/texmf-dist/fonts/type1/publ
ic/amsfonts/cm/cmr9.pfb></usr/share/texlive/texmf-dist/fonts/type1/public/amsfo
nts/cm/cmsy10.pfb></usr/share/texlive/texmf-dist/fonts/type1/public/amsfonts/cm
/cmsy5.pfb></usr/share/texlive/texmf-dist/fonts/type1/public/amsfonts/cm/cmsy6.
pfb></usr/share/texlive/texmf-dist/fonts/type1/public/amsfonts/cm/cmsy7.pfb></u
sr/share/texlive/texmf-dist/fonts/type1/public/amsfonts/cm/cmsy8.pfb></usr/shar
e/texlive/texmf-dist/fonts/type1/public/amsfonts/cm/cmsy9.pfb></usr/share/texli
ve/texmf-dist/fonts/type1/public/amsfonts/symbols/msam10.pfb></usr/share/texmf/
fonts/type1/public/cm-super/sfbi1000.pfb></usr/share/texmf/fonts/type1/public/c
m-super/sfbx0500.pfb></usr/share/texmf/fonts/type1/public/cm-super/sfbx0700.pfb
></usr/share/texmf/fonts/type1/public/cm-super/sfbx0800.pfb></usr/share/texmf/f
onts/type1/public/cm-super/sfbx1000.pfb></usr/share/texmf/fonts/type1/public/cm
-super/sfcc0600.pfb></usr/share/texmf/fonts/type1/public/cm-super/sfcc0800.pfb>
</usr/share/texmf/fonts/type1/public/cm-super/sfcc0900.pfb></usr/share/texmf/fo
nts/type1/public/cm-super/sfcc1000.pfb></usr/share/texmf/fonts/type1/public/cm-
super/sfrm0500.pfb></usr/share/texmf/fonts/type1/public/cm-super/sfrm0600.pfb><
/usr/share/texmf/fonts/type1/public/cm-super/sfrm0700.pfb></usr/share/texmf/fon
ts/type1/public/cm-super/sfrm0800.pfb></usr/share/texmf/fonts/type1/public/cm-s
uper/sfrm0900.pfb></usr/share/texmf/fonts/type1/public/cm-super/sfrm1000.pfb></
usr/share/texmf/fonts/type1/public/cm-super/sftc0800.pfb></usr/share/texmf/font
s/type1/public/cm-super/sfti0500.pfb></usr/share/texmf/fonts/type1/public/cm-su
per/sfti0700.pfb></usr/share/texmf/fonts/type1/public/cm-super/sfti0800.pfb></u
sr/share/texmf/fonts/type1/public/cm-super/sfti0900.pfb></usr/share/texmf/fonts
/type1/public/cm-super/sfti1000.pfb></usr/share/texmf/fonts/type1/public/cm-sup
er/sftt0800.pfb></usr/share/texmf/fonts/type1/public/cm-super/sftt1000.pfb></us
r/share/texmf/fonts/type1/public/cm-super/sfxc0800.pfb>
Output written on technosignatures_40pc_v4.08.pdf (55 pages, 1652353 bytes).
PDF statistics:
 1842 PDF objects out of 2073 (max. 8388607)
 1537 compressed objects within 16 object streams
 271 named destinations out of 1000 (max. 500000)
 665 words of extra memory for PDF output out of 10000 (max. 10000000)

