\BOOKMARK [1][-]{section*.1}{\376\377\000A\000B\000S\000T\000R\000A\000C\000T}{section*.2}% 1
\BOOKMARK [1][-]{section.1}{\376\377\000I\000n\000t\000r\000o\000d\000u\000c\000t\000i\000o\000n}{}% 2
\BOOKMARK [1][-]{section.2}{\376\377\000B\000a\000c\000k\000g\000r\000o\000u\000n\000d}{}% 3
\BOOKMARK [1][-]{section.3}{\376\377\000S\000a\000m\000p\000l\000e\000\040\000s\000e\000l\000e\000c\000t\000i\000o\000n}{}% 4
\BOOKMARK [1][-]{section.4}{\376\377\000D\000a\000t\000a\000\040\000a\000n\000d\000\040\000m\000e\000t\000h\000o\000d\000o\000l\000o\000g\000y}{}% 5
\BOOKMARK [2][-]{subsection.4.1}{\376\377\000S\000t\000a\000t\000i\000s\000t\000i\000c\000a\000l\000\040\000u\000n\000i\000t\000s\000\040\000a\000n\000d\000\040\000i\000n\000d\000e\000p\000e\000n\000d\000e\000n\000c\000e}{section.4}% 6
\BOOKMARK [2][-]{subsection.4.2}{\376\377\000F\000i\000n\000a\000l\000\040\000c\000a\000n\000d\000i\000d\000a\000t\000e\000\040\000d\000e\000f\000i\000n\000i\000t\000i\000o\000n\000\040\000a\000n\000d\000\040\000s\000t\000a\000t\000i\000s\000t\000i\000c\000a\000l\000\040\000i\000n\000t\000e\000r\000p\000r\000e\000t\000a\000t\000i\000o\000n}{section.4}% 7
\BOOKMARK [2][-]{subsection.4.3}{\376\377\000F\000r\000e\000q\000u\000e\000n\000c\000y\000\040\000a\000n\000d\000\040\000v\000e\000l\000o\000c\000i\000t\000y\000\040\000r\000e\000f\000e\000r\000e\000n\000c\000e\000\040\000f\000r\000a\000m\000e\000s}{section.4}% 8
\BOOKMARK [3][-]{subsubsection.4.3.1}{\376\377\000T\000r\000a\000n\000s\000m\000i\000t\000t\000e\000r\000\040\000p\000o\000w\000e\000r\000\040\000b\000e\000n\000c\000h\000m\000a\000r\000k\000s}{subsection.4.3}% 9
\BOOKMARK [2][-]{subsection.4.4}{\376\377\000A\000n\000c\000i\000l\000l\000a\000r\000y\000\040\000a\000n\000d\000\040\000v\000a\000l\000i\000d\000a\000t\000i\000o\000n\000\040\000a\000n\000a\000l\000y\000s\000e\000s}{section.4}% 10
\BOOKMARK [2][-]{subsection.4.5}{\376\377\000D\000w\000e\000l\000l\000-\000f\000r\000a\000c\000t\000i\000o\000n\000\040\000c\000o\000m\000p\000l\000e\000t\000e\000n\000e\000s\000s}{section.4}% 11
\BOOKMARK [2][-]{subsection.4.6}{\376\377\000T\000h\000e\000\040\000e\000x\000p\000e\000r\000i\000m\000e\000n\000t\000\040\000i\000n\000\040\000s\000u\000m\000m\000a\000r\000y}{section.4}% 12
\BOOKMARK [1][-]{section.5}{\376\377\000R\000e\000s\000u\000l\000t\000s}{}% 13
\BOOKMARK [2][-]{subsection.5.1}{\376\377\000B\000a\000r\000n\000a\000r\000d\000'\000s\000\040\000S\000t\000a\000r\000\040\000a\000n\000d\000\040\000W\000o\000l\000f\000\040\0003\0005\0009}{section.5}% 14
\BOOKMARK [2][-]{subsection.5.2}{\376\377\000D\000a\000t\000a\000-\000q\000u\000a\000l\000i\000t\000y\000\040\000e\000x\000c\000l\000u\000s\000i\000o\000n\000s\000\040\000a\000n\000d\000\040\000o\000p\000e\000n\000\040\000i\000t\000e\000m\000s}{section.5}% 15
\BOOKMARK [3][-]{subsubsection.5.2.1}{\376\377\000D\000a\000t\000a\000-\000q\000u\000a\000l\000i\000t\000y\000\040\000s\000c\000r\000e\000e\000n\000i\000n\000g\000\040\000o\000f\000\040\000t\000h\000e\000\040\000n\000o\000i\000s\000e\000\040\000e\000s\000t\000i\000m\000a\000t\000e}{subsection.5.2}% 16
\BOOKMARK [2][-]{subsection.5.3}{\376\377\000T\000e\000c\000h\000n\000o\000s\000i\000g\000n\000a\000t\000u\000r\000e\000\040\000s\000e\000a\000r\000c\000h}{section.5}% 17
\BOOKMARK [3][-]{subsubsection.5.3.1}{\376\377\000T\000h\000e\000\040\000v\000i\000s\000i\000b\000i\000l\000i\000t\000y\000-\000d\000o\000m\000a\000i\000n\000\040\000l\000o\000c\000a\000l\000i\000s\000a\000t\000i\000o\000n\000\040\000t\000e\000s\000t}{subsection.5.3}% 18
\BOOKMARK [3][-]{subsubsection.5.3.2}{\376\377\000R\000a\000d\000i\000o\000-\000f\000r\000e\000q\000u\000e\000n\000c\000y\000\040\000i\000n\000t\000e\000r\000f\000e\000r\000e\000n\000c\000e}{subsection.5.3}% 19
\BOOKMARK [3][-]{subsubsection.5.3.3}{\376\377\000A\000\040\000p\000r\000o\000s\000p\000e\000c\000t\000i\000v\000e\000\040\000e\000p\000o\000c\000h\000\040\000e\000x\000t\000e\000n\000s\000i\000o\000n}{subsection.5.3}% 20
\BOOKMARK [3][-]{subsubsection.5.3.4}{\376\377\000T\000h\000e\000\040\000e\000x\000t\000e\000r\000n\000a\000l\000\040\000c\000a\000l\000i\000b\000r\000a\000t\000i\000o\000n\000\040\000s\000a\000m\000p\000l\000e}{subsection.5.3}% 21
\BOOKMARK [3][-]{subsubsection.5.3.5}{\376\377\000W\000h\000e\000r\000e\000\040\000t\000h\000e\000\040\000d\000i\000s\000p\000l\000a\000c\000e\000m\000e\000n\000t\000\040\000c\000o\000m\000e\000s\000\040\000f\000r\000o\000m\000:\000\040\000r\000a\000d\000i\000u\000s\000,\000\040\000n\000o\000t\000\040\000s\000t\000a\000r\000s}{subsection.5.3}% 22
\BOOKMARK [3][-]{subsubsection.5.3.6}{\376\377\000S\000u\000r\000v\000e\000y\000-\000l\000e\000v\000e\000l\000\040\000f\000a\000l\000s\000e\000-\000a\000l\000a\000r\000m\000\040\000c\000a\000l\000i\000b\000r\000a\000t\000i\000o\000n}{subsection.5.3}% 23
\BOOKMARK [3][-]{subsubsection.5.3.7}{\376\377\000A\000n\000\040\000a\000s\000t\000r\000o\000p\000h\000y\000s\000i\000c\000a\000l\000\040\000p\000o\000s\000i\000t\000i\000v\000e\000\040\000c\000o\000n\000t\000r\000o\000l\000\040\000f\000o\000r\000\040\000s\000p\000a\000t\000i\000a\000l\000\040\000a\000n\000d\000\040\000s\000p\000e\000c\000t\000r\000a\000l\000\040\000r\000e\000c\000o\000v\000e\000r\000y\000:\000\040\000\040\000P\000i\000c\000t\000o\000r\000i\000s\000\040\000C\000O}{subsection.5.3}% 24
\BOOKMARK [3][-]{subsubsection.5.3.8}{\376\377\000D\000i\000s\000p\000o\000s\000i\000t\000i\000o\000n\000s\000\040\000o\000f\000\040\000t\000h\000e\000\040\000r\000e\000m\000a\000i\000n\000i\000n\000g\000\040\000o\000u\000t\000l\000i\000e\000r\000\040\000w\000i\000n\000d\000o\000w\000s}{subsection.5.3}% 25
\BOOKMARK [3][-]{subsubsection.5.3.9}{\376\377\000C\000P\000-\0007\0002\000\040\0002\0007\0001\0003\000:\000\040\000a\000n\000\040\000u\000n\000c\000o\000n\000f\000i\000r\000m\000e\000d\000\040\000f\000i\000r\000s\000t\000-\000b\000l\000o\000c\000k\000\040\000e\000v\000e\000n\000t\000,\000\040\000a\000b\000s\000e\000n\000t\000\040\000i\000n\000\040\000t\000h\000e\000\040\000r\000e\000p\000e\000a\000t\000\040\000b\000l\000o\000c\000k}{subsection.5.3}% 26
\BOOKMARK [3][-]{subsubsection.5.3.10}{\376\377\000L\000i\000n\000e\000\040\000e\000x\000c\000l\000u\000s\000i\000o\000n\000:\000\040\000d\000e\000f\000i\000n\000i\000t\000i\000o\000n\000\040\000a\000n\000d\000\040\000c\000o\000s\000t}{subsection.5.3}% 27
\BOOKMARK [2][-]{subsection.5.4}{\376\377\000A\000n\000c\000i\000l\000l\000a\000r\000y\000\040\000r\000e\000s\000u\000l\000t\000s}{section.5}% 28
\BOOKMARK [2][-]{subsection.5.5}{\376\377\000W\000h\000a\000t\000\040\000t\000h\000i\000s\000\040\000e\000x\000p\000e\000r\000i\000m\000e\000n\000t\000\040\000e\000x\000c\000l\000u\000d\000e\000s\000,\000\040\000a\000n\000d\000\040\000w\000h\000a\000t\000\040\000i\000t\000\040\000d\000o\000e\000s\000\040\000n\000o\000t}{section.5}% 29
\BOOKMARK [1][-]{section.6}{\376\377\000D\000i\000s\000c\000u\000s\000s\000i\000o\000n}{}% 30
\BOOKMARK [2][-]{subsection.6.1}{\376\377\000W\000h\000a\000t\000\040\000s\000i\000g\000n\000a\000l\000s\000\040\000c\000o\000u\000l\000d\000\040\000A\000L\000M\000A\000\040\000a\000r\000c\000h\000i\000v\000a\000l\000\040\000d\000a\000t\000a\000\040\000a\000c\000t\000u\000a\000l\000l\000y\000\040\000d\000e\000t\000e\000c\000t\000?}{section.6}% 31
\BOOKMARK [2][-]{subsection.6.2}{\376\377\000W\000h\000a\000t\000\040\000d\000o\000e\000s\000\040\000t\000h\000e\000\040\000n\000u\000l\000l\000\040\000r\000e\000s\000u\000l\000t\000\040\000m\000e\000a\000n\000?}{section.6}% 32
\BOOKMARK [2][-]{subsection.6.3}{\376\377\000W\000h\000a\000t\000\040\000t\000h\000i\000s\000\040\000s\000a\000m\000p\000l\000e\000\040\000c\000a\000n\000\040\000a\000n\000d\000\040\000c\000a\000n\000n\000o\000t\000\040\000s\000p\000e\000a\000k\000\040\000f\000o\000r}{section.6}% 33
\BOOKMARK [2][-]{subsection.6.4}{\376\377\000A\000\040\000n\000e\000x\000t\000-\000g\000e\000n\000e\000r\000a\000t\000i\000o\000n\000\040\000A\000L\000M\000A\000\040\000t\000e\000c\000h\000n\000o\000s\000i\000g\000n\000a\000t\000u\000r\000e\000\040\000s\000e\000a\000r\000c\000h}{section.6}% 34
\BOOKMARK [1][-]{section.7}{\376\377\000C\000o\000n\000c\000l\000u\000s\000i\000o\000n\000s}{}% 35
\BOOKMARK [1][-]{appendix.A}{\376\377\000F\000r\000e\000q\000u\000e\000n\000c\000y\000\040\000c\000o\000n\000v\000e\000n\000t\000i\000o\000n\000s\000,\000\040\000l\000i\000n\000e\000w\000i\000d\000t\000h\000\040\000r\000e\000a\000d\000i\000n\000g\000,\000\040\000a\000n\000d\000\040\000s\000m\000e\000a\000r\000i\000n\000g}{}% 36
\BOOKMARK [1][-]{appendix.B}{\376\377\000I\000n\000j\000e\000c\000t\000i\000o\000n\000-\000r\000e\000c\000o\000v\000e\000r\000y\000\040\000s\000e\000n\000s\000i\000t\000i\000v\000i\000t\000y\000\040\000v\000a\000l\000i\000d\000a\000t\000i\000o\000n}{}% 37
\BOOKMARK [1][-]{appendix.C}{\376\377\000P\000e\000r\000-\000t\000a\000r\000g\000e\000t\000\040\000r\000e\000s\000u\000l\000t\000s}{}% 38
\BOOKMARK [1][-]{appendix.D}{\376\377\000T\000h\000e\000\040\000v\000e\000l\000o\000c\000i\000t\000y\000-\000s\000p\000a\000c\000e\000\040\000l\000i\000n\000e\000\040\000m\000a\000s\000k}{}% 39
\BOOKMARK [1][-]{appendix.E}{\376\377\000T\000h\000e\000\040\000a\000n\000c\000i\000l\000l\000a\000r\000y\000\040\000c\000o\000n\000t\000i\000n\000u\000u\000m\000\040\000l\000a\000n\000e}{}% 40
\BOOKMARK [1][-]{appendix.F}{\376\377\000F\000a\000l\000s\000e\000-\000a\000l\000a\000r\000m\000\040\000a\000c\000c\000o\000u\000n\000t\000i\000n\000g\000\040\000u\000n\000d\000e\000r\000\040\000t\000h\000e\000\040\000s\000y\000m\000m\000e\000t\000r\000i\000c\000\040\000c\000r\000i\000t\000e\000r\000i\000o\000n}{}% 41
\BOOKMARK [2][-]{subsection.F.1}{\376\377\000T\000h\000e\000\040\000w\000i\000n\000d\000o\000w\000-\000l\000e\000v\000e\000l\000\040\000a\000n\000d\000\040\000s\000u\000r\000v\000e\000y\000-\000l\000e\000v\000e\000l\000\040\000r\000a\000n\000k\000\040\000c\000a\000l\000i\000b\000r\000a\000t\000i\000o\000n}{appendix.F}% 42
\BOOKMARK [1][-]{appendix.G}{\376\377\000A\000n\000a\000l\000y\000s\000i\000s\000\040\000p\000r\000o\000v\000e\000n\000a\000n\000c\000e\000\040\000a\000n\000d\000\040\000r\000o\000b\000u\000s\000t\000n\000e\000s\000s\000\040\000c\000h\000e\000c\000k\000s}{}% 43
\BOOKMARK [2][-]{subsection.G.1}{\376\377\000T\000h\000e\000\040\000R\000\040\000r\000e\000s\000i\000d\000u\000a\000l\000-\000s\000c\000a\000l\000e\000\040\000t\000e\000s\000t}{appendix.G}% 44
\BOOKMARK [2][-]{subsection.G.2}{\376\377\000T\000h\000e\000\040\000f\000u\000l\000l\000y\000\040\000s\000y\000m\000m\000e\000t\000r\000i\000c\000\040\000r\000e\000g\000i\000o\000n\000-\000m\000a\000x\000\040\000c\000h\000e\000c\000k}{appendix.G}% 45
\BOOKMARK [2][-]{subsection.G.3}{\376\377\000T\000h\000e\000\040\000\040\000P\000i\000c\000t\000o\000r\000i\000s\000\040\000f\000r\000a\000m\000e\000\040\000a\000u\000d\000i\000t}{appendix.G}% 46
\BOOKMARK [3][-]{subsubsection.G.3.1}{\376\377\000T\000h\000e\000\040\000s\000u\000r\000v\000e\000y\000\040\000r\000e\000s\000c\000o\000r\000e\000d\000\040\000w\000i\000t\000h\000\040\000a\000\040\000r\000e\000p\000a\000i\000r\000e\000d\000\040\000s\000c\000r\000e\000e\000n}{subsection.G.3}% 47
\BOOKMARK [3][-]{subsubsection.G.3.2}{\376\377\000D\000o\000e\000s\000\040\000t\000h\000e\000\040\000s\000t\000e\000l\000l\000a\000r\000\040\000p\000o\000s\000i\000t\000i\000o\000n\000\040\000c\000a\000r\000r\000y\000\040\000i\000t\000s\000\040\000o\000w\000n\000\040\000n\000o\000i\000s\000e\000?}{subsection.G.3}% 48
\BOOKMARK [3][-]{subsubsection.G.3.3}{\376\377\000T\000h\000e\000\040\000f\000a\000l\000s\000e\000-\000a\000l\000a\000r\000m\000\040\000r\000a\000t\000e\000,\000\040\000m\000e\000a\000s\000u\000r\000e\000d\000\040\000i\000n\000s\000t\000e\000a\000d\000\040\000o\000f\000\040\000a\000s\000s\000u\000m\000e\000d}{subsection.G.3}% 49
\BOOKMARK [2][-]{subsection.G.4}{\376\377\000A\000u\000d\000i\000t\000\040\000a\000g\000a\000i\000n\000s\000t\000\040\000a\000\040\000r\000e\000g\000i\000o\000n\000-\000m\000a\000x\000i\000m\000u\000m\000\040\000s\000t\000a\000t\000i\000s\000t\000i\000c}{appendix.G}% 50
\BOOKMARK [2][-]{subsection.G.5}{\376\377\000A\000n\000c\000i\000l\000l\000a\000r\000y\000\040\000d\000i\000a\000g\000n\000o\000s\000t\000i\000c\000s\000\040\000o\000f\000\040\000t\000h\000e\000\040\000C\000P\000-\0007\0002\000\040\0002\0007\0001\0003\000\040\000e\000v\000e\000n\000t}{appendix.G}% 51
\BOOKMARK [2][-]{subsection.G.6}{\376\377\000E\000n\000t\000r\000i\000e\000s\000\040\000e\000x\000c\000l\000u\000d\000e\000d\000\040\000f\000r\000o\000m\000\040\000t\000h\000e\000\040\000r\000e\000l\000e\000a\000s\000e\000d\000\040\000c\000a\000t\000a\000l\000o\000g\000u\000e}{appendix.G}% 52
\BOOKMARK [2][-]{subsection.G.7}{\376\377\000T\000h\000e\000\040\000\040\000P\000i\000c\000t\000o\000r\000i\000s\000\040\000r\000e\000c\000u\000r\000r\000e\000n\000c\000e\000,\000\040\000b\000l\000o\000c\000k\000\040\000b\000y\000\040\000b\000l\000o\000c\000k}{appendix.G}% 53
\BOOKMARK [2][-]{subsection.G.8}{\376\377\000T\000h\000e\000\040\000C\000P\000-\0007\0002\000\040\0002\0007\0001\0003\000\040\000e\000v\000e\000n\000t\000\040\000i\000n\000\040\000d\000e\000t\000a\000i\000l}{appendix.G}% 54
\BOOKMARK [2][-]{subsection.G.9}{\376\377\000P\000o\000l\000a\000r\000i\000s\000a\000t\000i\000o\000n\000\040\000s\000t\000a\000t\000e\000s\000\040\000o\000f\000\040\000t\000h\000e\000\040\000s\000e\000a\000r\000c\000h\000e\000d\000\040\000b\000l\000o\000c\000k\000s}{appendix.G}% 55
\BOOKMARK [2][-]{subsection.G.10}{\376\377\000T\000h\000e\000\040\000t\000h\000r\000e\000e\000\040\000v\000a\000l\000i\000d\000a\000t\000i\000o\000n\000\040\000c\000h\000e\000c\000k\000s\000\040\000i\000n\000\040\000f\000u\000l\000l}{appendix.G}% 56
\BOOKMARK [3][-]{subsubsection.G.10.1}{\376\377\000T\000h\000e\000\040\000h\000o\000l\000d\000-\000o\000u\000t\000\040\000r\000e\000s\000e\000r\000v\000a\000t\000i\000o\000n\000,\000\040\000b\000l\000o\000c\000k\000\040\000b\000y\000\040\000b\000l\000o\000c\000k}{subsection.G.10}% 57
\BOOKMARK [3][-]{subsubsection.G.10.2}{\376\377\000T\000h\000e\000\040\000r\000a\000d\000i\000a\000l\000\040\000g\000r\000a\000d\000i\000e\000n\000t\000,\000\040\000m\000e\000a\000s\000u\000r\000e\000d\000\040\000o\000n\000\040\000t\000h\000e\000\040\000p\000r\000o\000b\000e\000s}{subsection.G.10}% 58
\BOOKMARK [3][-]{subsubsection.G.10.3}{\376\377\000T\000h\000e\000\040\000l\000i\000n\000e\000\040\000m\000a\000s\000k\000,\000\040\000s\000p\000e\000c\000i\000e\000s\000\040\000b\000y\000\040\000s\000p\000e\000c\000i\000e\000s}{subsection.G.10}% 59
