This is pdfTeX, Version 3.141592653-2.6-1.40.22 (TeX Live 2022/dev/Debian) (preloaded format=pdflatex 2026.8.25)  4 OCT 2026 16:57
entering extended mode
 restricted \write18 enabled.
 %&-line parsing enabled.
**ledger-probe.tex
(./ledger-probe.tex
LaTeX2e <2021-11-15> patch level 1
L3 programming layer <2022-01-21> (./openjournal.cls
Document Class: openjournal 
\bibbaselineskip=\skip47
(/usr/share/texlive/texmf-dist/tex/latex/revtex4-1/revtex4-1.cls
Document Class: revtex4-1 2020/09/30 4.1s (http://publish.aps.org/revtex4/ for 
documentation)
 Copyright (c) 2009 The American Physical Society.
 mailto:revtex@aps.org
 Licensed under the LPPL:
http://www.ctan.org/tex-archive/macros/latex/base/lppl.txt
 Arthur Ogawa <arthur_ogawa at sbcglobal dot net>
 Based on work by David Carlisle <david at dcarlisle.demon.co.uk>.
ltxutil[2020/09/30 4.1s utilities package (portions licensed from W. E. Baxter 
web at superscript.com)]
LaTeX Info: Redefining \@centercr on input line 346.
Class revtex4-1 Info: Repairing hyperref-unfriendly LaTeX definition of \mpfoot
note on input line 471.
Class revtex4-1 Info: Repairing broken LateX \@sect on input line 793.
\intertabularlinepenalty=\count185
\@tbpen=\count186
\@arstrutbox@hline=\box50
Class revtex4-1 Info: Repairing broken LaTeX \@xbitor on input line 1824.
Class revtex4-1 Info: Making \typeout \long on input line 2089.
ltxfront[2020/09/30 4.1s frontmatter package (AO,DPC)]
\c@affil=\count187
\c@collab=\count188
\absbox=\box51
ltxgrid[2020/09/30 4.1s page grid package (portions licensed from W. E. Baxter 
web at superscript.com)]
\c@linecount=\count189
\output@latex=\toks16
\box@size@1=\box52
\box@size@2=\box53
\@protection@box=\box54
\@topmark@saved=\toks17
\footins@saved=\box55
\footins@recovered=\box56
\column@recovered=\box57
\pagesofar=\box58
\footsofar=\box59
\pagegrid@col=\count190
Class revtex4-1 Info: Overriding \@vspace, \@vspacer, \@no@pgbk, \@newline, and
 \\  on input line 5655.
\c@part=\count191
\c@section=\count192
\c@subsection=\count193
\c@subsubsection=\count194
\c@paragraph=\count195
\c@subparagraph=\count196
\abovecaptionskip=\skip48
\belowcaptionskip=\skip49
\c@figure=\count197
\fbox@1=\box60
\c@table=\count198
\fbox@2=\box61
\c@video=\count199
\fbox@4=\box62
\@bibdataout=\write3
\widetext@top=\box63
\widetext@bot=\box64
Class revtex4-1 Info: Selecting society aps on input line 7616.
(/usr/share/texlive/texmf-dist/tex/latex/revtex4-1/aps4-1.rtx
File: aps4-1 2020/09/30 4.1s (http://publish.aps.org/revtex4/ for documentation
)
Class revtex4-1 Info: RevTeX society APS selected on input line 31.
)
Class revtex4-1 Info: Selecting journal pra on input line 7618.
Class revtex4-1 Info: APS journal PRA selected on input line 7619.

(/usr/share/texlive/texmf-dist/tex/latex/revtex4-1/aps10pt4-1.rtx
File: aps10pt4-1 2020/09/30 4.1s (http://publish.aps.org/revtex4/ for documenta
tion)
Class revtex4-1 Info: RevTeX pointsize 10pt selected on input line 30.
)
(/usr/share/texlive/texmf-dist/tex/latex/textcase/textcase.sty
Package: textcase 2019/09/14 v1.00 Text only upper/lower case changing (DPC)
)
(/usr/share/texlive/texmf-dist/tex/latex/url/url.sty
\Urlmuskip=\muskip16
Package: url 2013/09/16  ver 3.4  Verb mode for urls, etc.
)
(/usr/share/texlive/texmf-dist/tex/latex/natbib/natbib.sty
Package: natbib 2010/09/13 8.31b (PWD, AO)
\bibhang=\skip50
\bibsep=\skip51
LaTeX Info: Redefining \cite on input line 694.
\c@NAT@ctr=\count266
)
Class revtex4-1 Info: Repairing natbib's \BibitemShut on input line 7623.

(/usr/share/texlive/texmf-dist/tex/latex/revtex4-1/revsymb4-1.sty
Package: revsymb4-1 2020/09/30 4.1s (http://publish.aps.org/revtex4/ for docume
ntation)
LaTeX Info: Redefining \REV@mathfrak on input line 119.
))
(/usr/share/texlive/texmf-dist/tex/latex/base/latexsym.sty
Package: latexsym 1998/08/17 v2.2e Standard LaTeX package (lasy symbols)
\symlasy=\mathgroup4
LaTeX Font Info:    Overwriting symbol font `lasy' in version `bold'
(Font)                  U/lasy/m/n --> U/lasy/b/n on input line 52.
)
(/usr/share/texlive/texmf-dist/tex/latex/graphics/graphicx.sty
Package: graphicx 2021/09/16 v1.2d Enhanced LaTeX Graphics (DPC,SPQR)

(/usr/share/texlive/texmf-dist/tex/latex/graphics/keyval.sty
Package: keyval 2014/10/28 v1.15 key=value parser (DPC)
\KV@toks@=\toks18
)
(/usr/share/texlive/texmf-dist/tex/latex/graphics/graphics.sty
Package: graphics 2021/03/04 v1.4d Standard LaTeX Graphics (DPC,SPQR)

(/usr/share/texlive/texmf-dist/tex/latex/graphics/trig.sty
Package: trig 2021/08/11 v1.11 sin cos tan (DPC)
)
(/usr/share/texlive/texmf-dist/tex/latex/graphics-cfg/graphics.cfg
File: graphics.cfg 2016/06/04 v1.11 sample graphics configuration
)
Package graphics Info: Driver file: pdftex.def on input line 107.

(/usr/share/texlive/texmf-dist/tex/latex/graphics-def/pdftex.def
File: pdftex.def 2020/10/05 v1.2a Graphics/color driver for pdftex
))
\Gin@req@height=\dimen138
\Gin@req@width=\dimen139
)
(/usr/share/texlive/texmf-dist/tex/latex/amsfonts/amssymb.sty
Package: amssymb 2013/01/14 v3.01 AMS font symbols

(/usr/share/texlive/texmf-dist/tex/latex/amsfonts/amsfonts.sty
Package: amsfonts 2013/01/14 v3.01 Basic AMSFonts support
\@emptytoks=\toks19
\symAMSa=\mathgroup5
\symAMSb=\mathgroup6
LaTeX Font Info:    Redeclaring math symbol \hbar on input line 98.
LaTeX Font Info:    Overwriting math alphabet `\mathfrak' in version `bold'
(Font)                  U/euf/m/n --> U/euf/b/n on input line 106.
LaTeX Info: Redefining \frak on input line 111.
LaTeX Info: Redefining \Bbb on input line 113.
))
(/usr/share/texlive/texmf-dist/tex/latex/tools/longtable.sty
Package: longtable 2021-09-01 v4.17 Multi-page Table package (DPC)
\LTleft=\skip52
\LTright=\skip53
\LTpre=\skip54
\LTpost=\skip55
\LTchunksize=\count267
\LTcapwidth=\dimen140
\LT@head=\box65
\LT@firsthead=\box66
\LT@foot=\box67
\LT@lastfoot=\box68
\LT@gbox=\box69
\LT@cols=\count268
\LT@rows=\count269
\c@LT@tables=\count270
\c@LT@chunks=\count271
\LT@p@ftn=\toks20
) (./epsf.sty
This is `epsf.tex' v2.7.3 <23 July 2005>
\epsffilein=\read2
\epsfframemargin=\dimen141
\epsfframethickness=\dimen142
\epsfrsize=\dimen143
\epsftmp=\dimen144
\epsftsize=\dimen145
\epsfxsize=\dimen146
\epsfysize=\dimen147
\pspoints=\dimen148
)
\c@front@matter@foot@note=\count272
\alt@affil@toks=\toks21
\alt@affil@toks@count=\toks22
\keys@width=\skip56
\c@lastfootnote=\count273
\c@remember@figure@num=\count274
\c@remember@table@num=\count275
\bibindent=\dimen149
\plot@width=\skip57
\c@table@save=\count276
\table@note@skip=\skip58
\deluxe@table@width=\skip59
\@d@t@a=\skip60
\c@deluxe@table@num=\count277
\abovedeluxetableskip=\skip61
\belowdeluxetableskip=\skip62
\lastrowheight=\dimen150
\DT@p@ftn=\toks23
\pt@column=\count278
\pt@ncol=\count279
) (/usr/share/texlive/texmf-dist/tex/latex/base/fontenc.sty
Package: fontenc 2021/04/29 v2.0v Standard LaTeX package
)
(/usr/share/texlive/texmf-dist/tex/latex/amsmath/amsmath.sty
Package: amsmath 2021/10/15 v2.17l AMS math features
\@mathmargin=\skip63

For additional information on amsmath, use the `?' option.
(/usr/share/texlive/texmf-dist/tex/latex/amsmath/amstext.sty
Package: amstext 2021/08/26 v2.01 AMS text

(/usr/share/texlive/texmf-dist/tex/latex/amsmath/amsgen.sty
File: amsgen.sty 1999/11/30 v2.0 generic functions
\@emptytoks=\toks24
\ex@=\dimen151
)
LaTeX Info: Redefining \text on input line 28.
)
(/usr/share/texlive/texmf-dist/tex/latex/amsmath/amsbsy.sty
Package: amsbsy 1999/11/29 v1.2d Bold Symbols
\pmbraise@=\dimen152
)
(/usr/share/texlive/texmf-dist/tex/latex/amsmath/amsopn.sty
Package: amsopn 2021/08/26 v2.02 operator names
)
\inf@bad=\count280
LaTeX Info: Redefining \frac on input line 234.
\uproot@=\count281
\leftroot@=\count282
LaTeX Info: Redefining \overline on input line 399.
\classnum@=\count283
\DOTSCASE@=\count284
LaTeX Info: Redefining \ldots on input line 496.
LaTeX Info: Redefining \dots on input line 499.
LaTeX Info: Redefining \cdots on input line 620.
\Mathstrutbox@=\box70
\strutbox@=\box71
\big@size=\dimen153
LaTeX Font Info:    Redeclaring font encoding OML on input line 743.
LaTeX Font Info:    Redeclaring font encoding OMS on input line 744.
\macc@depth=\count285
\c@MaxMatrixCols=\count286
\dotsspace@=\muskip17
\c@parentequation=\count287
\dspbrk@lvl=\count288
\tag@help=\toks25
\row@=\count289
\column@=\count290
\maxfields@=\count291
\andhelp@=\toks26
\eqnshift@=\dimen154
\alignsep@=\dimen155
\tagshift@=\dimen156
\tagwidth@=\dimen157
\totwidth@=\dimen158
\lineht@=\dimen159
\@envbody=\toks27
\multlinegap=\skip64
\multlinetaggap=\skip65
\mathdisplay@stack=\toks28
LaTeX Info: Redefining \[ on input line 2938.
LaTeX Info: Redefining \] on input line 2939.
)
(/usr/share/texlive/texmf-dist/tex/latex/hyperref/hyperref.sty
Package: hyperref 2021-06-07 v7.00m Hypertext links for LaTeX

(/usr/share/texlive/texmf-dist/tex/generic/ltxcmds/ltxcmds.sty
Package: ltxcmds 2020-05-10 v1.25 LaTeX kernel commands for general use (HO)
)
(/usr/share/texlive/texmf-dist/tex/generic/iftex/iftex.sty
Package: iftex 2020/03/06 v1.0d TeX engine tests
)
(/usr/share/texlive/texmf-dist/tex/generic/pdftexcmds/pdftexcmds.sty
Package: pdftexcmds 2020-06-27 v0.33 Utility functions of pdfTeX for LuaTeX (HO
)

(/usr/share/texlive/texmf-dist/tex/generic/infwarerr/infwarerr.sty
Package: infwarerr 2019/12/03 v1.5 Providing info/warning/error messages (HO)
)
Package pdftexcmds Info: \pdf@primitive is available.
Package pdftexcmds Info: \pdf@ifprimitive is available.
Package pdftexcmds Info: \pdfdraftmode found.
)
(/usr/share/texlive/texmf-dist/tex/generic/kvsetkeys/kvsetkeys.sty
Package: kvsetkeys 2019/12/15 v1.18 Key value parser (HO)
)
(/usr/share/texlive/texmf-dist/tex/generic/kvdefinekeys/kvdefinekeys.sty
Package: kvdefinekeys 2019-12-19 v1.6 Define keys (HO)
)
(/usr/share/texlive/texmf-dist/tex/generic/pdfescape/pdfescape.sty
Package: pdfescape 2019/12/09 v1.15 Implements pdfTeX's escape features (HO)
)
(/usr/share/texlive/texmf-dist/tex/latex/hycolor/hycolor.sty
Package: hycolor 2020-01-27 v1.10 Color options for hyperref/bookmark (HO)
)
(/usr/share/texlive/texmf-dist/tex/latex/letltxmacro/letltxmacro.sty
Package: letltxmacro 2019/12/03 v1.6 Let assignment for LaTeX macros (HO)
)
(/usr/share/texlive/texmf-dist/tex/latex/auxhook/auxhook.sty
Package: auxhook 2019-12-17 v1.6 Hooks for auxiliary files (HO)
)
(/usr/share/texlive/texmf-dist/tex/latex/kvoptions/kvoptions.sty
Package: kvoptions 2020-10-07 v3.14 Key value format for package options (HO)
)
\@linkdim=\dimen160
\Hy@linkcounter=\count292
\Hy@pagecounter=\count293

(/usr/share/texlive/texmf-dist/tex/latex/hyperref/pd1enc.def
File: pd1enc.def 2021-06-07 v7.00m Hyperref: PDFDocEncoding definition (HO)
Now handling font encoding PD1 ...
... no UTF-8 mapping file for font encoding PD1
)
(/usr/share/texlive/texmf-dist/tex/latex/hyperref/hyperref-langpatches.def
File: hyperref-langpatches.def 2021-06-07 v7.00m Hyperref: patches for babel la
nguages
)
(/usr/share/texlive/texmf-dist/tex/generic/intcalc/intcalc.sty
Package: intcalc 2019/12/15 v1.3 Expandable calculations with integers (HO)
)
(/usr/share/texlive/texmf-dist/tex/generic/etexcmds/etexcmds.sty
Package: etexcmds 2019/12/15 v1.7 Avoid name clashes with e-TeX commands (HO)
)
\Hy@SavedSpaceFactor=\count294

(/usr/share/texlive/texmf-dist/tex/latex/hyperref/puenc.def
File: puenc.def 2021-06-07 v7.00m Hyperref: PDF Unicode definition (HO)
Now handling font encoding PU ...
... no UTF-8 mapping file for font encoding PU
)
Package hyperref Info: Hyper figures OFF on input line 4192.
Package hyperref Info: Link nesting OFF on input line 4197.
Package hyperref Info: Hyper index ON on input line 4200.
Package hyperref Info: Plain pages OFF on input line 4207.
Package hyperref Info: Backreferencing OFF on input line 4212.
Package hyperref Info: Implicit mode ON; LaTeX internals redefined.
Package hyperref Info: Bookmarks ON on input line 4445.
LaTeX Info: Redefining \href on input line 4715.
\c@Hy@tempcnt=\count295
LaTeX Info: Redefining \url on input line 4804.
\XeTeXLinkMargin=\dimen161

(/usr/share/texlive/texmf-dist/tex/generic/bitset/bitset.sty
Package: bitset 2019/12/09 v1.3 Handle bit-vector datatype (HO)

(/usr/share/texlive/texmf-dist/tex/generic/bigintcalc/bigintcalc.sty
Package: bigintcalc 2019/12/15 v1.5 Expandable calculations on big integers (HO
)
))
\Fld@menulength=\count296
\Field@Width=\dimen162
\Fld@charsize=\dimen163
Package hyperref Info: Hyper figures OFF on input line 6076.
Package hyperref Info: Link nesting OFF on input line 6081.
Package hyperref Info: Hyper index ON on input line 6084.
Package hyperref Info: backreferencing OFF on input line 6091.
Package hyperref Info: Link coloring OFF on input line 6096.
Package hyperref Info: Link coloring with OCG OFF on input line 6101.
Package hyperref Info: PDF/A mode OFF on input line 6106.
LaTeX Info: Redefining \ref on input line 6146.
LaTeX Info: Redefining \pageref on input line 6150.

(/usr/share/texlive/texmf-dist/tex/latex/base/atbegshi-ltx.sty
Package: atbegshi-ltx 2021/01/10 v1.0c Emulation of the original atbegshi
package with kernel methods
)
\Hy@abspage=\count297
\c@Item=\count298
\c@Hfootnote=\count299
)
Package hyperref Info: Driver (autodetected): hpdftex.

(/usr/share/texlive/texmf-dist/tex/latex/hyperref/hpdftex.def
File: hpdftex.def 2021-06-07 v7.00m Hyperref driver for pdfTeX

(/usr/share/texlive/texmf-dist/tex/latex/base/atveryend-ltx.sty
Package: atveryend-ltx 2020/08/19 v1.0a Emulation of the original atveryend pac
kage
with kernel methods
)
\Fld@listcount=\count300
\c@bookmark@seq@number=\count301

(/usr/share/texlive/texmf-dist/tex/latex/rerunfilecheck/rerunfilecheck.sty
Package: rerunfilecheck 2019/12/05 v1.9 Rerun checks for auxiliary files (HO)

(/usr/share/texlive/texmf-dist/tex/generic/uniquecounter/uniquecounter.sty
Package: uniquecounter 2019/12/15 v1.4 Provide unlimited unique counter (HO)
)
Package uniquecounter Info: New unique counter `rerunfilecheck' on input line 2
86.
)
\Hy@SectionHShift=\skip66
)
(/usr/share/texlive/texmf-dist/tex/latex/tools/array.sty
Package: array 2021/10/04 v2.5f Tabular extension package (FMi)
\col@sep=\dimen164
\ar@mcellbox=\box72
\extrarowheight=\dimen165
\NC@list=\toks29
\extratabsurround=\skip67
\backup@length=\skip68
\ar@cellbox=\box73
)
(/usr/share/texlive/texmf-dist/tex/latex/booktabs/booktabs.sty
Package: booktabs 2020/01/12 v1.61803398 Publication quality tables
\heavyrulewidth=\dimen166
\lightrulewidth=\dimen167
\cmidrulewidth=\dimen168
\belowrulesep=\dimen169
\belowbottomsep=\dimen170
\aboverulesep=\dimen171
\abovetopsep=\dimen172
\cmidrulesep=\dimen173
\cmidrulekern=\dimen174
\defaultaddspace=\dimen175
\@cmidla=\count302
\@cmidlb=\count303
\@aboverulesep=\dimen176
\@belowrulesep=\dimen177
\@thisruleclass=\count304
\@lastruleclass=\count305
\@thisrulewidth=\dimen178
)
(./survey_numbers.tex) (./survey_numbers_round8.tex)
(./survey_numbers_round9.tex) (./survey_numbers_round10.tex)
(./survey_numbers_round11.tex) (./survey_numbers_round12.tex)
(./survey_numbers_round13.tex) (./survey_numbers_pointing.tex)
(./survey_numbers_round15.tex) (./survey_numbers_round16.tex)
(./survey_numbers_round17.tex) (./survey_numbers_recurrence.tex)
(./survey_numbers_round14.tex) (./survey_numbers_localnull.tex)
(./survey_numbers_round18.tex) (./survey_numbers_round19.tex)
(./survey_numbers_round20.tex) (./survey_numbers_round21.tex)
(./survey_numbers_round22.tex) (./survey_numbers_round23.tex)
(./survey_numbers_round24.tex) (./survey_numbers_round25.tex)
(./survey_numbers_round26.tex) (./survey_numbers_hd23484.tex)
(./survey_numbers_bpicctrl.tex) (./survey_numbers_round27.tex)
(./survey_numbers_round28.tex) (./survey_numbers_round29.tex)
(./survey_numbers_round30.tex) (./survey_numbers_round31.tex)
(./survey_numbers_round32.tex) (./survey_numbers_round33.tex)
(./survey_numbers_round34.tex) (./survey_numbers_round35.tex)
(./survey_numbers_round36.tex) (./survey_numbers_round37.tex)
(./survey_numbers_round38.tex) (./survey_numbers_round39.tex)
(./survey_numbers_round40.tex) (./survey_numbers_round41.tex)
(./survey_numbers_round42.tex) (./survey_numbers_round43.tex)
(./survey_numbers_round44.tex) (./survey_numbers_round45.tex)
(./survey_numbers_round46.tex) (./survey_numbers_round47.tex)
(./survey_numbers_round48.tex) (./survey_numbers_round49.tex)
(./survey_numbers_round50.tex) (./survey_numbers_round51.tex)
(./survey_numbers_round52.tex) (./survey_numbers_round53.tex)
(./survey_numbers_round54.tex) (./survey_numbers_round55.tex)
(./survey_numbers_round56.tex) (./survey_numbers_round57.tex)
(./survey_numbers_round58.tex) (./survey_numbers_round59.tex)
(./survey_numbers_round60.tex) (./survey_numbers_round61.tex)
(./survey_numbers_round62.tex) (./survey_numbers_round63.tex)
(./survey_numbers_round64.tex) (./survey_numbers_round75.tex)
(./survey_numbers_round80.tex) (./survey_numbers_round81.tex)
(./ledger_legend_v403.tex) (./survey_numbers_round77.tex)
(./survey_numbers_round78.tex) (./survey_numbers_round79.tex)
(./survey_numbers_round66.tex) (./survey_numbers_round67.tex)
(./survey_numbers_round68.tex) (./survey_numbers_round69.tex)
(./survey_numbers_round70.tex) (./survey_numbers_round71.tex)
(./survey_numbers_round73.tex) (./survey_numbers_round74.tex)
(./peff_range_v372.tex) (./survey_numbers_round82.tex)
(./survey_numbers_round83.tex) (./survey_numbers_round84.tex)
(./survey_numbers_round85.tex) (./survey_numbers_round86.tex)
(./survey_numbers_round87.tex) (./survey_numbers_round88.tex)
(./survey_numbers_round89.tex) (./survey_numbers_round90.tex)
(./survey_numbers_round91.tex) (./survey_numbers_round92.tex)
(./survey_numbers_round93.tex) (./survey_numbers_round94.tex)
(./survey_numbers_round95.tex) (./survey_numbers_round96.tex)
(./survey_numbers_round97.tex) (./survey_numbers_round98.tex)
(./survey_numbers_round99.tex) (./survey_numbers_round100.tex)
(./survey_numbers_round101.tex) (./survey_numbers_round102.tex)
(./regen_count.tex) (./survey_numbers_round104.tex)
(./survey_numbers_round105.tex) (./survey_numbers_round103.tex)
(./survey_numbers_round110.tex) (./survey_numbers_round111.tex)
(/usr/share/texlive/texmf-dist/tex/latex/enumitem/enumitem.sty
Package: enumitem 2019/06/20 v3.9 Customized lists
\labelindent=\skip69
\enit@outerparindent=\dimen179
\enit@toks=\toks30
\enit@inbox=\box74
\enit@count@id=\count306
\enitdp@description=\count307
)
Class revtex4-1 Info: Unrecognized array package. Please update this document c
lass! (Proceeding with fingers crossed.) on input line 187.
Class revtex4-1 Info: Patching unrecognized longtable package. (Proceeding with
 fingers crossed) on input line 187.
Class revtex4-1 Info: cite was not loaded (OK!) on input line 187.
Class revtex4-1 Info: mcite was not loaded (OK!) on input line 187.
Class revtex4-1 Info: multicol was not loaded (OK!) on input line 187.

(/usr/share/texlive/texmf-dist/tex/latex/l3backend/l3backend-pdftex.def
File: l3backend-pdftex.def 2022-01-12 L3 backend support: PDF output (pdfTeX)
\l__color_backend_stack_int=\count308
\l__pdf_internal_box=\box75
)
(build_ledger/ledger-probe.aux)
\openout1 = `ledger-probe.aux'.

LaTeX Font Info:    Checking defaults for OML/cmm/m/it on input line 187.
LaTeX Font Info:    ... okay on input line 187.
LaTeX Font Info:    Checking defaults for OMS/cmsy/m/n on input line 187.
LaTeX Font Info:    ... okay on input line 187.
LaTeX Font Info:    Checking defaults for OT1/cmr/m/n on input line 187.
LaTeX Font Info:    ... okay on input line 187.
LaTeX Font Info:    Checking defaults for T1/cmr/m/n on input line 187.
LaTeX Font Info:    ... okay on input line 187.
LaTeX Font Info:    Checking defaults for TS1/cmr/m/n on input line 187.
LaTeX Font Info:    ... okay on input line 187.
LaTeX Font Info:    Checking defaults for OMX/cmex/m/n on input line 187.
LaTeX Font Info:    ... okay on input line 187.
LaTeX Font Info:    Checking defaults for U/cmr/m/n on input line 187.
LaTeX Font Info:    ... okay on input line 187.
LaTeX Font Info:    Checking defaults for PD1/pdf/m/n on input line 187.
LaTeX Font Info:    ... okay on input line 187.
LaTeX Font Info:    Checking defaults for PU/pdf/m/n on input line 187.
LaTeX Font Info:    ... okay on input line 187.

(/usr/share/texlive/texmf-dist/tex/context/base/mkii/supp-pdf.mkii
[Loading MPS to PDF converter (version 2006.09.02).]
\scratchcounter=\count309
\scratchdimen=\dimen180
\scratchbox=\box76
\nofMPsegments=\count310
\nofMParguments=\count311
\everyMPshowfont=\toks31
\MPscratchCnt=\count312
\MPscratchDim=\dimen181
\MPnumerator=\count313
\makeMPintoPDFobject=\count314
\everyMPtoPDFconversion=\toks32
) (/usr/share/texlive/texmf-dist/tex/latex/epstopdf-pkg/epstopdf-base.sty
Package: epstopdf-base 2020-01-24 v2.11 Base part for package epstopdf
Package epstopdf-base Info: Redefining graphics rule for `.eps' on input line 4
85.

(/usr/share/texlive/texmf-dist/tex/latex/latexconfig/epstopdf-sys.cfg
File: epstopdf-sys.cfg 2010/07/13 v1.3 Configuration of (r)epstopdf for TeX Liv
e
))
Package hyperref Info: Link coloring OFF on input line 187.

(/usr/share/texlive/texmf-dist/tex/latex/hyperref/nameref.sty
Package: nameref 2021-04-02 v2.47 Cross-referencing by name of section

(/usr/share/texlive/texmf-dist/tex/latex/refcount/refcount.sty
Package: refcount 2019/12/15 v3.6 Data extraction from label references (HO)
)
(/usr/share/texlive/texmf-dist/tex/generic/gettitlestring/gettitlestring.sty
Package: gettitlestring 2019/12/15 v1.6 Cleanup title references (HO)
)
\c@section@level=\count315
)
LaTeX Info: Redefining \ref on input line 187.
LaTeX Info: Redefining \pageref on input line 187.
LaTeX Info: Redefining \nameref on input line 187.

(build_ledger/ledger-probe.out) (build_ledger/ledger-probe.out)
\@outlinefile=\write4
\openout4 = `ledger-probe.out'.

Class revtex4-1 Info: Taking \maketitle back from hyperref on input line 187.
\openout3 = `ledger-probeNotes.bib'.


(./sections/abstract.tex
LaTeX Font Info:    Trying to load font information for U+lasy on input line 19
.
 (/usr/share/texlive/texmf-dist/tex/latex/base/ulasy.fd
File: ulasy.fd 1998/08/17 v2.2e LaTeX symbol font definitions
)
LaTeX Font Info:    Trying to load font information for U+msa on input line 19.

 (/usr/share/texlive/texmf-dist/tex/latex/amsfonts/umsa.fd
File: umsa.fd 2013/01/14 v3.01 AMS symbols A
)
LaTeX Font Info:    Trying to load font information for U+msb on input line 19.


(/usr/share/texlive/texmf-dist/tex/latex/amsfonts/umsb.fd
File: umsb.fd 2013/01/14 v3.01 AMS symbols B
))
(./sections/01_intro.tex

Class revtex4-1 Warning: Assuming \noaffiliation for authors.

Class revtex4-1 Info: Enlarging page 1 by 0.0pt on input line 1.
[1{/var/lib/texmf/fonts/map/pdftex/updmap/pdftex.map}])
(./sections/02_background.tex
Underfull \hbox (badness 2486) in paragraph at lines 61--79
[]\T1/cmr/m/n/10 Figure []1[](a) places this sur-vey among pub-lished
 []

<figures/eirp_context_a.pdf, id=243, 232.03688pt x 208.50812pt>
File: figures/eirp_context_a.pdf Graphic file (type pdf)
<use figures/eirp_context_a.pdf>
Package pdftex.def Info: figures/eirp_context_a.pdf  used on input line 82.
(pdftex.def)             Requested size: 245.26653pt x 220.40031pt.
<figures/eirp_context_b.pdf, id=244, 231.17279pt x 194.79608pt>
File: figures/eirp_context_b.pdf Graphic file (type pdf)
<use figures/eirp_context_b.pdf>
Package pdftex.def Info: figures/eirp_context_b.pdf  used on input line 84.
(pdftex.def)             Requested size: 245.26653pt x 206.6701pt.
[2]

LaTeX Warning: A float is stuck (cannot be placed) on input line 115.


LaTeX Warning: A float is stuck (cannot be placed) on input line 115.


Class revtex4-1 Warning: Deferred float stuck during \clearpage processing.

) (./sections/03_sample.tex [3 <./figures/eirp_context_a.pdf> <./figures/eirp_c
ontext_b.pdf>] (./tab_selection.tex
LaTeX Font Info:    Trying to load font information for T1+cmtt on input line 6
.

(/usr/share/texlive/texmf-dist/tex/latex/base/t1cmtt.fd
File: t1cmtt.fd 2019/12/16 v2.5j Standard LaTeX font definitions
)

LaTeX Font Warning: Font shape `T1/cmr/m/scit' undefined
(Font)              using `T1/cmr/m/it' instead on input line 6.

)
<figures/selection_funnel.pdf, id=343, 164.48651pt x 192.2382pt>
File: figures/selection_funnel.pdf Graphic file (type pdf)
<use figures/selection_funnel.pdf>
Package pdftex.def Info: figures/selection_funnel.pdf  used on input line 84.
(pdftex.def)             Requested size: 161.8768pt x 189.19pt.
<figures/coverage_waterfall.pdf, id=348, 505.89pt x 469.755pt>
File: figures/coverage_waterfall.pdf Graphic file (type pdf)
<use figures/coverage_waterfall.pdf>
Package pdftex.def Info: figures/coverage_waterfall.pdf  used on input line 118
.
(pdftex.def)             Requested size: 507.98907pt x 471.71068pt.
 (./tab_blockledger.tex
Underfull \hbox (badness 2302) in paragraph at lines 8--9
[]|\T1/cmr/m/n/7 every limit, the cross-ing list, ev-ery
 []

) (./tab_interesting.tex)) (./sections/04_method.tex [4 <./figures/selection_fu
nnel.pdf>] [5 <./figures/coverage_waterfall.pdf>] [6]
<figures/drift_acceleration.pdf, id=428, 245.91875pt x 150.5625pt>
File: figures/drift_acceleration.pdf Graphic file (type pdf)
<use figures/drift_acceleration.pdf>
Package pdftex.def Info: figures/drift_acceleration.pdf  used on input line 120
.
(pdftex.def)             Requested size: 245.26653pt x 150.16925pt.
 [7 <./figures/drift_acceleration.pdf>]) (./sections/05_results.tex [8] (./tab_
budget.tex)
<figures/classa_sensitivity.pdf, id=470, 440.64088pt x 173.68149pt>
File: figures/classa_sensitivity.pdf Graphic file (type pdf)
<use figures/classa_sensitivity.pdf>
Package pdftex.def Info: figures/classa_sensitivity.pdf  used on input line 96.

(pdftex.def)             Requested size: 472.0671pt x 186.07321pt.

(./tab_ledgersum.tex)
! Undefined control sequence.
l.164 ... against half-widths from $\pm\FrLadderLo
                                                  $ to
The control sequence at the end of the top line
of your error message was never \def'ed. If you have
misspelled it (e.g., `\hobx'), type `I' and the correct
spelling (e.g., `I\hbox'). Otherwise just continue,
and I'll forget about whatever was undefined.

! Undefined control sequence.
l.165 $\pm\FrLadderHi
                     $\,km\,s$^{-1}$ in Table~\ref{tab:maskrobust}: the number
The control sequence at the end of the top line
of your error message was never \def'ed. If you have
misspelled it (e.g., `\hobx'), type `I' and the correct
spelling (e.g., `I\hbox'). Otherwise just continue,
and I'll forget about whatever was undefined.

[9]

Package hyperref Warning: Token not allowed in a PDF string (Unicode):
(hyperref)                removing `math shift' on input line 224.


Package hyperref Warning: Token not allowed in a PDF string (Unicode):
(hyperref)                removing `\beta' on input line 224.


Package hyperref Warning: Token not allowed in a PDF string (Unicode):
(hyperref)                removing `math shift' on input line 224.

[10 <./figures/classa_sensitivity.pdf>]
<figures/bpic_control.pdf, id=526, 238.53114pt x 281.76395pt>
File: figures/bpic_control.pdf Graphic file (type pdf)
<use figures/bpic_control.pdf>
Package pdftex.def Info: figures/bpic_control.pdf  used on input line 266.
(pdftex.def)             Requested size: 215.83574pt x 254.96959pt.

! Undefined control sequence.
l.312 ...e mask that removes them costs \FrMaskPct
                                                  {} per
The control sequence at the end of the top line
of your error message was never \def'ed. If you have
misspelled it (e.g., `\hobx'), type `I' and the correct
spelling (e.g., `I\hbox'). Otherwise just continue,
and I'll forget about whatever was undefined.

! Undefined control sequence.
l.313 ... the unique-frequency union over \FrNSpec
                                                  {} species, and it is
The control sequence at the end of the top line
of your error message was never \def'ed. If you have
misspelled it (e.g., `\hobx'), type `I' and the correct
spelling (e.g., `I\hbox'). Otherwise just continue,
and I'll forget about whatever was undefined.

[11 <./figures/bpic_control.pdf>] (./tab_ledger.tex)
<figures/chain_v403.pdf, id=568, 247.88611pt x 349.06412pt>
File: figures/chain_v403.pdf Graphic file (type pdf)
<use figures/chain_v403.pdf>
Package pdftex.def Info: figures/chain_v403.pdf  used on input line 433.
(pdftex.def)             Requested size: 245.26653pt x 345.38812pt.
) (./sections/05b_stack.tex
! Undefined control sequence.
l.37 ...sibility weights reaching \StkBadWeightMax
                                                  {} against a survey
The control sequence at the end of the top line
of your error message was never \def'ed. If you have
misspelled it (e.g., `\hobx'), type `I' and the correct
spelling (e.g., `I\hbox'). Otherwise just continue,
and I'll forget about whatever was undefined.

! Undefined control sequence.
l.38 median of \StkBadWeightMed
                               , a factor \StkBadWeightRatio, while their own
The control sequence at the end of the top line
of your error message was never \def'ed. If you have
misspelled it (e.g., `\hobx'), type `I' and the correct
spelling (e.g., `I\hbox'). Otherwise just continue,
and I'll forget about whatever was undefined.

! Undefined control sequence.
l.38 ...kBadWeightMed, a factor \StkBadWeightRatio
                                                  , while their own
The control sequence at the end of the top line
of your error message was never \def'ed. If you have
misspelled it (e.g., `\hobx'), type `I' and the correct
spelling (e.g., `I\hbox'). Otherwise just continue,
and I'll forget about whatever was undefined.

! Undefined control sequence.
l.42 \StkBadGroupDrop
                     {} two-epoch groups, which fall below the
The control sequence at the end of the top line
of your error message was never \def'ed. If you have
misspelled it (e.g., `\hobx'), type `I' and the correct
spelling (e.g., `I\hbox'). Otherwise just continue,
and I'll forget about whatever was undefined.

[12 <./figures/chain_v403.pdf>]
Underfull \hbox (badness 1852) in paragraph at lines 56--65
[]\T1/cmr/m/it/10 Registration is ver-i-fied on real lines be-fore it is
 []


Underfull \hbox (badness 1226) in paragraph at lines 66--80
[]\T1/cmr/m/it/10 The gain is $[]$ and not $[]$\T1/cmr/m/n/10 , where $\OML/cmm
/m/it/10 N[] \OT1/cmr/m/n/10 =
 []

! Undefined control sequence.
<recently read> \StkProxEirpSingle 
                                   
l.90 best single epoch reaches $\StkProxEirpSingle
                                                  $\,W and the stack
The control sequence at the end of the top line
of your error message was never \def'ed. If you have
misspelled it (e.g., `\hobx'), type `I' and the correct
spelling (e.g., `I\hbox'). Otherwise just continue,
and I'll forget about whatever was undefined.

! Undefined control sequence.
l.94 drift above \StkProxDriftHzS
                                 \,Hz\,s$^{-1}$. The gain, not the absolute
The control sequence at the end of the top line
of your error message was never \def'ed. If you have
misspelled it (e.g., `\hobx'), type `I' and the correct
spelling (e.g., `I\hbox'). Otherwise just continue,
and I'll forget about whatever was undefined.

! Undefined control sequence.
l.95 ...is what stacking bought: at \StkProxDistPc
                                                  \,pc the depth is mostly
The control sequence at the end of the top line
of your error message was never \def'ed. If you have
misspelled it (e.g., `\hobx'), type `I' and the correct
spelling (e.g., `I\hbox'). Otherwise just continue,
and I'll forget about whatever was undefined.

[13]
! Undefined control sequence.
l.120 ...RefChanKHz\,kHz channel is \StkTolFineKms
                                                  \,km\,s$^{-1}$, so the
The control sequence at the end of the top line
of your error message was never \def'ed. If you have
misspelled it (e.g., `\hobx'), type `I' and the correct
spelling (e.g., `I\hbox'). Otherwise just continue,
and I'll forget about whatever was undefined.

! Undefined control sequence.
l.124 \StkReflexChanCoarse
                          {} channels of a \ChanBModeMHz\,MHz window, which ...
The control sequence at the end of the top line
of your error message was never \def'ed. If you have
misspelled it (e.g., `\hobx'), type `I' and the correct
spelling (e.g., `I\hbox'). Otherwise just continue,
and I'll forget about whatever was undefined.

) (./sections/06_discussion.tex [14]
! Undefined control sequence.
<recently read> \CovEirpRefTex 
                               
l.95 EIRP of $\CovEirpRefTex
                            $\,W the covered frequency falls to
The control sequence at the end of the top line
of your error message was never \def'ed. If you have
misspelled it (e.g., `\hobx'), type `I' and the correct
spelling (e.g., `I\hbox'). Otherwise just continue,
and I'll forget about whatever was undefined.

! Undefined control sequence.
l.96 \CovUnionAtRef
                   \,GHz, \CovFracAtRef{} per cent of the union, reaching
The control sequence at the end of the top line
of your error message was never \def'ed. If you have
misspelled it (e.g., `\hobx'), type `I' and the correct
spelling (e.g., `I\hbox'). Otherwise just continue,
and I'll forget about whatever was undefined.

! Undefined control sequence.
l.96 \CovUnionAtRef\,GHz, \CovFracAtRef
                                       {} per cent of the union, reaching
The control sequence at the end of the top line
of your error message was never \def'ed. If you have
misspelled it (e.g., `\hobx'), type `I' and the correct
spelling (e.g., `I\hbox'). Otherwise just continue,
and I'll forget about whatever was undefined.

! Undefined control sequence.
l.97 \CovNSysAtRef
                  {} systems in all and \CovNMaxAtRef{} at the best-covered
The control sequence at the end of the top line
of your error message was never \def'ed. If you have
misspelled it (e.g., `\hobx'), type `I' and the correct
spelling (e.g., `I\hbox'). Otherwise just continue,
and I'll forget about whatever was undefined.

! Undefined control sequence.
l.97 ...ysAtRef{} systems in all and \CovNMaxAtRef
                                                  {} at the best-covered
The control sequence at the end of the top line
of your error message was never \def'ed. If you have
misspelled it (e.g., `\hobx'), type `I' and the correct
spelling (e.g., `I\hbox'). Otherwise just continue,
and I'll forget about whatever was undefined.

! Undefined control sequence.
l.98 frequency near \CovNuMaxAtRef
                                  \,GHz. With no limit on power that same
The control sequence at the end of the top line
of your error message was never \def'ed. If you have
misspelled it (e.g., `\hobx'), type `I' and the correct
spelling (e.g., `I\hbox'). Otherwise just continue,
and I'll forget about whatever was undefined.

! Undefined control sequence.
l.99 frequency reaches \CovNMaxFull
                                   {} of the \NSysClassA{} systems, and half...
The control sequence at the end of the top line
of your error message was never \def'ed. If you have
misspelled it (e.g., `\hobx'), type `I' and the correct
spelling (e.g., `I\hbox'). Otherwise just continue,
and I'll forget about whatever was undefined.

! Undefined control sequence.
<recently read> \CovEirpHalf 
                             
l.100 sample is reached only above $\CovEirpHalf
                                                $\,W.
The control sequence at the end of the top line
of your error message was never \def'ed. If you have
misspelled it (e.g., `\hobx'), type `I' and the correct
spelling (e.g., `I\hbox'). Otherwise just continue,
and I'll forget about whatever was undefined.

<figures/completeness_map.pdf, id=616, 245.91875pt x 132.495pt>
File: figures/completeness_map.pdf Graphic file (type pdf)
<use figures/completeness_map.pdf>
Package pdftex.def Info: figures/completeness_map.pdf  used on input line 104.
(pdftex.def)             Requested size: 245.26653pt x 132.14894pt.
! Undefined control sequence.
<argument> ...of Class~A coverage is \CovNIslands 
                                                  {} disjoint islands spread...
l.115 experiment was sensitive.}
                                
The control sequence at the end of the top line
of your error message was never \def'ed. If you have
misspelled it (e.g., `\hobx'), type `I' and the correct
spelling (e.g., `I\hbox'). Otherwise just continue,
and I'll forget about whatever was undefined.

! Undefined control sequence.
<argument> ... The dashed line is $\CovEirpRefTex 
                                                  $\,W, at which \CovUnionAt...
l.115 experiment was sensitive.}
                                
The control sequence at the end of the top line
of your error message was never \def'ed. If you have
misspelled it (e.g., `\hobx'), type `I' and the correct
spelling (e.g., `I\hbox'). Otherwise just continue,
and I'll forget about whatever was undefined.

! Undefined control sequence.
<argument> ...efTex $\,W, at which \CovUnionAtRef 
                                                  \,GHz of the union survive...
l.115 experiment was sensitive.}
                                
The control sequence at the end of the top line
of your error message was never \def'ed. If you have
misspelled it (e.g., `\hobx'), type `I' and the correct
spelling (e.g., `I\hbox'). Otherwise just continue,
and I'll forget about whatever was undefined.

! Undefined control sequence.
<argument> ...of Class~A coverage is \CovNIslands 
                                                  {} disjoint islands spread...
l.115 experiment was sensitive.}
                                
The control sequence at the end of the top line
of your error message was never \def'ed. If you have
misspelled it (e.g., `\hobx'), type `I' and the correct
spelling (e.g., `I\hbox'). Otherwise just continue,
and I'll forget about whatever was undefined.

! Undefined control sequence.
<recently read> \CovEirpRefTex 
                               
l.115 experiment was sensitive.}
                                
The control sequence at the end of the top line
of your error message was never \def'ed. If you have
misspelled it (e.g., `\hobx'), type `I' and the correct
spelling (e.g., `I\hbox'). Otherwise just continue,
and I'll forget about whatever was undefined.

! Undefined control sequence.
<argument> ...efTex $\,W, at which \CovUnionAtRef 
                                                  \,GHz of the union survive...
l.115 experiment was sensitive.}
                                
The control sequence at the end of the top line
of your error message was never \def'ed. If you have
misspelled it (e.g., `\hobx'), type `I' and the correct
spelling (e.g., `I\hbox'). Otherwise just continue,
and I'll forget about whatever was undefined.

[15 <./figures/completeness_map.pdf>]) (./sections/07_conclusions.tex)
(./sections/08_backmatter.tex [16] (./tab_projcodes_v400.tex)
Underfull \hbox (badness 1394) in paragraph at lines 29--44
\T1/cmr/m/n/10 are: [], [], [],
 []


Underfull \hbox (badness 10000) in paragraph at lines 29--44
[]\T1/cmr/m/n/10 , [], [],
 []


Underfull \hbox (badness 10000) in paragraph at lines 29--44
[]\T1/cmr/m/n/10 , [], [],
 []


Underfull \hbox (badness 10000) in paragraph at lines 29--44
[]\T1/cmr/m/n/10 , [], [],
 []


Underfull \hbox (badness 10000) in paragraph at lines 29--44
[]\T1/cmr/m/n/10 , [], [],
 []


Underfull \hbox (badness 10000) in paragraph at lines 29--44
[]\T1/cmr/m/n/10 , [], [],
 []


Underfull \hbox (badness 10000) in paragraph at lines 29--44
[]\T1/cmr/m/n/10 , [], [],
 []


Underfull \hbox (badness 10000) in paragraph at lines 29--44
[]\T1/cmr/m/n/10 , [], [],
 []


Underfull \hbox (badness 10000) in paragraph at lines 29--44
[]\T1/cmr/m/n/10 , [], [],
 []


Underfull \hbox (badness 10000) in paragraph at lines 29--44
[]\T1/cmr/m/n/10 , [], [],
 []


Underfull \hbox (badness 10000) in paragraph at lines 29--44
[]\T1/cmr/m/n/10 , [], [],
 []


Underfull \hbox (badness 10000) in paragraph at lines 29--44
[]\T1/cmr/m/n/10 , [], [],
 []


Underfull \hbox (badness 10000) in paragraph at lines 29--44
[]\T1/cmr/m/n/10 , [], [],
 []


Underfull \hbox (badness 10000) in paragraph at lines 29--44
[]\T1/cmr/m/n/10 , [], [],
 []


Underfull \hbox (badness 10000) in paragraph at lines 29--44
[]\T1/cmr/m/n/10 , [], [],
 []


Underfull \hbox (badness 10000) in paragraph at lines 29--44
[]\T1/cmr/m/n/10 , [], [],
 []


Underfull \hbox (badness 10000) in paragraph at lines 29--44
[]\T1/cmr/m/n/10 , [], [],
 []


Underfull \hbox (badness 10000) in paragraph at lines 29--44
[]\T1/cmr/m/n/10 , [], [],
 []


Underfull \hbox (badness 10000) in paragraph at lines 29--44
[]\T1/cmr/m/n/10 , [], [],
 []


Underfull \hbox (badness 10000) in paragraph at lines 29--44
[]\T1/cmr/m/n/10 , [], [],
 []


Underfull \hbox (badness 10000) in paragraph at lines 29--44
[]\T1/cmr/m/n/10 , [], [] .
 []


Underfull \hbox (badness 3179) in paragraph at lines 29--44
\T1/cmr/m/n/10 Per-block epochs are in the machine-readable re-
 []


Underfull \hbox (badness 1275) in paragraph at lines 29--44
\T1/cmr/m/n/10 lease. The archive meta-data ex-poses no pro-posal
 []


Underfull \hbox (badness 1038) in paragraph at lines 29--44
\T1/cmr/m/n/10 (Japan), to-gether with NRC (Canada), NSTC and
 []


Underfull \hbox (badness 10000) in paragraph at lines 65--71
[]\T1/cmr/m/n/10 The pipeline de-pends on CASA 6.7.6
 []


Underfull \hbox (badness 5954) in paragraph at lines 65--71
\T1/cmr/m/n/10 (casatools/casatasks 6.7.6-14; []CASA Team et al.[]
 []

) (./sections/app_A_reproducibility.tex
<figures/hanning_response.pdf, id=686, 432.1724pt x 129.78763pt>
File: figures/hanning_response.pdf Graphic file (type pdf)
<use figures/hanning_response.pdf>
Package pdftex.def Info: figures/hanning_response.pdf  used on input line 18.
(pdftex.def)             Requested size: 482.33163pt x 144.85614pt.
 [17] [18 <./figures/hanning_response.pdf>]
Underfull \hbox (badness 4391) in paragraph at lines 197--210
[]\T1/cmr/m/n/10 Two cat-a-logue columns, \T1/cmtt/m/n/10 pb_offset_arcsec \T1/
cmr/m/n/10 and
 []

) (./sections/app_C_spatialnorm.tex [19]
! Undefined control sequence.
l.65 two noises agree. Over the \NsrNWin
                                        {} windows carrying no threshold cro...
The control sequence at the end of the top line
of your error message was never \def'ed. If you have
misspelled it (e.g., `\hobx'), type `I' and the correct
spelling (e.g., `I\hbox'). Otherwise just continue,
and I'll forget about whatever was undefined.

! Undefined control sequence.
l.66 its median is \NsrMed
                          , with a star-clustered 95 per cent interval of
The control sequence at the end of the top line
of your error message was never \def'ed. If you have
misspelled it (e.g., `\hobx'), type `I' and the correct
spelling (e.g., `I\hbox'). Otherwise just continue,
and I'll forget about whatever was undefined.

! Undefined control sequence.
l.67 \NsrLo
           --\NsrHi. It does not climb with the brightness of the emission i...
The control sequence at the end of the top line
of your error message was never \def'ed. If you have
misspelled it (e.g., `\hobx'), type `I' and the correct
spelling (e.g., `I\hbox'). Otherwise just continue,
and I'll forget about whatever was undefined.

! Undefined control sequence.
l.67 \NsrLo--\NsrHi
                   . It does not climb with the brightness of the emission i...
The control sequence at the end of the top line
of your error message was never \def'ed. If you have
misspelled it (e.g., `\hobx'), type `I' and the correct
spelling (e.g., `I\hbox'). Otherwise just continue,
and I'll forget about whatever was undefined.

! Undefined control sequence.
l.68 ...cative error would scale with: \NsrFifthLo
                                                  {}
The control sequence at the end of the top line
of your error message was never \def'ed. If you have
misspelled it (e.g., `\hobx'), type `I' and the correct
spelling (e.g., `I\hbox'). Otherwise just continue,
and I'll forget about whatever was undefined.

! Undefined control sequence.
l.70 \NsrFifthHi
                {} in the brightest fifth, and \NsrBrightMed{} over the
The control sequence at the end of the top line
of your error message was never \def'ed. If you have
misspelled it (e.g., `\hobx'), type `I' and the correct
spelling (e.g., `I\hbox'). Otherwise just continue,
and I'll forget about whatever was undefined.

! Undefined control sequence.
l.70 ... in the brightest fifth, and \NsrBrightMed
                                                  {} over the
The control sequence at the end of the top line
of your error message was never \def'ed. If you have
misspelled it (e.g., `\hobx'), type `I' and the correct
spelling (e.g., `I\hbox'). Otherwise just continue,
and I'll forget about whatever was undefined.

! Undefined control sequence.
l.71 \NsrBrightN
                {} windows whose ring exceeds \NsrBrightSig$\sigma$ and is
The control sequence at the end of the top line
of your error message was never \def'ed. If you have
misspelled it (e.g., `\hobx'), type `I' and the correct
spelling (e.g., `I\hbox'). Otherwise just continue,
and I'll forget about whatever was undefined.

! Undefined control sequence.
l.71 ...} windows whose ring exceeds \NsrBrightSig
                                                  $\sigma$ and is
The control sequence at the end of the top line
of your error message was never \def'ed. If you have
misspelled it (e.g., `\hobx'), type `I' and the correct
spelling (e.g., `I\hbox'). Otherwise just continue,
and I'll forget about whatever was undefined.

! Undefined control sequence.
l.73 rise at all is shown by the \NsrCrossN
                                           {} windows that do carry a crossing,
The control sequence at the end of the top line
of your error message was never \def'ed. If you have
misspelled it (e.g., `\hobx'), type `I' and the correct
spelling (e.g., `I\hbox'). Otherwise just continue,
and I'll forget about whatever was undefined.

! Undefined control sequence.
l.74 where it is \NsrCrossMed
                             . Part of the reason it does not rise otherwise is
The control sequence at the end of the top line
of your error message was never \def'ed. If you have
misspelled it (e.g., `\hobx'), type `I' and the correct
spelling (e.g., `I\hbox'). Otherwise just continue,
and I'll forget about whatever was undefined.

! Undefined control sequence.
l.111 ...ranks all \NCtrl{} probes in \NsrFirstObs
                                                  {} of
The control sequence at the end of the top line
of your error message was never \def'ed. If you have
misspelled it (e.g., `\hobx'), type `I' and the correct
spelling (e.g., `I\hbox'). Otherwise just continue,
and I'll forget about whatever was undefined.

! Undefined control sequence.
l.112 the survey's windows against \NsrFirstExp
                                               {} if the positions were
The control sequence at the end of the top line
of your error message was never \def'ed. If you have
misspelled it (e.g., `\hobx'), type `I' and the correct
spelling (e.g., `I\hbox'). Otherwise just continue,
and I'll forget about whatever was undefined.

[20]) (./sections/app_I_linemask.tex (./tab_maskband_v411.tex)
! Undefined control sequence.
l.24 term alone runs from \FrBaryLo
                                   {} to \FrBaryHi\,km\,s$^{-1}$ across the
The control sequence at the end of the top line
of your error message was never \def'ed. If you have
misspelled it (e.g., `\hobx'), type `I' and the correct
spelling (e.g., `I\hbox'). Otherwise just continue,
and I'll forget about whatever was undefined.

! Undefined control sequence.
l.24 term alone runs from \FrBaryLo{} to \FrBaryHi
                                                  \,km\,s$^{-1}$ across the
The control sequence at the end of the top line
of your error message was never \def'ed. If you have
misspelled it (e.g., `\hobx'), type `I' and the correct
spelling (e.g., `I\hbox'). Otherwise just continue,
and I'll forget about whatever was undefined.

! Undefined control sequence.
l.26 \FrBarySwing
                 \,km\,s$^{-1}$ of a $\pm\MaskHalfKms$\,km\,s$^{-1}$ budget on
The control sequence at the end of the top line
of your error message was never \def'ed. If you have
misspelled it (e.g., `\hobx'), type `I' and the correct
spelling (e.g., `I\hbox'). Otherwise just continue,
and I'll forget about whatever was undefined.

! Undefined control sequence.
l.28 observation. The \FrEpochNEpoch
                                    {} \FrEpochStar{} epochs show the transform
The control sequence at the end of the top line
of your error message was never \def'ed. If you have
misspelled it (e.g., `\hobx'), type `I' and the correct
spelling (e.g., `I\hbox'). Otherwise just continue,
and I'll forget about whatever was undefined.

! Undefined control sequence.
l.28 ...rvation. The \FrEpochNEpoch{} \FrEpochStar
                                                  {} epochs show the transform
The control sequence at the end of the top line
of your error message was never \def'ed. If you have
misspelled it (e.g., `\hobx'), type `I' and the correct
spelling (e.g., `I\hbox'). Otherwise just continue,
and I'll forget about whatever was undefined.

! Undefined control sequence.
l.29 ...y way that can be checked: \FrEpochTopoKms
                                                  \,km\,s$^{-1}$
The control sequence at the end of the top line
of your error message was never \def'ed. If you have
misspelled it (e.g., `\hobx'), type `I' and the correct
spelling (e.g., `I\hbox'). Otherwise just continue,
and I'll forget about whatever was undefined.

! Undefined control sequence.
l.30 ...erved frame, they agree to \FrEpochStelKms
                                                  \,km\,s$^{-1}$ in
The control sequence at the end of the top line
of your error message was never \def'ed. If you have
misspelled it (e.g., `\hobx'), type `I' and the correct
spelling (e.g., `I\hbox'). Otherwise just continue,
and I'll forget about whatever was undefined.

! Undefined control sequence.
l.35 frequency for \FrNRecovChecked
                                   {} of the \NCross{} crossings and an offset
The control sequence at the end of the top line
of your error message was never \def'ed. If you have
misspelled it (e.g., `\hobx'), type `I' and the correct
spelling (e.g., `I\hbox'). Otherwise just continue,
and I'll forget about whatever was undefined.

! Undefined control sequence.
l.36 ...ll of them, so the remaining \FrNRecovered
                                                  {} invert
The control sequence at the end of the top line
of your error message was never \def'ed. If you have
misspelled it (e.g., `\hobx'), type `I' and the correct
spelling (e.g., `I\hbox'). Otherwise just continue,
and I'll forget about whatever was undefined.

! Undefined control sequence.
l.37 ...ng the stored frequency to \FrRecovWorstHz
                                                  \,Hz where both
The control sequence at the end of the top line
of your error message was never \def'ed. If you have
misspelled it (e.g., `\hobx'), type `I' and the correct
spelling (e.g., `I\hbox'). Otherwise just continue,
and I'll forget about whatever was undefined.

! Undefined control sequence.
l.40 The mask holds \FrNTrans
                             {} transitions of \FrNSpec{} species at full
The control sequence at the end of the top line
of your error message was never \def'ed. If you have
misspelled it (e.g., `\hobx'), type `I' and the correct
spelling (e.g., `I\hbox'). Otherwise just continue,
and I'll forget about whatever was undefined.

! Undefined control sequence.
l.40 ... holds \FrNTrans{} transitions of \FrNSpec
                                                  {} species at full
The control sequence at the end of the top line
of your error message was never \def'ed. If you have
misspelled it (e.g., `\hobx'), type `I' and the correct
spelling (e.g., `I\hbox'). Otherwise just continue,
and I'll forget about whatever was undefined.

! Undefined control sequence.
l.46 reason carbon monosulphide does: \FrNSOWord
                                                {} of its transitions fall i...
The control sequence at the end of the top line
of your error message was never \def'ed. If you have
misspelled it (e.g., `\hobx'), type `I' and the correct
spelling (e.g., `I\hbox'). Otherwise just continue,
and I'll forget about whatever was undefined.

! Undefined control sequence.
l.51 screen, \FrCpStar
                      {} at $T_\star=\FrCpT$, lies \FrCpSODv\,km\,s$^{-1}$ from
The control sequence at the end of the top line
of your error message was never \def'ed. If you have
misspelled it (e.g., `\hobx'), type `I' and the correct
spelling (e.g., `I\hbox'). Otherwise just continue,
and I'll forget about whatever was undefined.

! Undefined control sequence.
l.51 screen, \FrCpStar{} at $T_\star=\FrCpT
                                           $, lies \FrCpSODv\,km\,s$^{-1}$ from
The control sequence at the end of the top line
of your error message was never \def'ed. If you have
misspelled it (e.g., `\hobx'), type `I' and the correct
spelling (e.g., `I\hbox'). Otherwise just continue,
and I'll forget about whatever was undefined.

! Undefined control sequence.
l.51 ...Star{} at $T_\star=\FrCpT$, lies \FrCpSODv
                                                  \,km\,s$^{-1}$ from
The control sequence at the end of the top line
of your error message was never \def'ed. If you have
misspelled it (e.g., `\hobx'), type `I' and the correct
spelling (e.g., `I\hbox'). Otherwise just continue,
and I'll forget about whatever was undefined.

! Undefined control sequence.
l.52 \FrSOName
              {} in its own star's frame, and is attributed
The control sequence at the end of the top line
of your error message was never \def'ed. If you have
misspelled it (e.g., `\hobx'), type `I' and the correct
spelling (e.g., `I\hbox'). Otherwise just continue,
and I'll forget about whatever was undefined.


Underfull \hbox (badness 1436) in paragraph at lines 40--54
[]\T1/cmr/m/n/10 The mask holds  tran-si-tions of  species at full
 []

! Undefined control sequence.
l.57 ... chain at half-widths from $\pm\FrLadderLo
                                                  $ to
The control sequence at the end of the top line
of your error message was never \def'ed. If you have
misspelled it (e.g., `\hobx'), type `I' and the correct
spelling (e.g., `I\hbox'). Otherwise just continue,
and I'll forget about whatever was undefined.

! Undefined control sequence.
l.58 $\pm\FrLadderHi
                    $\,km\,s$^{-1}$. One count moves, and it is worth naming:
The control sequence at the end of the top line
of your error message was never \def'ed. If you have
misspelled it (e.g., `\hobx'), type `I' and the correct
spelling (e.g., `I\hbox'). Otherwise just continue,
and I'll forget about whatever was undefined.

! Undefined control sequence.
l.59 narrowing to $\pm\FrLadderLo
                                 $\,km\,s$^{-1}$ releases \FrNarrowMoveStar{}
The control sequence at the end of the top line
of your error message was never \def'ed. If you have
misspelled it (e.g., `\hobx'), type `I' and the correct
spelling (e.g., `I\hbox'). Otherwise just continue,
and I'll forget about whatever was undefined.

! Undefined control sequence.
l.59 ...$\,km\,s$^{-1}$ releases \FrNarrowMoveStar
                                                  {}
The control sequence at the end of the top line
of your error message was never \def'ed. If you have
misspelled it (e.g., `\hobx'), type `I' and the correct
spelling (e.g., `I\hbox'). Otherwise just continue,
and I'll forget about whatever was undefined.

! Undefined control sequence.
l.60 from attribution at \FrNarrowMoveDv
                                        \,km\,s$^{-1}$ from
The control sequence at the end of the top line
of your error message was never \def'ed. If you have
misspelled it (e.g., `\hobx'), type `I' and the correct
spelling (e.g., `I\hbox'). Otherwise just continue,
and I'll forget about whatever was undefined.

! Undefined control sequence.
l.61 \FrNarrowMoveLine
                      {} --- a crossing that does not outrank its own control
The control sequence at the end of the top line
of your error message was never \def'ed. If you have
misspelled it (e.g., `\hobx'), type `I' and the correct
spelling (e.g., `I\hbox'). Otherwise just continue,
and I'll forget about whatever was undefined.

! Undefined control sequence.
l.62 ... the result turns on is flat: \FrNRankPass
                                                  {}
The control sequence at the end of the top line
of your error message was never \def'ed. If you have
misspelled it (e.g., `\hobx'), type `I' and the correct
spelling (e.g., `I\hbox'). Otherwise just continue,
and I'll forget about whatever was undefined.

! Undefined control sequence.
l.65 mask removes rises from \FrMaskPctLo
                                         {} to \FrMaskPctHi{} per cent. Wide...
The control sequence at the end of the top line
of your error message was never \def'ed. If you have
misspelled it (e.g., `\hobx'), type `I' and the correct
spelling (e.g., `I\hbox'). Otherwise just continue,
and I'll forget about whatever was undefined.

! Undefined control sequence.
l.65 ... rises from \FrMaskPctLo{} to \FrMaskPctHi
                                                  {} per cent. Widening
The control sequence at the end of the top line
of your error message was never \def'ed. If you have
misspelled it (e.g., `\hobx'), type `I' and the correct
spelling (e.g., `I\hbox'). Otherwise just continue,
and I'll forget about whatever was undefined.

[21]

LaTeX Font Warning: Font shape `T1/cmr/m/scit' undefined
(Font)              using `T1/cmr/m/it' instead on input line 79.

(./tab_maskrobust_v411.tex)
! Undefined control sequence.
l.89 against \FrMaskPct
                       {} per cent here, and it does not leave the dispositions
The control sequence at the end of the top line
of your error message was never \def'ed. If you have
misspelled it (e.g., `\hobx'), type `I' and the correct
spelling (e.g., `I\hbox'). Otherwise just continue,
and I'll forget about whatever was undefined.

! Undefined control sequence.
l.90 alone. \FrFullNFlip
                        {} of the \NCross{} crossings change side under it,
The control sequence at the end of the top line
of your error message was never \def'ed. If you have
misspelled it (e.g., `\hobx'), type `I' and the correct
spelling (e.g., `I\hbox'). Otherwise just continue,
and I'll forget about whatever was undefined.

! Undefined control sequence.
l.91 \FrFullNFlipRankWord
                         {} of them a crossing that outranks every control:
The control sequence at the end of the top line
of your error message was never \def'ed. If you have
misspelled it (e.g., `\hobx'), type `I' and the correct
spelling (e.g., `I\hbox'). Otherwise just continue,
and I'll forget about whatever was undefined.

! Undefined control sequence.
l.92 \FrFullFlipRankStar
                        {} falls \FrFullFlipRankDv\,km\,s$^{-1}$ from a
The control sequence at the end of the top line
of your error message was never \def'ed. If you have
misspelled it (e.g., `\hobx'), type `I' and the correct
spelling (e.g., `I\hbox'). Otherwise just continue,
and I'll forget about whatever was undefined.

! Undefined control sequence.
l.92 \FrFullFlipRankStar{} falls \FrFullFlipRankDv
                                                  \,km\,s$^{-1}$ from a
The control sequence at the end of the top line
of your error message was never \def'ed. If you have
misspelled it (e.g., `\hobx'), type `I' and the correct
spelling (e.g., `I\hbox'). Otherwise just continue,
and I'll forget about whatever was undefined.

! Undefined control sequence.
l.93 vibrationally excited \FrFullFlipRankChem
                                              {} transition, which is not a ...
The control sequence at the end of the top line
of your error message was never \def'ed. If you have
misspelled it (e.g., `\hobx'), type `I' and the correct
spelling (e.g., `I\hbox'). Otherwise just continue,
and I'll forget about whatever was undefined.

! Undefined control sequence.
l.105 Masking removes \FrMaskPct
                                {} per cent of the \FrMaskUnionGHz\,GHz
The control sequence at the end of the top line
of your error message was never \def'ed. If you have
misspelled it (e.g., `\hobx'), type `I' and the correct
spelling (e.g., `I\hbox'). Otherwise just continue,
and I'll forget about whatever was undefined.

! Undefined control sequence.
l.105 ...MaskPct{} per cent of the \FrMaskUnionGHz
                                                  \,GHz
The control sequence at the end of the top line
of your error message was never \def'ed. If you have
misspelled it (e.g., `\hobx'), type `I' and the correct
spelling (e.g., `I\hbox'). Otherwise just continue,
and I'll forget about whatever was undefined.

! Undefined control sequence.
l.107 ...it band by band, reaching \FrMaskWorstPct
                                                  {}
The control sequence at the end of the top line
of your error message was never \def'ed. If you have
misspelled it (e.g., `\hobx'), type `I' and the correct
spelling (e.g., `I\hbox'). Otherwise just continue,
and I'll forget about whatever was undefined.

! Undefined control sequence.
l.108 per cent in Band~\FrMaskWorstBand
                                       {} and staying below 2\,per cent in
The control sequence at the end of the top line
of your error message was never \def'ed. If you have
misspelled it (e.g., `\hobx'), type `I' and the correct
spelling (e.g., `I\hbox'). Otherwise just continue,
and I'll forget about whatever was undefined.


Underfull \hbox (badness 1127) in paragraph at lines 105--112
[]\T1/cmr/m/n/10 Masking re-moves  per cent of the GHz unique-
 []

) (./sections/app_J_falsealarm.tex [22]
Underfull \hbox (badness 1406) in paragraph at lines 112--128
\T1/cmr/m/n/10 it: neigh-bour-ing con-trols are cor-re-lated be-low the
 []

[23]) (./sections/app_N_rfi.tex
! Undefined control sequence.
l.79 ...e releases a peak frequency --- \IfPopNWin
                                                  {} of them, of which only
The control sequence at the end of the top line
of your error message was never \def'ed. If you have
misspelled it (e.g., `\hobx'), type `I' and the correct
spelling (e.g., `I\hbox'). Otherwise just continue,
and I'll forget about whatever was undefined.

! Undefined control sequence.
l.80 \IfPopNCross
                 {} carry a threshold crossing --- because such an artefact ...
The control sequence at the end of the top line
of your error message was never \def'ed. If you have
misspelled it (e.g., `\hobx'), type `I' and the correct
spelling (e.g., `I\hbox'). Otherwise just continue,
and I'll forget about whatever was undefined.

! Undefined control sequence.
l.107 ...er than as a carrier.} Its \DqBlockNCross
                                                  {} crossings toward
The control sequence at the end of the top line
of your error message was never \def'ed. If you have
misspelled it (e.g., `\hobx'), type `I' and the correct
spelling (e.g., `I\hbox'). Otherwise just continue,
and I'll forget about whatever was undefined.

! Undefined control sequence.
l.111 median running \DqBlockRingLo
                                   --\DqBlockRingHi{} against a survey media...
The control sequence at the end of the top line
of your error message was never \def'ed. If you have
misspelled it (e.g., `\hobx'), type `I' and the correct
spelling (e.g., `I\hbox'). Otherwise just continue,
and I'll forget about whatever was undefined.

! Undefined control sequence.
l.111 ...an running \DqBlockRingLo--\DqBlockRingHi
                                                  {} against a survey median of
The control sequence at the end of the top line
of your error message was never \def'ed. If you have
misspelled it (e.g., `\hobx'), type `I' and the correct
spelling (e.g., `I\hbox'). Otherwise just continue,
and I'll forget about whatever was undefined.

! Undefined control sequence.
l.112 \DqSurvMed
                , so the window contains no null against which anything coul...
The control sequence at the end of the top line
of your error message was never \def'ed. If you have
misspelled it (e.g., `\hobx'), type `I' and the correct
spelling (e.g., `I\hbox'). Otherwise just continue,
and I'll forget about whatever was undefined.

! Undefined control sequence.
l.114 ...way from the phase centre; \DqBlockIfMult
                                                  {} of the
The control sequence at the end of the top line
of your error message was never \def'ed. If you have
misspelled it (e.g., `\hobx'), type `I' and the correct
spelling (e.g., `I\hbox'). Otherwise just continue,
and I'll forget about whatever was undefined.

! Undefined control sequence.
l.115 \DqBlockNCross
                    {} sit at the identical channel of two different spectral
The control sequence at the end of the top line
of your error message was never \def'ed. If you have
misspelled it (e.g., `\hobx'), type `I' and the correct
spelling (e.g., `I\hbox'). Otherwise just continue,
and I'll forget about whatever was undefined.

! Undefined control sequence.
l.120 frequencies is covered by \DqOtherWinLo
                                             --\DqOtherWinHi{} further windows
The control sequence at the end of the top line
of your error message was never \def'ed. If you have
misspelled it (e.g., `\hobx'), type `I' and the correct
spelling (e.g., `I\hbox'). Otherwise just continue,
and I'll forget about whatever was undefined.

! Undefined control sequence.
l.120 ...s covered by \DqOtherWinLo--\DqOtherWinHi
                                                  {} further windows
The control sequence at the end of the top line
of your error message was never \def'ed. If you have
misspelled it (e.g., `\hobx'), type `I' and the correct
spelling (e.g., `I\hbox'). Otherwise just continue,
and I'll forget about whatever was undefined.

! Undefined control sequence.
l.121 toward \DqOtherStarLo
                           --\DqOtherStarHi{} other stars, and \DqOtherSame{...
The control sequence at the end of the top line
of your error message was never \def'ed. If you have
misspelled it (e.g., `\hobx'), type `I' and the correct
spelling (e.g., `I\hbox'). Otherwise just continue,
and I'll forget about whatever was undefined.

! Undefined control sequence.
l.121 toward \DqOtherStarLo--\DqOtherStarHi
                                           {} other stars, and \DqOtherSame{...
The control sequence at the end of the top line
of your error message was never \def'ed. If you have
misspelled it (e.g., `\hobx'), type `I' and the correct
spelling (e.g., `I\hbox'). Otherwise just continue,
and I'll forget about whatever was undefined.

! Undefined control sequence.
l.121 ...herStarHi{} other stars, and \DqOtherSame
                                                  {} of
The control sequence at the end of the top line
of your error message was never \def'ed. If you have
misspelled it (e.g., `\hobx'), type `I' and the correct
spelling (e.g., `I\hbox'). Otherwise just continue,
and I'll forget about whatever was undefined.

! Undefined control sequence.
l.126 control ensemble exceeds \DqFactor
                                        {} the survey median of that quantit...
The control sequence at the end of the top line
of your error message was never \def'ed. If you have
misspelled it (e.g., `\hobx'), type `I' and the correct
spelling (e.g., `I\hbox'). Otherwise just continue,
and I'll forget about whatever was undefined.

! Undefined control sequence.
l.127 \DqNWin
             {} of the \NWindows{} windows are flagged, toward \DqNStar{} stars
The control sequence at the end of the top line
of your error message was never \def'ed. If you have
misspelled it (e.g., `\hobx'), type `I' and the correct
spelling (e.g., `I\hbox'). Otherwise just continue,
and I'll forget about whatever was undefined.

! Undefined control sequence.
l.127 ...ws{} windows are flagged, toward \DqNStar
                                                  {} stars
The control sequence at the end of the top line
of your error message was never \def'ed. If you have
misspelled it (e.g., `\hobx'), type `I' and the correct
spelling (e.g., `I\hbox'). Otherwise just continue,
and I'll forget about whatever was undefined.

! Undefined control sequence.
l.128 (\DqStars
               ), the remaining one being a resolved disc rather than a defect.
The control sequence at the end of the top line
of your error message was never \def'ed. If you have
misspelled it (e.g., `\hobx'), type `I' and the correct
spelling (e.g., `I\hbox'). Otherwise just continue,
and I'll forget about whatever was undefined.

[24])
No file ledger-probe.bbl.
[25] (build_ledger/ledger-probe.aux)
Package rerunfilecheck Info: File `ledger-probe.out' has not changed.
(rerunfilecheck)             Checksum: 15724BE4CF6EB774F21C7380D7F6835F;10837.
 ) 
Here is how much of TeX's memory you used:
 16378 strings out of 480247
 249315 string characters out of 5896151
 577144 words of memory out of 5000000
 33575 multiletter control sequences out of 15000+600000
 493825 words of font info for 89 fonts, out of 8000000 for 9000
 14 hyphenation exceptions out of 8191
 70i,12n,76p,3862b,483s stack positions out of 5000i,500n,10000p,200000b,80000s
{/usr/share/texmf/fonts/enc/dvips/cm-super/cm-super-t1.enc}</usr/share/texliv
e/texmf-dist/fonts/type1/public/amsfonts/cm/cmbx10.pfb></usr/share/texlive/texm
f-dist/fonts/type1/public/amsfonts/cm/cmbx7.pfb></usr/share/texlive/texmf-dist/
fonts/type1/public/amsfonts/cm/cmex10.pfb></usr/share/texlive/texmf-dist/fonts/
type1/public/amsfonts/cm/cmmi10.pfb></usr/share/texlive/texmf-dist/fonts/type1/
public/amsfonts/cm/cmmi5.pfb></usr/share/texlive/texmf-dist/fonts/type1/public/
amsfonts/cm/cmmi6.pfb></usr/share/texlive/texmf-dist/fonts/type1/public/amsfont
s/cm/cmmi7.pfb></usr/share/texlive/texmf-dist/fonts/type1/public/amsfonts/cm/cm
mi8.pfb></usr/share/texlive/texmf-dist/fonts/type1/public/amsfonts/cm/cmr10.pfb
></usr/share/texlive/texmf-dist/fonts/type1/public/amsfonts/cm/cmr5.pfb></usr/s
hare/texlive/texmf-dist/fonts/type1/public/amsfonts/cm/cmr6.pfb></usr/share/tex
live/texmf-dist/fonts/type1/public/amsfonts/cm/cmr7.pfb></usr/share/texlive/tex
mf-dist/fonts/type1/public/amsfonts/cm/cmr8.pfb></usr/share/texlive/texmf-dist/
fonts/type1/public/amsfonts/cm/cmsy10.pfb></usr/share/texlive/texmf-dist/fonts/
type1/public/amsfonts/cm/cmsy5.pfb></usr/share/texlive/texmf-dist/fonts/type1/p
ublic/amsfonts/cm/cmsy6.pfb></usr/share/texlive/texmf-dist/fonts/type1/public/a
msfonts/cm/cmsy7.pfb></usr/share/texlive/texmf-dist/fonts/type1/public/amsfonts
/cm/cmsy8.pfb></usr/share/texlive/texmf-dist/fonts/type1/public/amsfonts/symbol
s/msam10.pfb></usr/share/texmf/fonts/type1/public/cm-super/sfbx0700.pfb></usr/s
hare/texmf/fonts/type1/public/cm-super/sfbx0800.pfb></usr/share/texmf/fonts/typ
e1/public/cm-super/sfbx1000.pfb></usr/share/texmf/fonts/type1/public/cm-super/s
fcc0600.pfb></usr/share/texmf/fonts/type1/public/cm-super/sfcc0800.pfb></usr/sh
are/texmf/fonts/type1/public/cm-super/sfcc0900.pfb></usr/share/texmf/fonts/type
1/public/cm-super/sfcc1000.pfb></usr/share/texmf/fonts/type1/public/cm-super/sf
rm0500.pfb></usr/share/texmf/fonts/type1/public/cm-super/sfrm0600.pfb></usr/sha
re/texmf/fonts/type1/public/cm-super/sfrm0700.pfb></usr/share/texmf/fonts/type1
/public/cm-super/sfrm0800.pfb></usr/share/texmf/fonts/type1/public/cm-super/sfr
m0900.pfb></usr/share/texmf/fonts/type1/public/cm-super/sfrm1000.pfb></usr/shar
e/texmf/fonts/type1/public/cm-super/sftc0800.pfb></usr/share/texmf/fonts/type1/
public/cm-super/sfti0500.pfb></usr/share/texmf/fonts/type1/public/cm-super/sfti
0700.pfb></usr/share/texmf/fonts/type1/public/cm-super/sfti0800.pfb></usr/share
/texmf/fonts/type1/public/cm-super/sfti0900.pfb></usr/share/texmf/fonts/type1/p
ublic/cm-super/sfti1000.pfb></usr/share/texmf/fonts/type1/public/cm-super/sftt0
800.pfb></usr/share/texmf/fonts/type1/public/cm-super/sftt1000.pfb></usr/share/
texmf/fonts/type1/public/cm-super/sfxc0800.pfb>
Output written on build_ledger/ledger-probe.pdf (25 pages, 1134584 bytes).
PDF statistics:
 1003 PDF objects out of 1200 (max. 8388607)
 793 compressed objects within 8 object streams
 150 named destinations out of 1000 (max. 500000)
 371 words of extra memory for PDF output out of 10000 (max. 10000000)

