This is pdfTeX, Version 3.141592653-2.6-1.40.22 (TeX Live 2022/dev/Debian) (preloaded format=pdflatex)
 restricted \write18 enabled.
entering extended mode
(./_r10recur_probe.tex
LaTeX2e <2021-11-15> patch level 1
L3 programming layer <2022-01-21> (./openjournal.cls
Document Class: openjournal 
(/usr/share/texlive/texmf-dist/tex/latex/revtex4-1/revtex4-1.cls
Document Class: revtex4-1 2020/09/30 4.1s (http://publish.aps.org/revtex4/ for 
documentation)
ltxutil[2020/09/30 4.1s utilities package (portions licensed from W. E. Baxter 
web at superscript.com)]
ltxfront[2020/09/30 4.1s frontmatter package (AO,DPC)]
ltxgrid[2020/09/30 4.1s page grid package (portions licensed from W. E. Baxter 
web at superscript.com)]
(/usr/share/texlive/texmf-dist/tex/latex/revtex4-1/aps4-1.rtx)
(/usr/share/texlive/texmf-dist/tex/latex/revtex4-1/aps10pt4-1.rtx)
(/usr/share/texlive/texmf-dist/tex/latex/textcase/textcase.sty)
(/usr/share/texlive/texmf-dist/tex/latex/url/url.sty)
(/usr/share/texlive/texmf-dist/tex/latex/natbib/natbib.sty)
(/usr/share/texlive/texmf-dist/tex/latex/revtex4-1/revsymb4-1.sty))
(/usr/share/texlive/texmf-dist/tex/latex/base/latexsym.sty)
(/usr/share/texlive/texmf-dist/tex/latex/graphics/graphicx.sty
(/usr/share/texlive/texmf-dist/tex/latex/graphics/keyval.sty)
(/usr/share/texlive/texmf-dist/tex/latex/graphics/graphics.sty
(/usr/share/texlive/texmf-dist/tex/latex/graphics/trig.sty)
(/usr/share/texlive/texmf-dist/tex/latex/graphics-cfg/graphics.cfg)
(/usr/share/texlive/texmf-dist/tex/latex/graphics-def/pdftex.def)))
(/usr/share/texlive/texmf-dist/tex/latex/amsfonts/amssymb.sty
(/usr/share/texlive/texmf-dist/tex/latex/amsfonts/amsfonts.sty))
(/usr/share/texlive/texmf-dist/tex/latex/tools/longtable.sty) (./epsf.sty
This is `epsf.tex' v2.7.3 <23 July 2005>
)) (/usr/share/texlive/texmf-dist/tex/latex/base/fontenc.sty)
(/usr/share/texlive/texmf-dist/tex/latex/amsmath/amsmath.sty
For additional information on amsmath, use the `?' option.
(/usr/share/texlive/texmf-dist/tex/latex/amsmath/amstext.sty
(/usr/share/texlive/texmf-dist/tex/latex/amsmath/amsgen.sty))
(/usr/share/texlive/texmf-dist/tex/latex/amsmath/amsbsy.sty)
(/usr/share/texlive/texmf-dist/tex/latex/amsmath/amsopn.sty))
(/usr/share/texlive/texmf-dist/tex/latex/hyperref/hyperref.sty
(/usr/share/texlive/texmf-dist/tex/generic/ltxcmds/ltxcmds.sty)
(/usr/share/texlive/texmf-dist/tex/generic/iftex/iftex.sty)
(/usr/share/texlive/texmf-dist/tex/generic/pdftexcmds/pdftexcmds.sty
(/usr/share/texlive/texmf-dist/tex/generic/infwarerr/infwarerr.sty))
(/usr/share/texlive/texmf-dist/tex/generic/kvsetkeys/kvsetkeys.sty)
(/usr/share/texlive/texmf-dist/tex/generic/kvdefinekeys/kvdefinekeys.sty)
(/usr/share/texlive/texmf-dist/tex/generic/pdfescape/pdfescape.sty)
(/usr/share/texlive/texmf-dist/tex/latex/hycolor/hycolor.sty)
(/usr/share/texlive/texmf-dist/tex/latex/letltxmacro/letltxmacro.sty)
(/usr/share/texlive/texmf-dist/tex/latex/auxhook/auxhook.sty)
(/usr/share/texlive/texmf-dist/tex/latex/kvoptions/kvoptions.sty)
(/usr/share/texlive/texmf-dist/tex/latex/hyperref/pd1enc.def)
(/usr/share/texlive/texmf-dist/tex/latex/hyperref/hyperref-langpatches.def)
(/usr/share/texlive/texmf-dist/tex/generic/intcalc/intcalc.sty)
(/usr/share/texlive/texmf-dist/tex/generic/etexcmds/etexcmds.sty)
(/usr/share/texlive/texmf-dist/tex/latex/hyperref/puenc.def)
(/usr/share/texlive/texmf-dist/tex/generic/bitset/bitset.sty
(/usr/share/texlive/texmf-dist/tex/generic/bigintcalc/bigintcalc.sty))
(/usr/share/texlive/texmf-dist/tex/latex/base/atbegshi-ltx.sty))
(/usr/share/texlive/texmf-dist/tex/latex/hyperref/hpdftex.def
(/usr/share/texlive/texmf-dist/tex/latex/base/atveryend-ltx.sty)
(/usr/share/texlive/texmf-dist/tex/latex/rerunfilecheck/rerunfilecheck.sty
(/usr/share/texlive/texmf-dist/tex/generic/uniquecounter/uniquecounter.sty)))
(/usr/share/texlive/texmf-dist/tex/latex/tools/array.sty)
(/usr/share/texlive/texmf-dist/tex/latex/booktabs/booktabs.sty)
(./survey_numbers.tex) (./survey_numbers_round8.tex)
(./survey_numbers_round9.tex) (./survey_numbers_round10.tex)
(./survey_numbers_round11.tex) (./survey_numbers_round12.tex)
(./survey_numbers_round13.tex) (./survey_numbers_pointing.tex)
(./survey_numbers_round15.tex) (./survey_numbers_round16.tex)
(./survey_numbers_round17.tex) (./survey_numbers_recurrence.tex)
(./survey_numbers_round14.tex) (./survey_numbers_localnull.tex)
(./survey_numbers_round18.tex) (./survey_numbers_round19.tex)
(./survey_numbers_round20.tex) (./survey_numbers_round21.tex)
(./survey_numbers_round22.tex) (./survey_numbers_round23.tex)
(./survey_numbers_round24.tex) (./survey_numbers_round25.tex)
(./survey_numbers_round26.tex) (./survey_numbers_hd23484.tex)
(./survey_numbers_bpicctrl.tex) (./survey_numbers_round27.tex)
(./survey_numbers_round28.tex) (./survey_numbers_round29.tex)
(./survey_numbers_round30.tex) (./survey_numbers_round31.tex)
(./survey_numbers_round32.tex) (./survey_numbers_round33.tex)
(./survey_numbers_round34.tex) (./survey_numbers_round35.tex)
(./survey_numbers_round36.tex) (./survey_numbers_round37.tex)
(./survey_numbers_round38.tex) (./survey_numbers_round39.tex)
(./survey_numbers_round40.tex) (./survey_numbers_round41.tex)
(./survey_numbers_round42.tex) (./survey_numbers_round43.tex)
(./survey_numbers_round44.tex) (./survey_numbers_round45.tex)
(./survey_numbers_round46.tex) (./survey_numbers_round47.tex)
(./survey_numbers_round48.tex) (./survey_numbers_round49.tex)
(./survey_numbers_round50.tex) (./survey_numbers_round51.tex)
(./survey_numbers_round52.tex) (./survey_numbers_round53.tex)
(./survey_numbers_round54.tex) (./survey_numbers_round55.tex)
(./survey_numbers_round56.tex) (./survey_numbers_round57.tex)
(./survey_numbers_round58.tex) (./survey_numbers_round59.tex)
(./survey_numbers_round60.tex) (./survey_numbers_round61.tex)
(./survey_numbers_round62.tex) (./survey_numbers_round63.tex)
(./survey_numbers_round64.tex) (./survey_numbers_round75.tex)
(./survey_numbers_round80.tex) (./survey_numbers_round81.tex)
(./ledger_legend_v403.tex) (./survey_numbers_round77.tex)
(./survey_numbers_round78.tex) (./survey_numbers_round79.tex)
(./survey_numbers_round66.tex) (./survey_numbers_round67.tex)
(./survey_numbers_round68.tex) (./survey_numbers_round69.tex)
(./survey_numbers_round70.tex) (./survey_numbers_round71.tex)
(./survey_numbers_round73.tex) (./survey_numbers_round74.tex)
(./peff_range_v372.tex) (./survey_numbers_round82.tex)
(./survey_numbers_round83.tex) (./survey_numbers_round84.tex)
(./survey_numbers_round85.tex) (./survey_numbers_round86.tex)
(./survey_numbers_round87.tex) (./survey_numbers_round88.tex)
(./survey_numbers_round89.tex) (./survey_numbers_round90.tex)
(./survey_numbers_round91.tex) (./survey_numbers_round92.tex)
(./survey_numbers_round93.tex) (./survey_numbers_round94.tex)
(./survey_numbers_round95.tex) (./survey_numbers_round96.tex)
(./survey_numbers_round97.tex) (./survey_numbers_round98.tex)
(./survey_numbers_round99.tex) (./survey_numbers_round100.tex)
(./survey_numbers_round101.tex) (./survey_numbers_round102.tex)
(./regen_count.tex) (./survey_numbers_round104.tex)
(./survey_numbers_round65.tex) (./survey_numbers_round72.tex)
(./survey_numbers_round105.tex) (./survey_numbers_round120.tex)
(./survey_numbers_round103.tex)
(/usr/share/texlive/texmf-dist/tex/latex/enumitem/enumitem.sty)
(/usr/share/texlive/texmf-dist/tex/latex/l3backend/l3backend-pdftex.def)
(build_r10recur/r10recur-probe.aux)
(/usr/share/texlive/texmf-dist/tex/context/base/mkii/supp-pdf.mkii
[Loading MPS to PDF converter (version 2006.09.02).]
) (/usr/share/texlive/texmf-dist/tex/latex/epstopdf-pkg/epstopdf-base.sty
(/usr/share/texlive/texmf-dist/tex/latex/latexconfig/epstopdf-sys.cfg))
(/usr/share/texlive/texmf-dist/tex/latex/hyperref/nameref.sty
(/usr/share/texlive/texmf-dist/tex/latex/refcount/refcount.sty)
(/usr/share/texlive/texmf-dist/tex/generic/gettitlestring/gettitlestring.sty))
(build_r10recur/r10recur-probe.out) (build_r10recur/r10recur-probe.out)
(./sections/abstract.tex (/usr/share/texlive/texmf-dist/tex/latex/base/ulasy.fd
) (/usr/share/texlive/texmf-dist/tex/latex/amsfonts/umsa.fd)
(/usr/share/texlive/texmf-dist/tex/latex/amsfonts/umsb.fd))
(./sections/01_intro.tex

Class revtex4-1 Warning: Assuming \noaffiliation for authors.

[1{/var/lib/texmf/fonts/map/pdftex/updmap/pdftex.map}])
(./sections/02_background.tex
Underfull \hbox (badness 2486) in paragraph at lines 61--79
[]\T1/cmr/m/n/10 Figure []1[](a) places this sur-vey among pub-lished
[2]

LaTeX Warning: A float is stuck (cannot be placed) on input line 115.


LaTeX Warning: A float is stuck (cannot be placed) on input line 115.


Class revtex4-1 Warning: Deferred float stuck during \clearpage processing.

) (./sections/03_sample.tex
! Undefined control sequence.
l.7 frozen pipeline, \LdgCensusHours
                                    \,h on source. We call that set the
! Undefined control sequence.
l.26 \LdgClassAStars
                    {} stars in \NSysClassA{} systems are fine-channel, called
! Undefined control sequence.
l.43 \SfPlxWorstPct
                   {} per cent, an order of magnitude inside it. The query r...

! Undefined control sequence.
l.61 over-represented by a factor \SfTopRatio
                                             , and the enhancement falls
! Undefined control sequence.
l.64 about \SfARatio
                    {} and F and G stars by factors of two to three, because...

! Undefined control sequence.
l.66 \SfMSearched
                 {} of the \SfNStar{} searched stars are M~dwarfs, a factor
! Undefined control sequence.
l.66 \SfMSearched{} of the \SfNStar
                                   {} searched stars are M~dwarfs, a factor
! Undefined control sequence.
l.67 \SfMRatio
              {} of their share of the reference census, and only
! Undefined control sequence.
l.68 \SfMClassAStars
                    {} of them carry the fine-channel coverage that can reso...

[3 <./figures/eirp_context_a.pdf> <./figures/eirp_context_b.pdf>]
(./tab_selection.tex (/usr/share/texlive/texmf-dist/tex/latex/base/t1cmtt.fd)

LaTeX Font Warning: Font shape `T1/cmr/m/scit' undefined
(Font)              using `T1/cmr/m/it' instead on input line 6.

)
! Undefined control sequence.
l.108 rather than estimated. \LdgExtScope
                                         {} further blocks lie inside the same
! Undefined control sequence.
l.110 ...ives what became of each. \LdgExtSearched
                                                  {} of
! Undefined control sequence.
<argument> ...are taken from the \SfHostCatalogue 
                                                  {} \SfHostTable {} table, ...
l.142 \SfHostTable{} table, accessed \SfHostDate.}
                                                  
! Undefined control sequence.
<argument> ...he \SfHostCatalogue {} \SfHostTable 
                                                  {} table, accessed \SfHost...
l.142 \SfHostTable{} table, accessed \SfHostDate.}
                                                  
! Undefined control sequence.
<argument> ...able {} table, accessed \SfHostDate 
                                                  .}}{\thepage }{\@currentHr...
l.142 \SfHostTable{} table, accessed \SfHostDate.}
                                                  
! Undefined control sequence.
<argument> ...are taken from the \SfHostCatalogue 
                                                  {} \SfHostTable {} table, ...
l.142 \SfHostTable{} table, accessed \SfHostDate.}
                                                  
! Undefined control sequence.
<argument> ...he \SfHostCatalogue {} \SfHostTable 
                                                  {} table, accessed \SfHost...
l.142 \SfHostTable{} table, accessed \SfHostDate.}
                                                  
! Undefined control sequence.
<argument> ...able {} table, accessed \SfHostDate 
                                                  .\fi 
l.142 \SfHostTable{} table, accessed \SfHostDate.}
                                                  
(./tab_blockledger.tex
Underfull \hbox (badness 2302) in paragraph at lines 8--9
[]|\T1/cmr/m/n/7 every limit, the cross-ing list, ev-ery
) (./tab_interesting.tex)) (./sections/04_method.tex [4 <./figures/selection_fu
nnel.pdf>] [5 <./figures/coverage_waterfall.pdf>] [6] [7 <./figures/drift_accel
eration.pdf>]) (./sections/05_results.tex [8] (./tab_budget.tex)
(./tab_ledgersum.tex)
! Undefined control sequence.
l.193 $\pm\FrLadderLo
                     $ to $\pm\FrLadderHi$\,km\,s$^{-1}$: the number outranking

! Undefined control sequence.
l.193 $\pm\FrLadderLo$ to $\pm\FrLadderHi
                                         $\,km\,s$^{-1}$: the number outranking

[9] [10 <./figures/sens_strata.pdf> <./figures/classa_sensitivity.pdf>]

Package hyperref Warning: Token not allowed in a PDF string (Unicode):
(hyperref)                removing `math shift' on input line 252.


Package hyperref Warning: Token not allowed in a PDF string (Unicode):
(hyperref)                removing `\beta' on input line 252.


Package hyperref Warning: Token not allowed in a PDF string (Unicode):
(hyperref)                removing `math shift' on input line 252.

! Undefined control sequence.
l.340 ...e mask that removes them costs \FrMaskPct
                                                  {} per
! Undefined control sequence.
l.341 ... the unique-frequency union over \FrNSpec
                                                  {} species, and it is
[11 <./figures/bpic_control.pdf>] (./tab_recurcand_v411.tex)
(./tab_visfit_v411.tex)
Overfull \hbox (17.56038pt too wide) in paragraph at lines 2--470
 []$[]$ 
(./tab_ledger.tex)) (./sections/05b_stack.tex [12]

LaTeX Warning: A float is stuck (cannot be placed) on input line 34.


LaTeX Warning: A float is stuck (cannot be placed) on input line 34.


Class revtex4-1 Warning: Deferred float stuck during \clearpage processing.

! Undefined control sequence.
l.37 ...sibility weights reaching \StkBadWeightMax
                                                  {} against a survey
! Undefined control sequence.
l.38 median of \StkBadWeightMed
                               , a factor \StkBadWeightRatio, while their own
! Undefined control sequence.
l.38 ...kBadWeightMed, a factor \StkBadWeightRatio
                                                  , while their own
! Undefined control sequence.
l.42 \StkBadGroupDrop
                     {} two-epoch groups, which fall below the

Underfull \hbox (badness 1852) in paragraph at lines 56--65
[]\T1/cmr/m/it/10 Registration is ver-i-fied on real lines be-fore it is

Underfull \hbox (badness 1226) in paragraph at lines 66--80
[]\T1/cmr/m/it/10 The gain is $[]$ and not $[]$\T1/cmr/m/n/10 , where $\OML/cmm
/m/it/10 N[] \OT1/cmr/m/n/10 =
[13 <./figures/chain_v411.pdf>]
! Undefined control sequence.
<recently read> \StkProxEirpSingle 
                                   
l.90 best single epoch reaches $\StkProxEirpSingle
                                                  $\,W and the stack
! Undefined control sequence.
l.94 drift above \StkProxDriftHzS
                                 \,Hz\,s$^{-1}$. The gain, not the absolute
! Undefined control sequence.
l.95 ...is what stacking bought: at \StkProxDistPc
                                                  \,pc the depth is mostly
! Undefined control sequence.
l.120 ...RefChanKHz\,kHz channel is \StkTolFineKms
                                                  \,km\,s$^{-1}$, so the
! Undefined control sequence.
l.124 \StkReflexChanCoarse
                          {} channels of a \ChanBModeMHz\,MHz window, which ...

) (./sections/06_discussion.tex [14]
! Undefined control sequence.
<recently read> \CovEirpRefTex 
                               
l.95 EIRP of $\CovEirpRefTex
                            $\,W the covered frequency falls to
! Undefined control sequence.
l.96 \CovUnionAtRef
                   \,GHz, \CovFracAtRef{} per cent of the union, reaching
! Undefined control sequence.
l.96 \CovUnionAtRef\,GHz, \CovFracAtRef
                                       {} per cent of the union, reaching
! Undefined control sequence.
l.97 \CovNSysAtRef
                  {} systems in all and \CovNMaxAtRef{} at the best-covered
! Undefined control sequence.
l.97 ...ysAtRef{} systems in all and \CovNMaxAtRef
                                                  {} at the best-covered
! Undefined control sequence.
l.98 frequency near \CovNuMaxAtRef
                                  \,GHz. With no limit on power that same
! Undefined control sequence.
l.99 frequency reaches \CovNMaxFull
                                   {} of the \NSysClassA{} systems, and half...

! Undefined control sequence.
<recently read> \CovEirpHalf 
                             
l.100 sample is reached only above $\CovEirpHalf
                                                $\,W.
! Undefined control sequence.
<argument> ...of Class~A coverage is \CovNIslands 
                                                  {} disjoint islands spread...
l.115 experiment was sensitive.}
                                
! Undefined control sequence.
<argument> ... The dashed line is $\CovEirpRefTex 
                                                  $\,W, at which \CovUnionAt...
l.115 experiment was sensitive.}
                                
! Undefined control sequence.
<argument> ...efTex $\,W, at which \CovUnionAtRef 
                                                  \,GHz of the union survive...
l.115 experiment was sensitive.}
                                
! Undefined control sequence.
<argument> ...of Class~A coverage is \CovNIslands 
                                                  {} disjoint islands spread...
l.115 experiment was sensitive.}
                                
! Undefined control sequence.
<recently read> \CovEirpRefTex 
                               
l.115 experiment was sensitive.}
                                
! Undefined control sequence.
<argument> ...efTex $\,W, at which \CovUnionAtRef 
                                                  \,GHz of the union survive...
l.115 experiment was sensitive.}
                                
[15]

LaTeX Warning: A float is stuck (cannot be placed) on input line 149.


LaTeX Warning: A float is stuck (cannot be placed) on input line 149.


Class revtex4-1 Warning: Deferred float stuck during \clearpage processing.

[16 <./figures/completeness_map.pdf>]) (./sections/07_conclusions.tex)
(./sections/08_backmatter.tex (./tab_projcodes_v400.tex)
Underfull \hbox (badness 1394) in paragraph at lines 29--44
\T1/cmr/m/n/10 are: [], [], [],

Underfull \hbox (badness 10000) in paragraph at lines 29--44
[]\T1/cmr/m/n/10 , [], [],

Underfull \hbox (badness 10000) in paragraph at lines 29--44
[]\T1/cmr/m/n/10 , [], [],

Underfull \hbox (badness 10000) in paragraph at lines 29--44
[]\T1/cmr/m/n/10 , [], [],

Underfull \hbox (badness 10000) in paragraph at lines 29--44
[]\T1/cmr/m/n/10 , [], [],

Underfull \hbox (badness 10000) in paragraph at lines 29--44
[]\T1/cmr/m/n/10 , [], [],

Underfull \hbox (badness 10000) in paragraph at lines 29--44
[]\T1/cmr/m/n/10 , [], [],

Underfull \hbox (badness 10000) in paragraph at lines 29--44
[]\T1/cmr/m/n/10 , [], [],

Underfull \hbox (badness 10000) in paragraph at lines 29--44
[]\T1/cmr/m/n/10 , [], [],

Underfull \hbox (badness 10000) in paragraph at lines 29--44
[]\T1/cmr/m/n/10 , [], [],

Underfull \hbox (badness 10000) in paragraph at lines 29--44
[]\T1/cmr/m/n/10 , [], [],

Underfull \hbox (badness 10000) in paragraph at lines 29--44
[]\T1/cmr/m/n/10 , [], [],

Underfull \hbox (badness 10000) in paragraph at lines 29--44
[]\T1/cmr/m/n/10 , [], [],

Underfull \hbox (badness 10000) in paragraph at lines 29--44
[]\T1/cmr/m/n/10 , [], [],

Underfull \hbox (badness 10000) in paragraph at lines 29--44
[]\T1/cmr/m/n/10 , [], [],

Underfull \hbox (badness 10000) in paragraph at lines 29--44
[]\T1/cmr/m/n/10 , [], [],

Underfull \hbox (badness 10000) in paragraph at lines 29--44
[]\T1/cmr/m/n/10 , [], [],

Underfull \hbox (badness 10000) in paragraph at lines 29--44
[]\T1/cmr/m/n/10 , [], [],

Underfull \hbox (badness 10000) in paragraph at lines 29--44
[]\T1/cmr/m/n/10 , [], [],

Underfull \hbox (badness 10000) in paragraph at lines 29--44
[]\T1/cmr/m/n/10 , [], [],

Underfull \hbox (badness 10000) in paragraph at lines 29--44
[]\T1/cmr/m/n/10 , [], [] .

Underfull \hbox (badness 3179) in paragraph at lines 29--44
\T1/cmr/m/n/10 Per-block epochs are in the machine-readable re-

Underfull \hbox (badness 1275) in paragraph at lines 29--44
\T1/cmr/m/n/10 lease. The archive meta-data ex-poses no pro-posal

Underfull \hbox (badness 1038) in paragraph at lines 29--44
\T1/cmr/m/n/10 (Japan), to-gether with NRC (Canada), NSTC and
[17]
Underfull \hbox (badness 10000) in paragraph at lines 65--71
[]\T1/cmr/m/n/10 The pipeline de-pends on CASA 6.7.6

Underfull \hbox (badness 5954) in paragraph at lines 65--71
\T1/cmr/m/n/10 (casatools/casatasks 6.7.6-14; []CASA Team et al.[]
) (./sections/app_A_reproducibility.tex [18] [19 <./figures/hanning_response.pd
f>]
Underfull \hbox (badness 4391) in paragraph at lines 199--212
[]\T1/cmr/m/n/10 Two cat-a-logue columns, \T1/cmtt/m/n/10 pb_offset_arcsec \T1/
cmr/m/n/10 and
) (./sections/app_C_spatialnorm.tex [20]
! Undefined control sequence.
l.72 two noises agree. Over the \NsrNWin
                                        {} windows carrying no threshold cro...

! Undefined control sequence.
l.73 its median is \NsrMed
                          , with a star-clustered 95 per cent interval of
! Undefined control sequence.
l.74 \NsrLo
           --\NsrHi. It does not climb with the brightness of the emission i...

! Undefined control sequence.
l.74 \NsrLo--\NsrHi
                   . It does not climb with the brightness of the emission i...

! Undefined control sequence.
l.75 ...cative error would scale with: \NsrFifthLo
                                                  {}
! Undefined control sequence.
l.77 \NsrFifthHi
                {} in the brightest fifth, and \NsrBrightMed{} over the
! Undefined control sequence.
l.77 ... in the brightest fifth, and \NsrBrightMed
                                                  {} over the
! Undefined control sequence.
l.78 \NsrBrightN
                {} windows whose ring exceeds \NsrBrightSig$\sigma$ and is
! Undefined control sequence.
l.78 ...} windows whose ring exceeds \NsrBrightSig
                                                  $\sigma$ and is
! Undefined control sequence.
l.80 rise at all is shown by the \NsrCrossN
                                           {} windows that do carry a crossing,

! Undefined control sequence.
l.81 where it is \NsrCrossMed
                             . Part of the reason it does not rise otherwise is

! Undefined control sequence.
l.118 ...ranks all \NCtrl{} probes in \NsrFirstObs
                                                  {} of
! Undefined control sequence.
l.119 the survey's windows against \NsrFirstExp
                                               {} if the positions were
[21]) (./sections/app_I_linemask.tex
! Undefined control sequence.
l.23 runs from \FrBaryLo
                        {} to \FrBaryHi\,km\,s$^{-1}$ across the survey, so a
! Undefined control sequence.
l.23 runs from \FrBaryLo{} to \FrBaryHi
                                       \,km\,s$^{-1}$ across the survey, so a
! Undefined control sequence.
l.25 \FrBarySwing
                 \,km\,s$^{-1}$ of a $\pm\MaskHalfKms$\,km\,s$^{-1}$ budget on
! Undefined control sequence.
l.28 \FrEpochNEpoch
                   {} \FrEpochStar{} epochs show the transform working in the
! Undefined control sequence.
l.28 \FrEpochNEpoch{} \FrEpochStar
                                  {} epochs show the transform working in the
! Undefined control sequence.
l.29 only way that can be checked: \FrEpochTopoKms
                                                  \,km\,s$^{-1}$ apart in the
! Undefined control sequence.
l.30 observed frame, they agree to \FrEpochStelKms
                                                  \,km\,s$^{-1}$ in the star's.

! Undefined control sequence.
l.32 The mask holds \FrNTrans
                             {} transitions of \FrNSpec{} species at full
! Undefined control sequence.
l.32 ... holds \FrNTrans{} transitions of \FrNSpec
                                                  {} species at full
! Undefined control sequence.
l.38 carbon monosulphide does: \FrNSOWord
                                         {} of its transitions fall in the
! Undefined control sequence.
l.43 \FrCpStar
              {} at $T_\star=\FrCpT$, lies \FrCpSODv\,km\,s$^{-1}$ from
! Undefined control sequence.
l.43 \FrCpStar{} at $T_\star=\FrCpT
                                   $, lies \FrCpSODv\,km\,s$^{-1}$ from
! Undefined control sequence.
l.43 ...Star{} at $T_\star=\FrCpT$, lies \FrCpSODv
                                                  \,km\,s$^{-1}$ from
! Undefined control sequence.
l.44 \FrSOName
              {} in its own star's frame (\S\ref{sec:chaingap}).

Underfull \hbox (badness 1436) in paragraph at lines 32--45
[]\T1/cmr/m/n/10 The mask holds  tran-si-tions of  species at full
! Undefined control sequence.
l.48 ... chain at half-widths from $\pm\FrLadderLo
                                                  $ to
! Undefined control sequence.
l.49 $\pm\FrLadderHi
                    $\,km\,s$^{-1}$. One count moves, and it is worth naming:
! Undefined control sequence.
l.50 narrowing to $\pm\FrLadderLo
                                 $\,km\,s$^{-1}$ releases \FrNarrowMoveStar{}
! Undefined control sequence.
l.50 ...$\,km\,s$^{-1}$ releases \FrNarrowMoveStar
                                                  {}
! Undefined control sequence.
l.51 from attribution at \FrNarrowMoveDv
                                        \,km\,s$^{-1}$ from
! Undefined control sequence.
l.52 \FrNarrowMoveLine
                      {} --- a crossing that does not outrank its own control
! Undefined control sequence.
l.53 ... the result turns on is flat: \FrNRankPass
                                                  {}
! Undefined control sequence.
l.56 mask removes rises from \FrMaskPctLo
                                         {} to \FrMaskPctHi{} per cent. Wide...

! Undefined control sequence.
l.56 ... rises from \FrMaskPctLo{} to \FrMaskPctHi
                                                  {} per cent. Widening

LaTeX Font Warning: Font shape `T1/cmr/m/scit' undefined
(Font)              using `T1/cmr/m/it' instead on input line 68.

(./tab_maskrobust_v411.tex)
! Undefined control sequence.
l.78 against \FrMaskPct
                       {} per cent here, and it does not leave the dispositions

! Undefined control sequence.
l.79 alone. \FrFullNFlip
                        {} of the \NCross{} crossings change side under it,
! Undefined control sequence.
l.80 \FrFullNFlipRankWord
                         {} of them a crossing that outranks every control:
! Undefined control sequence.
l.81 \FrFullFlipRankStar
                        {} falls \FrFullFlipRankDv\,km\,s$^{-1}$ from a
! Undefined control sequence.
l.81 \FrFullFlipRankStar{} falls \FrFullFlipRankDv
                                                  \,km\,s$^{-1}$ from a
! Undefined control sequence.
l.82 vibrationally excited \FrFullFlipRankChem
                                              {} transition, which nobody would

! Undefined control sequence.
l.94 Masking removes \FrMaskLostGHz
                                   \,GHz, \FrMaskPct{} per cent of the
! Undefined control sequence.
l.94 ...ng removes \FrMaskLostGHz\,GHz, \FrMaskPct
                                                  {} per cent of the
! Undefined control sequence.
l.95 \FrMaskUnionGHz
                    \,GHz unique-frequency union, CN, CO and SO dominating. It
! Undefined control sequence.
l.96 ... uniform: the loss reaches \FrMaskWorstPct
                                                  {} per cent in
! Undefined control sequence.
l.97 Band~\FrMaskWorstBand
                          {} and stays below 2\,per cent in Bands~3--5, and it
) (./sections/app_J_falsealarm.tex [22]
Underfull \hbox (badness 1406) in paragraph at lines 110--126
\T1/cmr/m/n/10 it: neigh-bour-ing con-trols are cor-re-lated be-low the
[23]) (./sections/app_N_rfi.tex
! Undefined control sequence.
l.69 ...e releases a peak frequency --- \IfPopNWin
                                                  {} of them, of which only
! Undefined control sequence.
l.70 \IfPopNCross
                 {} carry a threshold crossing --- because such an artefact ...

[24]
! Undefined control sequence.
l.97 rather than as a carrier.} Its \DqBlockNCross
                                                  {} crossings toward
! Undefined control sequence.
l.101 median running \DqBlockRingLo
                                   --\DqBlockRingHi{} against a survey media...

! Undefined control sequence.
l.101 ...an running \DqBlockRingLo--\DqBlockRingHi
                                                  {} against a survey median of

! Undefined control sequence.
l.102 \DqSurvMed
                , so the window contains no null against which anything coul...

! Undefined control sequence.
l.104 ...way from the phase centre; \DqBlockIfMult
                                                  {} of the
! Undefined control sequence.
l.105 \DqBlockNCross
                    {} sit at the identical channel of two different spectral
! Undefined control sequence.
l.110 frequencies is covered by \DqOtherWinLo
                                             --\DqOtherWinHi{} further windows
! Undefined control sequence.
l.110 ...s covered by \DqOtherWinLo--\DqOtherWinHi
                                                  {} further windows
! Undefined control sequence.
l.111 toward \DqOtherStarLo
                           --\DqOtherStarHi{} other stars, and \DqOtherSame{...

! Undefined control sequence.
l.111 toward \DqOtherStarLo--\DqOtherStarHi
                                           {} other stars, and \DqOtherSame{...

! Undefined control sequence.
l.111 ...herStarHi{} other stars, and \DqOtherSame
                                                  {} of
! Undefined control sequence.
l.116 control ensemble exceeds \DqFactor
                                        {} the survey median of that quantit...

! Undefined control sequence.
l.117 \DqNWin
             {} of the \NWindows{} windows are flagged, toward \DqNStar{} stars

! Undefined control sequence.
l.117 ...ws{} windows are flagged, toward \DqNStar
                                                  {} stars
! Undefined control sequence.
l.118 (\DqStars
               ), the remaining one being a resolved disc rather than a defect.

)
No file r10recur-probe.bbl.
[25] (build_r10recur/r10recur-probe.aux)

LaTeX Warning: Label(s) may have changed. Rerun to get cross-references right.

 )
(see the transcript file for additional information){/usr/share/texmf/fonts/enc
/dvips/cm-super/cm-super-t1.enc}</usr/share/texlive/texmf-dist/fonts/type1/publ
ic/amsfonts/cm/cmbx10.pfb></usr/share/texlive/texmf-dist/fonts/type1/public/ams
fonts/cm/cmbx7.pfb></usr/share/texlive/texmf-dist/fonts/type1/public/amsfonts/c
m/cmex10.pfb></usr/share/texlive/texmf-dist/fonts/type1/public/amsfonts/cm/cmmi
10.pfb></usr/share/texlive/texmf-dist/fonts/type1/public/amsfonts/cm/cmmi5.pfb>
</usr/share/texlive/texmf-dist/fonts/type1/public/amsfonts/cm/cmmi6.pfb></usr/s
hare/texlive/texmf-dist/fonts/type1/public/amsfonts/cm/cmmi7.pfb></usr/share/te
xlive/texmf-dist/fonts/type1/public/amsfonts/cm/cmmi8.pfb></usr/share/texlive/t
exmf-dist/fonts/type1/public/amsfonts/cm/cmr10.pfb></usr/share/texlive/texmf-di
st/fonts/type1/public/amsfonts/cm/cmr5.pfb></usr/share/texlive/texmf-dist/fonts
/type1/public/amsfonts/cm/cmr6.pfb></usr/share/texlive/texmf-dist/fonts/type1/p
ublic/amsfonts/cm/cmr7.pfb></usr/share/texlive/texmf-dist/fonts/type1/public/am
sfonts/cm/cmr8.pfb></usr/share/texlive/texmf-dist/fonts/type1/public/amsfonts/c
m/cmsy10.pfb></usr/share/texlive/texmf-dist/fonts/type1/public/amsfonts/cm/cmsy
5.pfb></usr/share/texlive/texmf-dist/fonts/type1/public/amsfonts/cm/cmsy6.pfb><
/usr/share/texlive/texmf-dist/fonts/type1/public/amsfonts/cm/cmsy7.pfb></usr/sh
are/texlive/texmf-dist/fonts/type1/public/amsfonts/cm/cmsy8.pfb></usr/share/tex
live/texmf-dist/fonts/type1/public/amsfonts/symbols/msam10.pfb></usr/share/texm
f/fonts/type1/public/cm-super/sfbx0700.pfb></usr/share/texmf/fonts/type1/public
/cm-super/sfbx0800.pfb></usr/share/texmf/fonts/type1/public/cm-super/sfbx1000.p
fb></usr/share/texmf/fonts/type1/public/cm-super/sfcc0600.pfb></usr/share/texmf
/fonts/type1/public/cm-super/sfcc0800.pfb></usr/share/texmf/fonts/type1/public/
cm-super/sfcc0900.pfb></usr/share/texmf/fonts/type1/public/cm-super/sfcc1000.pf
b></usr/share/texmf/fonts/type1/public/cm-super/sfrm0500.pfb></usr/share/texmf/
fonts/type1/public/cm-super/sfrm0600.pfb></usr/share/texmf/fonts/type1/public/c
m-super/sfrm0700.pfb></usr/share/texmf/fonts/type1/public/cm-super/sfrm0800.pfb
></usr/share/texmf/fonts/type1/public/cm-super/sfrm0900.pfb></usr/share/texmf/f
onts/type1/public/cm-super/sfrm1000.pfb></usr/share/texmf/fonts/type1/public/cm
-super/sftc0800.pfb></usr/share/texmf/fonts/type1/public/cm-super/sfti0500.pfb>
</usr/share/texmf/fonts/type1/public/cm-super/sfti0700.pfb></usr/share/texmf/fo
nts/type1/public/cm-super/sfti0800.pfb></usr/share/texmf/fonts/type1/public/cm-
super/sfti0900.pfb></usr/share/texmf/fonts/type1/public/cm-super/sfti1000.pfb><
/usr/share/texmf/fonts/type1/public/cm-super/sftt0800.pfb></usr/share/texmf/fon
ts/type1/public/cm-super/sftt1000.pfb></usr/share/texmf/fonts/type1/public/cm-s
uper/sfxc0800.pfb>
Output written on build_r10recur/r10recur-probe.pdf (25 pages, 1166565 bytes).
Transcript written on build_r10recur/r10recur-probe.log.
