This is pdfTeX, Version 3.141592653-2.6-1.40.22 (TeX Live 2022/dev/Debian) (preloaded format=pdflatex)
 restricted \write18 enabled.
entering extended mode
(./_r10recur_sec.tex
LaTeX2e <2021-11-15> patch level 1
L3 programming layer <2022-01-21> (./openjournal.cls
Document Class: openjournal 
(/usr/share/texlive/texmf-dist/tex/latex/revtex4-1/revtex4-1.cls
Document Class: revtex4-1 2020/09/30 4.1s (http://publish.aps.org/revtex4/ for 
documentation)
ltxutil[2020/09/30 4.1s utilities package (portions licensed from W. E. Baxter 
web at superscript.com)]
ltxfront[2020/09/30 4.1s frontmatter package (AO,DPC)]
ltxgrid[2020/09/30 4.1s page grid package (portions licensed from W. E. Baxter 
web at superscript.com)]
(/usr/share/texlive/texmf-dist/tex/latex/revtex4-1/aps4-1.rtx)
(/usr/share/texlive/texmf-dist/tex/latex/revtex4-1/aps10pt4-1.rtx)
(/usr/share/texlive/texmf-dist/tex/latex/textcase/textcase.sty)
(/usr/share/texlive/texmf-dist/tex/latex/url/url.sty)
(/usr/share/texlive/texmf-dist/tex/latex/natbib/natbib.sty)
(/usr/share/texlive/texmf-dist/tex/latex/revtex4-1/revsymb4-1.sty))
(/usr/share/texlive/texmf-dist/tex/latex/base/latexsym.sty)
(/usr/share/texlive/texmf-dist/tex/latex/graphics/graphicx.sty
(/usr/share/texlive/texmf-dist/tex/latex/graphics/keyval.sty)
(/usr/share/texlive/texmf-dist/tex/latex/graphics/graphics.sty
(/usr/share/texlive/texmf-dist/tex/latex/graphics/trig.sty)
(/usr/share/texlive/texmf-dist/tex/latex/graphics-cfg/graphics.cfg)
(/usr/share/texlive/texmf-dist/tex/latex/graphics-def/pdftex.def)))
(/usr/share/texlive/texmf-dist/tex/latex/amsfonts/amssymb.sty
(/usr/share/texlive/texmf-dist/tex/latex/amsfonts/amsfonts.sty))
(/usr/share/texlive/texmf-dist/tex/latex/tools/longtable.sty) (./epsf.sty
This is `epsf.tex' v2.7.3 <23 July 2005>
)) (/usr/share/texlive/texmf-dist/tex/latex/base/fontenc.sty)
(/usr/share/texlive/texmf-dist/tex/latex/amsmath/amsmath.sty
For additional information on amsmath, use the `?' option.
(/usr/share/texlive/texmf-dist/tex/latex/amsmath/amstext.sty
(/usr/share/texlive/texmf-dist/tex/latex/amsmath/amsgen.sty))
(/usr/share/texlive/texmf-dist/tex/latex/amsmath/amsbsy.sty)
(/usr/share/texlive/texmf-dist/tex/latex/amsmath/amsopn.sty))
(/usr/share/texlive/texmf-dist/tex/latex/hyperref/hyperref.sty
(/usr/share/texlive/texmf-dist/tex/generic/ltxcmds/ltxcmds.sty)
(/usr/share/texlive/texmf-dist/tex/generic/iftex/iftex.sty)
(/usr/share/texlive/texmf-dist/tex/generic/pdftexcmds/pdftexcmds.sty
(/usr/share/texlive/texmf-dist/tex/generic/infwarerr/infwarerr.sty))
(/usr/share/texlive/texmf-dist/tex/generic/kvsetkeys/kvsetkeys.sty)
(/usr/share/texlive/texmf-dist/tex/generic/kvdefinekeys/kvdefinekeys.sty)
(/usr/share/texlive/texmf-dist/tex/generic/pdfescape/pdfescape.sty)
(/usr/share/texlive/texmf-dist/tex/latex/hycolor/hycolor.sty)
(/usr/share/texlive/texmf-dist/tex/latex/letltxmacro/letltxmacro.sty)
(/usr/share/texlive/texmf-dist/tex/latex/auxhook/auxhook.sty)
(/usr/share/texlive/texmf-dist/tex/latex/kvoptions/kvoptions.sty)
(/usr/share/texlive/texmf-dist/tex/latex/hyperref/pd1enc.def)
(/usr/share/texlive/texmf-dist/tex/latex/hyperref/hyperref-langpatches.def)
(/usr/share/texlive/texmf-dist/tex/generic/intcalc/intcalc.sty)
(/usr/share/texlive/texmf-dist/tex/generic/etexcmds/etexcmds.sty)
(/usr/share/texlive/texmf-dist/tex/latex/hyperref/puenc.def)
(/usr/share/texlive/texmf-dist/tex/generic/bitset/bitset.sty
(/usr/share/texlive/texmf-dist/tex/generic/bigintcalc/bigintcalc.sty))
(/usr/share/texlive/texmf-dist/tex/latex/base/atbegshi-ltx.sty))
(/usr/share/texlive/texmf-dist/tex/latex/hyperref/hpdftex.def
(/usr/share/texlive/texmf-dist/tex/latex/base/atveryend-ltx.sty)
(/usr/share/texlive/texmf-dist/tex/latex/rerunfilecheck/rerunfilecheck.sty
(/usr/share/texlive/texmf-dist/tex/generic/uniquecounter/uniquecounter.sty)))
(/usr/share/texlive/texmf-dist/tex/latex/tools/array.sty)
(/usr/share/texlive/texmf-dist/tex/latex/booktabs/booktabs.sty)
(./survey_numbers.tex) (./survey_numbers_round8.tex)
(./survey_numbers_round9.tex) (./survey_numbers_round10.tex)
(./survey_numbers_round11.tex) (./survey_numbers_round12.tex)
(./survey_numbers_round13.tex) (./survey_numbers_pointing.tex)
(./survey_numbers_round15.tex) (./survey_numbers_round16.tex)
(./survey_numbers_round17.tex) (./survey_numbers_recurrence.tex)
(./survey_numbers_round14.tex) (./survey_numbers_localnull.tex)
(./survey_numbers_round18.tex) (./survey_numbers_round19.tex)
(./survey_numbers_round20.tex) (./survey_numbers_round21.tex)
(./survey_numbers_round22.tex) (./survey_numbers_round23.tex)
(./survey_numbers_round24.tex) (./survey_numbers_round25.tex)
(./survey_numbers_round26.tex) (./survey_numbers_hd23484.tex)
(./survey_numbers_bpicctrl.tex) (./survey_numbers_round27.tex)
(./survey_numbers_round28.tex) (./survey_numbers_round29.tex)
(./survey_numbers_round30.tex) (./survey_numbers_round31.tex)
(./survey_numbers_round32.tex) (./survey_numbers_round33.tex)
(./survey_numbers_round34.tex) (./survey_numbers_round35.tex)
(./survey_numbers_round36.tex) (./survey_numbers_round37.tex)
(./survey_numbers_round38.tex) (./survey_numbers_round39.tex)
(./survey_numbers_round40.tex) (./survey_numbers_round41.tex)
(./survey_numbers_round42.tex) (./survey_numbers_round43.tex)
(./survey_numbers_round44.tex) (./survey_numbers_round45.tex)
(./survey_numbers_round46.tex) (./survey_numbers_round47.tex)
(./survey_numbers_round48.tex) (./survey_numbers_round49.tex)
(./survey_numbers_round50.tex) (./survey_numbers_round51.tex)
(./survey_numbers_round52.tex) (./survey_numbers_round53.tex)
(./survey_numbers_round54.tex) (./survey_numbers_round55.tex)
(./survey_numbers_round56.tex) (./survey_numbers_round57.tex)
(./survey_numbers_round58.tex) (./survey_numbers_round59.tex)
(./survey_numbers_round60.tex) (./survey_numbers_round61.tex)
(./survey_numbers_round62.tex) (./survey_numbers_round63.tex)
(./survey_numbers_round64.tex) (./survey_numbers_round75.tex)
(./survey_numbers_round80.tex) (./survey_numbers_round81.tex)
(./ledger_legend_v403.tex) (./survey_numbers_round77.tex)
(./survey_numbers_round78.tex) (./survey_numbers_round79.tex)
(./survey_numbers_round66.tex) (./survey_numbers_round67.tex)
(./survey_numbers_round68.tex) (./survey_numbers_round69.tex)
(./survey_numbers_round70.tex) (./survey_numbers_round71.tex)
(./survey_numbers_round73.tex) (./survey_numbers_round74.tex)
(./peff_range_v372.tex) (./survey_numbers_round82.tex)
(./survey_numbers_round83.tex) (./survey_numbers_round84.tex)
(./survey_numbers_round85.tex) (./survey_numbers_round86.tex)
(./survey_numbers_round87.tex) (./survey_numbers_round88.tex)
(./survey_numbers_round89.tex) (./survey_numbers_round90.tex)
(./survey_numbers_round91.tex) (./survey_numbers_round92.tex)
(./survey_numbers_round93.tex) (./survey_numbers_round94.tex)
(./survey_numbers_round95.tex) (./survey_numbers_round96.tex)
(./survey_numbers_round97.tex) (./survey_numbers_round98.tex)
(./survey_numbers_round99.tex) (./survey_numbers_round100.tex)
(./survey_numbers_round101.tex) (./survey_numbers_round102.tex)
(./regen_count.tex) (./survey_numbers_round104.tex)
(./survey_numbers_round65.tex) (./survey_numbers_round72.tex)
(./survey_numbers_round105.tex) (./survey_numbers_round120.tex)
(./survey_numbers_round103.tex)
(/usr/share/texlive/texmf-dist/tex/latex/enumitem/enumitem.sty)
(/usr/share/texlive/texmf-dist/tex/latex/l3backend/l3backend-pdftex.def)
(build_r10recur/r10recur-sec.aux)
(/usr/share/texlive/texmf-dist/tex/context/base/mkii/supp-pdf.mkii
[Loading MPS to PDF converter (version 2006.09.02).]
) (/usr/share/texlive/texmf-dist/tex/latex/epstopdf-pkg/epstopdf-base.sty
(/usr/share/texlive/texmf-dist/tex/latex/latexconfig/epstopdf-sys.cfg))
(/usr/share/texlive/texmf-dist/tex/latex/hyperref/nameref.sty
(/usr/share/texlive/texmf-dist/tex/latex/refcount/refcount.sty)
(/usr/share/texlive/texmf-dist/tex/generic/gettitlestring/gettitlestring.sty))
(build_r10recur/r10recur-sec.out) (build_r10recur/r10recur-sec.out)
(./sections/05_results.tex
(/usr/share/texlive/texmf-dist/tex/latex/base/ulasy.fd)
(/usr/share/texlive/texmf-dist/tex/latex/amsfonts/umsa.fd)
(/usr/share/texlive/texmf-dist/tex/latex/amsfonts/umsb.fd)

Class revtex4-1 Warning: No title.


LaTeX Warning: Reference `sec:discussion' on page 1 undefined on input line 50.


(/usr/share/texlive/texmf-dist/tex/latex/base/t1cmtt.fd) (./tab_budget.tex)
[1{/var/lib/texmf/fonts/map/pdftex/updmap/pdftex.map}]

Package natbib Warning: Citation `Enriquez2017' on page 2 undefined on input li
ne 146.


Package natbib Warning: Citation `Price2020' on page 2 undefined on input line 
146.


Package natbib Warning: Citation `Margot2023' on page 2 undefined on input line
 147.

[2 <./figures/sens_strata.pdf> <./figures/classa_sensitivity.pdf>]
(./tab_ledgersum.tex)

LaTeX Warning: Reference `tab:maskrobust' on page 3 undefined on input line 191
.

! Undefined control sequence.
l.193 $\pm\FrLadderLo
                     $ to $\pm\FrLadderHi$\,km\,s$^{-1}$: the number outranking

! Undefined control sequence.
l.193 $\pm\FrLadderLo$ to $\pm\FrLadderHi
                                         $\,km\,s$^{-1}$: the number outranking


Package natbib Warning: Citation `MacGregor2020' on page 3 undefined on input l
ine 245.


Package hyperref Warning: Token not allowed in a PDF string (Unicode):
(hyperref)                removing `math shift' on input line 252.


Package hyperref Warning: Token not allowed in a PDF string (Unicode):
(hyperref)                removing `\beta' on input line 252.


Package hyperref Warning: Token not allowed in a PDF string (Unicode):
(hyperref)                removing `math shift' on input line 252.


Package natbib Warning: Citation `Dent2014' on page 3 undefined on input line 2
66.


Package natbib Warning: Citation `Matra2017' on page 3 undefined on input line 
266.


Package natbib Warning: Citation `Cataldi2023' on page 3 undefined on input lin
e 330.

[3]

LaTeX Warning: A float is stuck (cannot be placed) on input line 335.


LaTeX Warning: A float is stuck (cannot be placed) on input line 335.


Class revtex4-1 Warning: Deferred float stuck during \clearpage processing.

! Undefined control sequence.
l.340 ...e mask that removes them costs \FrMaskPct
                                                  {} per
! Undefined control sequence.
l.341 ... the unique-frequency union over \FrNSpec
                                                  {} species, and it is

LaTeX Warning: Reference `app:linemask' on page 4 undefined on input line 344.


LaTeX Warning: Reference `sec:coverage' on page 4 undefined on input line 416.

[4 <./figures/bpic_control.pdf>] (./tab_recurcand_v411.tex)
(./tab_visfit_v411.tex)
Overfull \hbox (17.56038pt too wide) in paragraph at lines 2--470
 []$[]$ 
(./tab_ledger.tex))
No file r10recur-sec.bbl.

Package natbib Warning: There were undefined citations.

[5] [6] [7 <./figures/chain_v411.pdf>] (build_r10recur/r10recur-sec.aux)

LaTeX Warning: There were undefined references.

 )
(see the transcript file for additional information){/usr/share/texmf/fonts/enc
/dvips/cm-super/cm-super-t1.enc}</usr/share/texlive/texmf-dist/fonts/type1/publ
ic/amsfonts/cm/cmmi10.pfb></usr/share/texlive/texmf-dist/fonts/type1/public/ams
fonts/cm/cmmi5.pfb></usr/share/texlive/texmf-dist/fonts/type1/public/amsfonts/c
m/cmmi6.pfb></usr/share/texlive/texmf-dist/fonts/type1/public/amsfonts/cm/cmmi7
.pfb></usr/share/texlive/texmf-dist/fonts/type1/public/amsfonts/cm/cmmi8.pfb></
usr/share/texlive/texmf-dist/fonts/type1/public/amsfonts/cm/cmr10.pfb></usr/sha
re/texlive/texmf-dist/fonts/type1/public/amsfonts/cm/cmr5.pfb></usr/share/texli
ve/texmf-dist/fonts/type1/public/amsfonts/cm/cmr6.pfb></usr/share/texlive/texmf
-dist/fonts/type1/public/amsfonts/cm/cmr7.pfb></usr/share/texlive/texmf-dist/fo
nts/type1/public/amsfonts/cm/cmr8.pfb></usr/share/texlive/texmf-dist/fonts/type
1/public/amsfonts/cm/cmsy10.pfb></usr/share/texlive/texmf-dist/fonts/type1/publ
ic/amsfonts/cm/cmsy5.pfb></usr/share/texlive/texmf-dist/fonts/type1/public/amsf
onts/cm/cmsy6.pfb></usr/share/texlive/texmf-dist/fonts/type1/public/amsfonts/cm
/cmsy7.pfb></usr/share/texlive/texmf-dist/fonts/type1/public/amsfonts/cm/cmsy8.
pfb></usr/share/texmf/fonts/type1/public/cm-super/sfbx0800.pfb></usr/share/texm
f/fonts/type1/public/cm-super/sfbx1000.pfb></usr/share/texmf/fonts/type1/public
/cm-super/sfcc0800.pfb></usr/share/texmf/fonts/type1/public/cm-super/sfrm0500.p
fb></usr/share/texmf/fonts/type1/public/cm-super/sfrm0700.pfb></usr/share/texmf
/fonts/type1/public/cm-super/sfrm0800.pfb></usr/share/texmf/fonts/type1/public/
cm-super/sfrm0900.pfb></usr/share/texmf/fonts/type1/public/cm-super/sfrm1000.pf
b></usr/share/texmf/fonts/type1/public/cm-super/sftc0800.pfb></usr/share/texmf/
fonts/type1/public/cm-super/sfti0500.pfb></usr/share/texmf/fonts/type1/public/c
m-super/sfti0800.pfb></usr/share/texmf/fonts/type1/public/cm-super/sfti0900.pfb
></usr/share/texmf/fonts/type1/public/cm-super/sfti1000.pfb></usr/share/texmf/f
onts/type1/public/cm-super/sftt0800.pfb></usr/share/texmf/fonts/type1/public/cm
-super/sftt1000.pfb></usr/share/texmf/fonts/type1/public/cm-super/sfxc0800.pfb>

Output written on build_r10recur/r10recur-sec.pdf (7 pages, 701325 bytes).
Transcript written on build_r10recur/r10recur-sec.log.
