[A002_X107376c_X4442] waterfall (639, 647, 128), 15625.00 kHz channels
[A002_X107376c_X4442] 639 usable integrations, 118 channels after edge trim, 512 usable control probes
[A002_X107376c_X4442] median empirical rms  = 8.753 mJy/beam per 15625.0 kHz channel per integration
[A002_X107376c_X4442] median theoretical rms= 7.784 mJy/beam
[A002_X107376c_X4442] drift max not overridden -- using frequency-scaled default 4115.2 Hz/s at 342.94 GHz
[A002_X107376c_X4442] time span 4414 s -> 6 drift trials at 1770.0 Hz/s spacing
[A002_X107376c_X4442]   drift 1/6 (5 s)
[A002_X107376c_X4442] FAR: star peak 65.286; 0/512 controls >= star -> p=0.001949 (floor 0.001949); region max 65.286 vs matched null -> p=5e-05
[A002_X107376c_X4442] *** candidate hit -- running closure-phase point-source vetting against /data/SETI/targets/HD172555_B7/products/A002_X107376c_X4442_spw0_search.ms ***
[A002_X107376c_X4442] closure-phase vetting result: {'n_triangles': 50, 'mean_closure_phase_deg': 17.483251402156828, 'std_closure_phase_deg': 99.53317472232915, 'z_score': np.float64(1.242050769318113), 'consistent_with_point_source': True}
{
 "eb": "A002_X107376c_X4442",
 "n_int": 639,
 "n_chan": 118,
 "chanwidth_Hz": 15625000.0,
 "freq_lo_GHz": 342.02338288585383,
 "freq_hi_GHz": 343.85150788585383,
 "bandwidth_Hz": 1843750000.0,
 "time_span_s": 4413.7919998168945,
 "on_source_s": 3864.6716051101685,
 "n_drift_trials": 6,
 "drift_step_Hz_s": 1770.0199738284225,
 "drift_max_Hz_s": 4115.249344630246,
 "rms_per_int_mJy": 8.753141403198242,
 "rms_theory_per_int_mJy": 7.783882141113281,
 "rms_combined_mJy": 0.3889628569595516,
 "S_min_Jy": 0.001944834781559181,
 "S_min_measured_Jy": 0.0019448142847977579,
 "primary_beam_offset_arcsec": 0.035741205540354495,
 "primary_beam_fwhm_arcsec": 18.331985807898956,
 "primary_beam_atten": 0.9999894609240758,
 "primary_beam_corrected": true,
 "distance_pc": 28.789014639652546,
 "distance_pc_err": 0.0008288073639221286,
 "EIRP_min_W": 3013472929236416.0,
 "snr_threshold": 5.0,
 "star_peak_snr": 65.28602600097656,
 "star_peak_chan": 60,
 "star_peak_freq_GHz": 342.96088288585383,
 "star_peak_drift_Hz_s": -575.2094116210938,
 "nearest_known_line": "CO(3-2)",
 "nearest_known_line_offset_MHz": -2835.1171141461577,
 "likely_line_contamination": false,
 "n_hits_above_threshold": 3,
 "hit_freqs_GHz": [
  342.94525788585383,
  342.96088288585383,
  342.97650788585383
 ],
 "src_region_peak_snr": 65.28602600097656,
 "control_peak_snr": 4.318301677703857,
 "n_control_ge_star": 0,
 "p_star_empirical": 0.001949317738791423,
 "p_value_floor": 0.001949317738791423,
 "p_region_matched_null": 4.999750012499375e-05,
 "p_region_matched_saturated": true,
 "n_src_positions": 135,
 "control_snr_percentiles_50_90_99_100": [
  2.8389352560043335,
  3.4424954891204838,
  4.12963460445404,
  4.318301677703857
 ],
 "n_control": 512,
 "n_control_dropped": 0,
 "detection": true,
 "credible_technosignature_candidate": true,
 "legacy_src_gt_ctrl_flag": true,
 "runtime_s": 5.5,
 "resolution_class": "coarse (>5 MHz, continuum-mode -- weak technosignature constraint)",
 "alma_band_inferred": 7,
 "closure_phase_vetting": {
  "n_triangles": 50,
  "mean_closure_phase_deg": 17.483251402156828,
  "std_closure_phase_deg": 99.53317472232915,
  "z_score": 1.242050769318113,
  "consistent_with_point_source": true
 }
}
[A002_X107376c_X4442] removed consumed waterfall /data/SETI/injection_e2e/products/A002_X107376c_X4442_inj3_waterfall.npz (0.19 GB reclaimed)
[A002_X107376c_X4442] STEP3 COMPLETE in 22 s
