\BOOKMARK [1][-]{section*.1}{\376\377\000A\000B\000S\000T\000R\000A\000C\000T}{section*.2}% 1
\BOOKMARK [1][-]{section.1}{\376\377\000I\000n\000t\000r\000o\000d\000u\000c\000t\000i\000o\000n}{}% 2
\BOOKMARK [1][-]{section.2}{\376\377\000B\000a\000c\000k\000g\000r\000o\000u\000n\000d}{}% 3
\BOOKMARK [1][-]{section.3}{\376\377\000S\000a\000m\000p\000l\000e\000\040\000s\000e\000l\000e\000c\000t\000i\000o\000n}{}% 4
\BOOKMARK [1][-]{section.4}{\376\377\000D\000a\000t\000a\000\040\000a\000n\000d\000\040\000m\000e\000t\000h\000o\000d\000o\000l\000o\000g\000y}{}% 5
\BOOKMARK [2][-]{subsection.4.1}{\376\377\000F\000i\000n\000a\000l\000\040\000c\000a\000n\000d\000i\000d\000a\000t\000e\000\040\000d\000e\000f\000i\000n\000i\000t\000i\000o\000n\000\040\000a\000n\000d\000\040\000s\000t\000a\000t\000i\000s\000t\000i\000c\000a\000l\000\040\000i\000n\000t\000e\000r\000p\000r\000e\000t\000a\000t\000i\000o\000n}{section.4}% 6
\BOOKMARK [2][-]{subsection.4.2}{\376\377\000A\000n\000c\000i\000l\000l\000a\000r\000y\000\040\000a\000n\000d\000\040\000v\000a\000l\000i\000d\000a\000t\000i\000o\000n\000\040\000a\000n\000a\000l\000y\000s\000e\000s}{section.4}% 7
\BOOKMARK [2][-]{subsection.4.3}{\376\377\000T\000h\000e\000\040\000e\000x\000p\000e\000r\000i\000m\000e\000n\000t\000\040\000i\000n\000\040\000s\000u\000m\000m\000a\000r\000y}{section.4}% 8
\BOOKMARK [1][-]{section.5}{\376\377\000R\000e\000s\000u\000l\000t\000s}{}% 9
\BOOKMARK [2][-]{subsection.5.1}{\376\377\000B\000a\000r\000n\000a\000r\000d\000'\000s\000\040\000S\000t\000a\000r\000\040\000a\000n\000d\000\040\000W\000o\000l\000f\000\040\0003\0005\0009}{section.5}% 10
\BOOKMARK [2][-]{subsection.5.2}{\376\377\000T\000e\000c\000h\000n\000o\000s\000i\000g\000n\000a\000t\000u\000r\000e\000\040\000s\000e\000a\000r\000c\000h}{section.5}% 11
\BOOKMARK [3][-]{subsubsection.5.2.1}{\376\377\000T\000h\000e\000\040\000v\000i\000s\000i\000b\000i\000l\000i\000t\000y\000-\000d\000o\000m\000a\000i\000n\000\040\000l\000o\000c\000a\000l\000i\000s\000a\000t\000i\000o\000n\000\040\000t\000e\000s\000t}{subsection.5.2}% 12
\BOOKMARK [3][-]{subsubsection.5.2.2}{\376\377\000W\000h\000i\000c\000h\000\040\000n\000o\000r\000m\000a\000l\000i\000s\000a\000t\000i\000o\000n\000\040\000i\000s\000\040\000a\000u\000t\000h\000o\000r\000i\000t\000a\000t\000i\000v\000e}{subsection.5.2}% 13
\BOOKMARK [3][-]{subsubsection.5.2.3}{\376\377\000D\000i\000s\000p\000o\000s\000i\000t\000i\000o\000n\000s\000\040\000o\000f\000\040\000t\000h\000e\000\040\000r\000e\000m\000a\000i\000n\000i\000n\000g\000\040\000o\000u\000t\000l\000i\000e\000r\000\040\000w\000i\000n\000d\000o\000w\000s}{subsection.5.2}% 14
\BOOKMARK [3][-]{subsubsection.5.2.4}{\376\377\000L\000i\000n\000e\000\040\000e\000x\000c\000l\000u\000s\000i\000o\000n\000:\000\040\000d\000e\000f\000i\000n\000i\000t\000i\000o\000n\000\040\000a\000n\000d\000\040\000c\000o\000s\000t}{subsection.5.2}% 15
\BOOKMARK [2][-]{subsection.5.3}{\376\377\000W\000h\000a\000t\000\040\000t\000h\000i\000s\000\040\000e\000x\000p\000e\000r\000i\000m\000e\000n\000t\000\040\000e\000x\000c\000l\000u\000d\000e\000s\000,\000\040\000a\000n\000d\000\040\000w\000h\000a\000t\000\040\000i\000t\000\040\000d\000o\000e\000s\000\040\000n\000o\000t}{section.5}% 16
\BOOKMARK [1][-]{section.6}{\376\377\000D\000i\000s\000c\000u\000s\000s\000i\000o\000n}{}% 17
\BOOKMARK [2][-]{subsection.6.1}{\376\377\000W\000h\000a\000t\000\040\000s\000i\000g\000n\000a\000l\000s\000\040\000c\000o\000u\000l\000d\000\040\000A\000L\000M\000A\000\040\000a\000r\000c\000h\000i\000v\000a\000l\000\040\000d\000a\000t\000a\000\040\000a\000c\000t\000u\000a\000l\000l\000y\000\040\000d\000e\000t\000e\000c\000t\000?}{section.6}% 18
\BOOKMARK [2][-]{subsection.6.2}{\376\377\000W\000h\000a\000t\000\040\000d\000o\000e\000s\000\040\000t\000h\000e\000\040\000n\000u\000l\000l\000\040\000r\000e\000s\000u\000l\000t\000\040\000m\000e\000a\000n\000?}{section.6}% 19
\BOOKMARK [2][-]{subsection.6.3}{\376\377\000W\000h\000y\000\040\000n\000o\000\040\000s\000i\000n\000g\000l\000e\000\040\000w\000i\000n\000d\000o\000w\000\040\000i\000n\000\040\000t\000h\000i\000s\000\040\000d\000e\000s\000i\000g\000n\000\040\000c\000a\000n\000\040\000b\000e\000\040\000s\000i\000g\000n\000i\000f\000i\000c\000a\000n\000t}{section.6}% 20
\BOOKMARK [2][-]{subsection.6.4}{\376\377\000T\000h\000e\000\040\000n\000u\000l\000l\000\040\000r\000e\000s\000u\000l\000t\000\040\000h\000a\000s\000\040\000n\000o\000t\000\040\000b\000e\000e\000n\000\040\000c\000h\000e\000c\000k\000e\000d\000\040\000a\000g\000a\000i\000n\000s\000t\000\040\000a\000n\000\040\000i\000n\000d\000e\000p\000e\000n\000d\000e\000n\000t\000\040\000p\000i\000p\000e\000l\000i\000n\000e}{section.6}% 21
\BOOKMARK [2][-]{subsection.6.5}{\376\377\000W\000h\000a\000t\000\040\000t\000h\000i\000s\000\040\000s\000a\000m\000p\000l\000e\000\040\000c\000a\000n\000\040\000a\000n\000d\000\040\000c\000a\000n\000n\000o\000t\000\040\000s\000p\000e\000a\000k\000\040\000f\000o\000r}{section.6}% 22
\BOOKMARK [1][-]{section.7}{\376\377\000C\000o\000n\000c\000l\000u\000s\000i\000o\000n\000s}{}% 23
\BOOKMARK [1][-]{appendix.A}{\376\377\000R\000e\000p\000r\000o\000d\000u\000c\000i\000b\000i\000l\000i\000t\000y\000\040\000a\000n\000d\000\040\000p\000r\000o\000v\000e\000n\000a\000n\000c\000e}{}% 24
\BOOKMARK [2][-]{subsection.A.1}{\376\377\000E\000x\000t\000r\000a\000c\000t\000i\000o\000n\000,\000\040\000c\000o\000n\000t\000r\000o\000l\000\040\000g\000e\000o\000m\000e\000t\000r\000y\000\040\000a\000n\000d\000\040\000p\000o\000s\000i\000t\000i\000o\000n\000-\000c\000o\000r\000r\000e\000l\000a\000t\000e\000d\000\040\000s\000y\000s\000t\000e\000m\000a\000t\000i\000c\000s}{appendix.A}% 25
\BOOKMARK [2][-]{subsection.A.2}{\376\377\000S\000t\000a\000t\000i\000s\000t\000i\000c\000a\000l\000\040\000u\000n\000i\000t\000s\000\040\000a\000n\000d\000\040\000i\000n\000d\000e\000p\000e\000n\000d\000e\000n\000c\000e}{appendix.A}% 26
\BOOKMARK [2][-]{subsection.A.3}{\376\377\000D\000a\000t\000a\000-\000q\000u\000a\000l\000i\000t\000y\000\040\000e\000x\000c\000l\000u\000s\000i\000o\000n\000s\000\040\000a\000n\000d\000\040\000o\000p\000e\000n\000\040\000i\000t\000e\000m\000s}{appendix.A}% 27
\BOOKMARK [3][-]{subsubsection.A.3.1}{\376\377\000C\000P\000-\0007\0002\000\040\0002\0007\0001\0003\000:\000\040\000a\000n\000\040\000u\000n\000c\000o\000n\000f\000i\000r\000m\000e\000d\000\040\000e\000v\000e\000n\000t\000,\000\040\000a\000b\000s\000e\000n\000t\000\040\000i\000n\000\040\000t\000h\000e\000\040\000r\000e\000p\000e\000a\000t\000\040\000b\000l\000o\000c\000k}{subsection.A.3}% 28
\BOOKMARK [2][-]{subsection.A.4}{\376\377\000S\000a\000m\000p\000l\000e\000\040\000b\000o\000o\000k\000k\000e\000e\000p\000i\000n\000g\000:\000\040\000e\000n\000t\000r\000y\000\040\000c\000o\000u\000n\000t\000s\000,\000\040\000c\000o\000v\000e\000r\000a\000g\000e\000\040\000c\000r\000i\000t\000e\000r\000i\000a\000\040\000a\000n\000d\000\040\000p\000o\000i\000n\000t\000e\000d\000\040\000v\000e\000r\000s\000u\000s\000\040\000s\000e\000r\000e\000n\000d\000i\000p\000i\000t\000o\000u\000s}{appendix.A}% 29
\BOOKMARK [1][-]{appendix.B}{\376\377\000T\000h\000e\000\040\000c\000o\000n\000v\000e\000n\000t\000i\000o\000n\000a\000l\000\040\000f\000i\000g\000u\000r\000e\000\040\000o\000f\000\040\000m\000e\000r\000i\000t}{}% 30
\BOOKMARK [1][-]{appendix.C}{\376\377\000T\000h\000e\000\040\000s\000p\000a\000t\000i\000a\000l\000\040\000n\000o\000r\000m\000a\000l\000i\000s\000a\000t\000i\000o\000n\000:\000\040\000e\000v\000i\000d\000e\000n\000c\000e\000\040\000a\000n\000d\000\040\000v\000a\000l\000i\000d\000a\000t\000i\000o\000n}{}% 31
\BOOKMARK [2][-]{subsubsection.C.0.1}{\376\377\000P\000r\000o\000s\000p\000e\000c\000t\000i\000v\000e\000\040\000v\000a\000l\000i\000d\000a\000t\000i\000o\000n\000\040\000o\000f\000\040\000t\000h\000e\000\040\000r\000a\000d\000i\000u\000s\000\040\000c\000o\000r\000r\000e\000c\000t\000i\000o\000n}{appendix.C}% 32
\BOOKMARK [3][-]{subsubsection.C.0.2}{\376\377\000T\000h\000e\000\040\000e\000x\000t\000e\000r\000n\000a\000l\000\040\000c\000a\000l\000i\000b\000r\000a\000t\000i\000o\000n\000\040\000s\000a\000m\000p\000l\000e}{subsubsection.C.0.1}% 33
\BOOKMARK [3][-]{subsubsection.C.0.3}{\376\377\000W\000h\000e\000r\000e\000\040\000t\000h\000e\000\040\000d\000i\000s\000p\000l\000a\000c\000e\000m\000e\000n\000t\000\040\000c\000o\000m\000e\000s\000\040\000f\000r\000o\000m\000:\000\040\000r\000a\000d\000i\000u\000s\000,\000\040\000n\000o\000t\000\040\000s\000t\000a\000r\000s}{subsubsection.C.0.1}% 34
\BOOKMARK [1][-]{appendix.D}{\376\377\000E\000x\000t\000e\000r\000n\000a\000l\000\040\000c\000h\000e\000c\000k\000s\000\040\000a\000n\000d\000\040\000t\000h\000e\000\040\000p\000o\000s\000i\000t\000i\000v\000e\000\040\000c\000o\000n\000t\000r\000o\000l}{}% 35
\BOOKMARK [2][-]{subsubsection.D.0.1}{\376\377\000N\000o\000\040\000i\000n\000d\000e\000p\000e\000n\000d\000e\000n\000t\000\040\000p\000i\000p\000e\000l\000i\000n\000e\000\040\000c\000h\000e\000c\000k}{appendix.D}% 36
\BOOKMARK [3][-]{subsubsection.D.0.2}{\376\377\000A\000\040\000p\000r\000o\000s\000p\000e\000c\000t\000i\000v\000e\000\040\000e\000p\000o\000c\000h\000\040\000e\000x\000t\000e\000n\000s\000i\000o\000n}{subsubsection.D.0.1}% 37
\BOOKMARK [3][-]{subsubsection.D.0.3}{\376\377\000A\000n\000\040\000a\000s\000t\000r\000o\000p\000h\000y\000s\000i\000c\000a\000l\000\040\000p\000o\000s\000i\000t\000i\000v\000e\000\040\000c\000o\000n\000t\000r\000o\000l\000:\000\040\000\040\000P\000i\000c\000t\000o\000r\000i\000s\000\040\000C\000O}{subsubsection.D.0.1}% 38
\BOOKMARK [1][-]{appendix.E}{\376\377\000N\000o\000t\000a\000t\000i\000o\000n}{}% 39
\BOOKMARK [1][-]{appendix.F}{\376\377\000F\000r\000e\000q\000u\000e\000n\000c\000y\000\040\000c\000o\000n\000v\000e\000n\000t\000i\000o\000n\000s\000,\000\040\000l\000i\000n\000e\000w\000i\000d\000t\000h\000\040\000r\000e\000a\000d\000i\000n\000g\000,\000\040\000a\000n\000d\000\040\000s\000m\000e\000a\000r\000i\000n\000g}{}% 40
\BOOKMARK [2][-]{subsection.F.1}{\376\377\000F\000r\000e\000q\000u\000e\000n\000c\000y\000\040\000a\000n\000d\000\040\000v\000e\000l\000o\000c\000i\000t\000y\000\040\000r\000e\000f\000e\000r\000e\000n\000c\000e\000\040\000f\000r\000a\000m\000e\000s}{appendix.F}% 41
\BOOKMARK [3][-]{subsubsection.F.1.1}{\376\377\000T\000r\000a\000n\000s\000m\000i\000t\000t\000e\000r\000\040\000p\000o\000w\000e\000r\000\040\000b\000e\000n\000c\000h\000m\000a\000r\000k\000s}{subsection.F.1}% 42
\BOOKMARK [1][-]{appendix.G}{\376\377\000I\000n\000j\000e\000c\000t\000i\000o\000n\000-\000r\000e\000c\000o\000v\000e\000r\000y\000\040\000s\000e\000n\000s\000i\000t\000i\000v\000i\000t\000y\000\040\000v\000a\000l\000i\000d\000a\000t\000i\000o\000n}{}% 43
\BOOKMARK [2][-]{subsection.G.1}{\376\377\000D\000w\000e\000l\000l\000-\000f\000r\000a\000c\000t\000i\000o\000n\000\040\000c\000o\000m\000p\000l\000e\000t\000e\000n\000e\000s\000s}{appendix.G}% 44
\BOOKMARK [2][-]{subsection.G.2}{\376\377\000A\000m\000p\000l\000i\000t\000u\000d\000e\000\040\000c\000o\000m\000p\000l\000e\000t\000e\000n\000e\000s\000s\000\040\000f\000r\000o\000m\000\040\000v\000i\000s\000i\000b\000i\000l\000i\000t\000y\000-\000d\000o\000m\000a\000i\000n\000\040\000i\000n\000j\000e\000c\000t\000i\000o\000n\000s}{appendix.G}% 45
\BOOKMARK [2][-]{subsection.G.3}{\376\377\000D\000w\000e\000l\000l\000\040\000c\000a\000m\000p\000a\000i\000g\000n\000:\000\040\000e\000n\000d\000-\000t\000o\000-\000e\000n\000d\000\040\000c\000h\000e\000c\000k\000,\000\040\000s\000c\000o\000p\000e\000\040\000a\000n\000d\000\040\000r\000e\000p\000r\000e\000s\000e\000n\000t\000a\000t\000i\000v\000e\000n\000e\000s\000s}{appendix.G}% 46
\BOOKMARK [1][-]{appendix.H}{\376\377\000P\000e\000r\000-\000t\000a\000r\000g\000e\000t\000\040\000r\000e\000s\000u\000l\000t\000s}{}% 47
\BOOKMARK [1][-]{appendix.I}{\376\377\000T\000h\000e\000\040\000v\000e\000l\000o\000c\000i\000t\000y\000-\000s\000p\000a\000c\000e\000\040\000l\000i\000n\000e\000\040\000m\000a\000s\000k}{}% 48
\BOOKMARK [1][-]{appendix.J}{\376\377\000T\000h\000e\000\040\000a\000n\000c\000i\000l\000l\000a\000r\000y\000\040\000c\000o\000n\000t\000i\000n\000u\000u\000m\000\040\000l\000a\000n\000e}{}% 49
\BOOKMARK [1][-]{appendix.K}{\376\377\000F\000a\000l\000s\000e\000-\000a\000l\000a\000r\000m\000\040\000a\000c\000c\000o\000u\000n\000t\000i\000n\000g}{}% 50
\BOOKMARK [2][-]{subsection.K.1}{\376\377\000R\000a\000n\000k\000\040\000c\000a\000l\000i\000b\000r\000a\000t\000i\000o\000n\000\040\000a\000n\000d\000\040\000e\000x\000c\000h\000a\000n\000g\000e\000a\000b\000i\000l\000i\000t\000y}{appendix.K}% 51
\BOOKMARK [1][-]{appendix.L}{\376\377\000A\000n\000a\000l\000y\000s\000i\000s\000\040\000p\000r\000o\000v\000e\000n\000a\000n\000c\000e\000\040\000a\000n\000d\000\040\000r\000o\000b\000u\000s\000t\000n\000e\000s\000s\000\040\000c\000h\000e\000c\000k\000s}{}% 52
\BOOKMARK [2][-]{subsection.L.1}{\376\377\000T\000h\000e\000\040\000\040\000P\000i\000c\000t\000o\000r\000i\000s\000\040\000f\000r\000a\000m\000e\000\040\000a\000u\000d\000i\000t}{appendix.L}% 53
\BOOKMARK [3][-]{subsubsection.L.1.1}{\376\377\000T\000h\000e\000\040\000s\000u\000r\000v\000e\000y\000\040\000r\000e\000s\000c\000o\000r\000e\000d\000\040\000u\000n\000d\000e\000r\000\040\000a\000\040\000r\000e\000p\000a\000i\000r\000e\000d\000\040\000s\000c\000r\000e\000e\000n}{subsection.L.1}% 54
\BOOKMARK [3][-]{subsubsection.L.1.2}{\376\377\000N\000o\000i\000s\000e\000\040\000a\000t\000\040\000t\000h\000e\000\040\000s\000t\000e\000l\000l\000a\000r\000\040\000p\000o\000s\000i\000t\000i\000o\000n}{subsection.L.1}% 55
\BOOKMARK [3][-]{subsubsection.L.1.3}{\376\377\000T\000h\000e\000\040\000m\000e\000a\000s\000u\000r\000e\000d\000\040\000f\000a\000l\000s\000e\000-\000a\000l\000a\000r\000m\000\040\000r\000a\000t\000e}{subsection.L.1}% 56
\BOOKMARK [2][-]{subsection.L.2}{\376\377\000A\000u\000d\000i\000t\000\040\000a\000g\000a\000i\000n\000s\000t\000\040\000a\000\040\000r\000e\000g\000i\000o\000n\000-\000m\000a\000x\000i\000m\000u\000m\000\040\000s\000t\000a\000t\000i\000s\000t\000i\000c}{appendix.L}% 57
\BOOKMARK [2][-]{subsection.L.3}{\376\377\000E\000n\000t\000r\000i\000e\000s\000\040\000e\000x\000c\000l\000u\000d\000e\000d\000\040\000f\000r\000o\000m\000\040\000t\000h\000e\000\040\000r\000e\000l\000e\000a\000s\000e\000d\000\040\000c\000a\000t\000a\000l\000o\000g\000u\000e}{appendix.L}% 58
\BOOKMARK [2][-]{subsection.L.4}{\376\377\000V\000a\000l\000i\000d\000a\000t\000i\000o\000n\000\040\000c\000h\000e\000c\000k\000s\000\040\000i\000n\000\040\000d\000e\000t\000a\000i\000l}{appendix.L}% 59
\BOOKMARK [3][-]{subsubsection.L.4.1}{\376\377\000T\000h\000e\000\040\000h\000o\000l\000d\000-\000o\000u\000t\000\040\000r\000e\000s\000e\000r\000v\000a\000t\000i\000o\000n}{subsection.L.4}% 60
\BOOKMARK [3][-]{subsubsection.L.4.2}{\376\377\000T\000h\000e\000\040\000r\000a\000d\000i\000a\000l\000\040\000g\000r\000a\000d\000i\000e\000n\000t}{subsection.L.4}% 61
\BOOKMARK [3][-]{subsubsection.L.4.3}{\376\377\000T\000h\000e\000\040\000l\000i\000n\000e\000\040\000m\000a\000s\000k}{subsection.L.4}% 62
\BOOKMARK [2][-]{subsection.L.5}{\376\377\000A\000d\000d\000i\000t\000i\000o\000n\000a\000l\000\040\000r\000o\000b\000u\000s\000t\000n\000e\000s\000s\000\040\000c\000h\000e\000c\000k\000s}{appendix.L}% 63
\BOOKMARK [1][-]{appendix.M}{\376\377\000R\000e\000c\000o\000m\000m\000e\000n\000d\000a\000t\000i\000o\000n\000s\000\040\000f\000o\000r\000\040\000a\000\040\000n\000e\000x\000t\000-\000g\000e\000n\000e\000r\000a\000t\000i\000o\000n\000\040\000A\000L\000M\000A\000\040\000t\000e\000c\000h\000n\000o\000s\000i\000g\000n\000a\000t\000u\000r\000e\000\040\000s\000e\000a\000r\000c\000h}{}% 64
\BOOKMARK [1][-]{appendix.N}{\376\377\000R\000a\000d\000i\000o\000-\000f\000r\000e\000q\000u\000e\000n\000c\000y\000\040\000i\000n\000t\000e\000r\000f\000e\000r\000e\000n\000c\000e}{}% 65
